2025-10-23 13:28:18 [INFO] YOLO model loaded successfully
2025-10-23 13:28:18 [INFO] Connected to MQTT broker (code=0)
2025-10-23 13:28:18 [INFO] Subscribed to topic: yolo/requests
2025-10-23 13:31:18 [INFO] Received message | req_id=0 | expId=11
2025-10-23 13:31:19 [INFO] Inference done | req_id=0 | duration=0.53s
2025-10-23 13:31:19 [INFO] Sent response to yolo/responses/11 | req_id=0
2025-10-23 13:31:19 [INFO] Received message | req_id=1 | expId=11
2025-10-23 13:31:20 [INFO] Inference done | req_id=1 | duration=0.44s
2025-10-23 13:31:20 [INFO] Sent response to yolo/responses/11 | req_id=1
2025-10-23 13:31:20 [INFO] Received message | req_id=2 | expId=11
2025-10-23 13:31:21 [INFO] Inference done | req_id=2 | duration=0.44s
2025-10-23 13:31:21 [INFO] Sent response to yolo/responses/11 | req_id=2
2025-10-23 13:31:21 [INFO] Received message | req_id=3 | expId=11
2025-10-23 13:31:22 [INFO] Inference done | req_id=3 | duration=0.43s
2025-10-23 13:31:22 [INFO] Sent response to yolo/responses/11 | req_id=3
2025-10-23 13:31:22 [INFO] Received message | req_id=4 | expId=11
2025-10-23 13:31:23 [INFO] Inference done | req_id=4 | duration=0.43s
2025-10-23 13:31:23 [INFO] Sent response to yolo/responses/11 | req_id=4
2025-10-23 13:31:23 [INFO] Received message | req_id=5 | expId=11
2025-10-23 13:31:24 [INFO] Inference done | req_id=5 | duration=0.44s
2025-10-23 13:31:24 [INFO] Sent response to yolo/responses/11 | req_id=5
2025-10-23 13:31:24 [INFO] Received message | req_id=6 | expId=11
2025-10-23 13:31:25 [INFO] Inference done | req_id=6 | duration=0.45s
2025-10-23 13:31:25 [INFO] Sent response to yolo/responses/11 | req_id=6
2025-10-23 13:31:25 [INFO] Received message | req_id=7 | expId=11
2025-10-23 13:31:26 [INFO] Inference done | req_id=7 | duration=0.44s
2025-10-23 13:31:26 [INFO] Sent response to yolo/responses/11 | req_id=7
2025-10-23 13:31:26 [INFO] Received message | req_id=8 | expId=11
2025-10-23 13:31:27 [INFO] Inference done | req_id=8 | duration=0.45s
2025-10-23 13:31:27 [INFO] Sent response to yolo/responses/11 | req_id=8
2025-10-23 13:31:27 [INFO] Received message | req_id=9 | expId=11
2025-10-23 13:31:28 [INFO] Inference done | req_id=9 | duration=0.44s
2025-10-23 13:31:28 [INFO] Sent response to yolo/responses/11 | req_id=9
2025-10-23 13:31:28 [INFO] Received message | req_id=10 | expId=11
2025-10-23 13:31:29 [INFO] Inference done | req_id=10 | duration=0.46s
2025-10-23 13:31:29 [INFO] Sent response to yolo/responses/11 | req_id=10
2025-10-23 13:31:29 [INFO] Received message | req_id=11 | expId=11
2025-10-23 13:31:30 [INFO] Inference done | req_id=11 | duration=0.44s
2025-10-23 13:31:30 [INFO] Sent response to yolo/responses/11 | req_id=11
2025-10-23 13:31:30 [INFO] Received message | req_id=12 | expId=11
2025-10-23 13:31:31 [INFO] Inference done | req_id=12 | duration=0.44s
2025-10-23 13:31:31 [INFO] Sent response to yolo/responses/11 | req_id=12
2025-10-23 13:31:31 [INFO] Received message | req_id=13 | expId=11
2025-10-23 13:31:32 [INFO] Inference done | req_id=13 | duration=0.45s
2025-10-23 13:31:32 [INFO] Sent response to yolo/responses/11 | req_id=13
2025-10-23 13:31:32 [INFO] Received message | req_id=14 | expId=11
2025-10-23 13:31:33 [INFO] Inference done | req_id=14 | duration=0.44s
2025-10-23 13:31:33 [INFO] Sent response to yolo/responses/11 | req_id=14
2025-10-23 13:31:33 [INFO] Received message | req_id=15 | expId=11
2025-10-23 13:31:34 [INFO] Inference done | req_id=15 | duration=0.43s
2025-10-23 13:31:34 [INFO] Sent response to yolo/responses/11 | req_id=15
2025-10-23 13:31:34 [INFO] Received message | req_id=16 | expId=11
2025-10-23 13:31:35 [INFO] Inference done | req_id=16 | duration=0.44s
2025-10-23 13:31:35 [INFO] Sent response to yolo/responses/11 | req_id=16
2025-10-23 13:31:35 [INFO] Received message | req_id=17 | expId=11
2025-10-23 13:31:36 [INFO] Inference done | req_id=17 | duration=0.44s
2025-10-23 13:31:36 [INFO] Sent response to yolo/responses/11 | req_id=17
2025-10-23 13:31:36 [INFO] Received message | req_id=18 | expId=11
2025-10-23 13:31:37 [INFO] Inference done | req_id=18 | duration=0.43s
2025-10-23 13:31:37 [INFO] Sent response to yolo/responses/11 | req_id=18
2025-10-23 13:31:37 [INFO] Received message | req_id=19 | expId=11
2025-10-23 13:31:38 [INFO] Inference done | req_id=19 | duration=0.43s
2025-10-23 13:31:38 [INFO] Sent response to yolo/responses/11 | req_id=19
2025-10-23 13:31:39 [INFO] Received message | req_id=20 | expId=11
2025-10-23 13:31:39 [INFO] Inference done | req_id=20 | duration=0.43s
2025-10-23 13:31:39 [INFO] Sent response to yolo/responses/11 | req_id=20
2025-10-23 13:31:40 [INFO] Received message | req_id=21 | expId=11
2025-10-23 13:31:40 [INFO] Inference done | req_id=21 | duration=0.43s
2025-10-23 13:31:40 [INFO] Sent response to yolo/responses/11 | req_id=21
2025-10-23 13:31:41 [INFO] Received message | req_id=22 | expId=11
2025-10-23 13:31:41 [INFO] Inference done | req_id=22 | duration=0.43s
2025-10-23 13:31:41 [INFO] Sent response to yolo/responses/11 | req_id=22
2025-10-23 13:31:42 [INFO] Received message | req_id=23 | expId=11
2025-10-23 13:31:42 [INFO] Inference done | req_id=23 | duration=0.43s
2025-10-23 13:31:42 [INFO] Sent response to yolo/responses/11 | req_id=23
2025-10-23 13:31:43 [INFO] Received message | req_id=24 | expId=11
2025-10-23 13:31:43 [INFO] Inference done | req_id=24 | duration=0.42s
2025-10-23 13:31:43 [INFO] Sent response to yolo/responses/11 | req_id=24
2025-10-23 13:31:44 [INFO] Received message | req_id=25 | expId=11
2025-10-23 13:31:44 [INFO] Inference done | req_id=25 | duration=0.43s
2025-10-23 13:31:44 [INFO] Sent response to yolo/responses/11 | req_id=25
2025-10-23 13:31:45 [INFO] Received message | req_id=26 | expId=11
2025-10-23 13:31:45 [INFO] Inference done | req_id=26 | duration=0.43s
2025-10-23 13:31:45 [INFO] Sent response to yolo/responses/11 | req_id=26
2025-10-23 13:31:46 [INFO] Received message | req_id=27 | expId=11
2025-10-23 13:31:46 [INFO] Inference done | req_id=27 | duration=0.43s
2025-10-23 13:31:46 [INFO] Sent response to yolo/responses/11 | req_id=27
2025-10-23 13:31:47 [INFO] Received message | req_id=28 | expId=11
2025-10-23 13:31:47 [INFO] Inference done | req_id=28 | duration=0.44s
2025-10-23 13:31:47 [INFO] Sent response to yolo/responses/11 | req_id=28
2025-10-23 13:31:48 [INFO] Received message | req_id=29 | expId=11
2025-10-23 13:31:48 [INFO] Inference done | req_id=29 | duration=0.43s
2025-10-23 13:31:48 [INFO] Sent response to yolo/responses/11 | req_id=29
2025-10-23 13:31:49 [INFO] Received message | req_id=30 | expId=11
2025-10-23 13:31:49 [INFO] Inference done | req_id=30 | duration=0.46s
2025-10-23 13:31:49 [INFO] Sent response to yolo/responses/11 | req_id=30
2025-10-23 13:31:49 [INFO] Received message | req_id=31 | expId=11
2025-10-23 13:31:50 [INFO] Inference done | req_id=31 | duration=0.46s
2025-10-23 13:31:50 [INFO] Sent response to yolo/responses/11 | req_id=31
2025-10-23 13:31:50 [INFO] Received message | req_id=32 | expId=11
2025-10-23 13:31:50 [INFO] Inference done | req_id=32 | duration=0.46s
2025-10-23 13:31:50 [INFO] Sent response to yolo/responses/11 | req_id=32
2025-10-23 13:31:50 [INFO] Received message | req_id=33 | expId=11
2025-10-23 13:31:50 [INFO] Inference done | req_id=33 | duration=0.44s
2025-10-23 13:31:50 [INFO] Sent response to yolo/responses/11 | req_id=33
2025-10-23 13:31:50 [INFO] Received message | req_id=34 | expId=11
2025-10-23 13:31:51 [INFO] Inference done | req_id=34 | duration=0.44s
2025-10-23 13:31:51 [INFO] Sent response to yolo/responses/11 | req_id=34
2025-10-23 13:31:51 [INFO] Received message | req_id=35 | expId=11
2025-10-23 13:31:51 [INFO] Inference done | req_id=35 | duration=0.46s
2025-10-23 13:31:51 [INFO] Sent response to yolo/responses/11 | req_id=35
2025-10-23 13:31:51 [INFO] Received message | req_id=36 | expId=11
2025-10-23 13:31:52 [INFO] Inference done | req_id=36 | duration=0.44s
2025-10-23 13:31:52 [INFO] Sent response to yolo/responses/11 | req_id=36
2025-10-23 13:31:52 [INFO] Received message | req_id=37 | expId=11
2025-10-23 13:31:52 [INFO] Inference done | req_id=37 | duration=0.44s
2025-10-23 13:31:52 [INFO] Sent response to yolo/responses/11 | req_id=37
2025-10-23 13:31:52 [INFO] Received message | req_id=38 | expId=11
2025-10-23 13:31:53 [INFO] Inference done | req_id=38 | duration=0.44s
2025-10-23 13:31:53 [INFO] Sent response to yolo/responses/11 | req_id=38
2025-10-23 13:31:53 [INFO] Received message | req_id=39 | expId=11
2025-10-23 13:31:53 [INFO] Inference done | req_id=39 | duration=0.43s
2025-10-23 13:31:53 [INFO] Sent response to yolo/responses/11 | req_id=39
2025-10-23 13:31:53 [INFO] Received message | req_id=40 | expId=11
2025-10-23 13:31:54 [INFO] Inference done | req_id=40 | duration=0.43s
2025-10-23 13:31:54 [INFO] Sent response to yolo/responses/11 | req_id=40
2025-10-23 13:31:54 [INFO] Received message | req_id=41 | expId=11
2025-10-23 13:31:54 [INFO] Inference done | req_id=41 | duration=0.44s
2025-10-23 13:31:54 [INFO] Sent response to yolo/responses/11 | req_id=41
2025-10-23 13:31:54 [INFO] Received message | req_id=42 | expId=11
2025-10-23 13:31:55 [INFO] Inference done | req_id=42 | duration=0.44s
2025-10-23 13:31:55 [INFO] Sent response to yolo/responses/11 | req_id=42
2025-10-23 13:31:55 [INFO] Received message | req_id=43 | expId=11
2025-10-23 13:31:55 [INFO] Inference done | req_id=43 | duration=0.44s
2025-10-23 13:31:55 [INFO] Sent response to yolo/responses/11 | req_id=43
2025-10-23 13:31:55 [INFO] Received message | req_id=44 | expId=11
2025-10-23 13:31:55 [INFO] Inference done | req_id=44 | duration=0.44s
2025-10-23 13:31:55 [INFO] Sent response to yolo/responses/11 | req_id=44
2025-10-23 13:31:55 [INFO] Received message | req_id=45 | expId=11
2025-10-23 13:31:56 [INFO] Inference done | req_id=45 | duration=0.47s
2025-10-23 13:31:56 [INFO] Sent response to yolo/responses/11 | req_id=45
2025-10-23 13:31:56 [INFO] Received message | req_id=46 | expId=11
2025-10-23 13:31:56 [INFO] Inference done | req_id=46 | duration=0.45s
2025-10-23 13:31:56 [INFO] Sent response to yolo/responses/11 | req_id=46
2025-10-23 13:31:56 [INFO] Received message | req_id=47 | expId=11
2025-10-23 13:31:57 [INFO] Inference done | req_id=47 | duration=0.48s
2025-10-23 13:31:57 [INFO] Sent response to yolo/responses/11 | req_id=47
2025-10-23 13:31:57 [INFO] Received message | req_id=48 | expId=11
2025-10-23 13:31:57 [INFO] Inference done | req_id=48 | duration=0.45s
2025-10-23 13:31:57 [INFO] Sent response to yolo/responses/11 | req_id=48
2025-10-23 13:31:57 [INFO] Received message | req_id=49 | expId=11
2025-10-23 13:31:58 [INFO] Inference done | req_id=49 | duration=0.47s
2025-10-23 13:31:58 [INFO] Sent response to yolo/responses/11 | req_id=49
2025-10-23 13:31:58 [INFO] Received message | req_id=50 | expId=11
2025-10-23 13:31:58 [INFO] Inference done | req_id=50 | duration=0.44s
2025-10-23 13:31:58 [INFO] Sent response to yolo/responses/11 | req_id=50
2025-10-23 13:31:58 [INFO] Received message | req_id=51 | expId=11
2025-10-23 13:31:59 [INFO] Inference done | req_id=51 | duration=0.45s
2025-10-23 13:31:59 [INFO] Sent response to yolo/responses/11 | req_id=51
2025-10-23 13:31:59 [INFO] Received message | req_id=52 | expId=11
2025-10-23 13:31:59 [INFO] Inference done | req_id=52 | duration=0.44s
2025-10-23 13:31:59 [INFO] Sent response to yolo/responses/11 | req_id=52
2025-10-23 13:31:59 [INFO] Received message | req_id=53 | expId=11
2025-10-23 13:32:00 [INFO] Inference done | req_id=53 | duration=0.44s
2025-10-23 13:32:00 [INFO] Sent response to yolo/responses/11 | req_id=53
2025-10-23 13:32:00 [INFO] Received message | req_id=54 | expId=11
2025-10-23 13:32:00 [INFO] Inference done | req_id=54 | duration=0.45s
2025-10-23 13:32:00 [INFO] Sent response to yolo/responses/11 | req_id=54
2025-10-23 13:32:00 [INFO] Received message | req_id=55 | expId=11
2025-10-23 13:32:00 [INFO] Inference done | req_id=55 | duration=0.45s
2025-10-23 13:32:00 [INFO] Sent response to yolo/responses/11 | req_id=55
2025-10-23 13:32:00 [INFO] Received message | req_id=56 | expId=11
2025-10-23 13:32:01 [INFO] Inference done | req_id=56 | duration=0.47s
2025-10-23 13:32:01 [INFO] Sent response to yolo/responses/11 | req_id=56
2025-10-23 13:32:01 [INFO] Received message | req_id=57 | expId=11
2025-10-23 13:32:01 [INFO] Inference done | req_id=57 | duration=0.47s
2025-10-23 13:32:01 [INFO] Sent response to yolo/responses/11 | req_id=57
2025-10-23 13:32:01 [INFO] Received message | req_id=58 | expId=11
2025-10-23 13:32:02 [INFO] Inference done | req_id=58 | duration=0.45s
2025-10-23 13:32:02 [INFO] Sent response to yolo/responses/11 | req_id=58
2025-10-23 13:32:02 [INFO] Received message | req_id=59 | expId=11
2025-10-23 13:32:02 [INFO] Inference done | req_id=59 | duration=0.47s
2025-10-23 13:32:02 [INFO] Sent response to yolo/responses/11 | req_id=59
2025-10-23 13:32:02 [INFO] Received message | req_id=60 | expId=11
2025-10-23 13:32:03 [INFO] Inference done | req_id=60 | duration=0.50s
2025-10-23 13:32:03 [INFO] Sent response to yolo/responses/11 | req_id=60
2025-10-23 13:32:03 [INFO] Received message | req_id=61 | expId=11
2025-10-23 13:32:03 [INFO] Inference done | req_id=61 | duration=0.45s
2025-10-23 13:32:03 [INFO] Sent response to yolo/responses/11 | req_id=61
2025-10-23 13:32:03 [INFO] Received message | req_id=62 | expId=11
2025-10-23 13:32:04 [INFO] Inference done | req_id=62 | duration=0.44s
2025-10-23 13:32:04 [INFO] Sent response to yolo/responses/11 | req_id=62
2025-10-23 13:32:04 [INFO] Received message | req_id=63 | expId=11
2025-10-23 13:32:04 [INFO] Inference done | req_id=63 | duration=0.45s
2025-10-23 13:32:04 [INFO] Sent response to yolo/responses/11 | req_id=63
2025-10-23 13:32:04 [INFO] Received message | req_id=64 | expId=11
2025-10-23 13:32:05 [INFO] Inference done | req_id=64 | duration=0.45s
2025-10-23 13:32:05 [INFO] Sent response to yolo/responses/11 | req_id=64
2025-10-23 13:32:05 [INFO] Received message | req_id=65 | expId=11
2025-10-23 13:32:05 [INFO] Inference done | req_id=65 | duration=0.45s
2025-10-23 13:32:05 [INFO] Sent response to yolo/responses/11 | req_id=65
2025-10-23 13:32:05 [INFO] Received message | req_id=66 | expId=11
2025-10-23 13:32:06 [INFO] Inference done | req_id=66 | duration=0.46s
2025-10-23 13:32:06 [INFO] Sent response to yolo/responses/11 | req_id=66
2025-10-23 13:32:06 [INFO] Received message | req_id=67 | expId=11
2025-10-23 13:32:06 [INFO] Inference done | req_id=67 | duration=0.48s
2025-10-23 13:32:06 [INFO] Sent response to yolo/responses/11 | req_id=67
2025-10-23 13:32:06 [INFO] Received message | req_id=68 | expId=11
2025-10-23 13:32:07 [INFO] Inference done | req_id=68 | duration=0.48s
2025-10-23 13:32:07 [INFO] Sent response to yolo/responses/11 | req_id=68
2025-10-23 13:32:07 [INFO] Received message | req_id=69 | expId=11
2025-10-23 13:32:07 [INFO] Inference done | req_id=69 | duration=0.48s
2025-10-23 13:32:07 [INFO] Sent response to yolo/responses/11 | req_id=69
2025-10-23 13:32:07 [INFO] Received message | req_id=70 | expId=11
2025-10-23 13:32:08 [INFO] Inference done | req_id=70 | duration=0.44s
2025-10-23 13:32:08 [INFO] Sent response to yolo/responses/11 | req_id=70
2025-10-23 13:32:08 [INFO] Received message | req_id=71 | expId=11
2025-10-23 13:32:08 [INFO] Inference done | req_id=71 | duration=0.44s
2025-10-23 13:32:08 [INFO] Sent response to yolo/responses/11 | req_id=71
2025-10-23 13:32:08 [INFO] Received message | req_id=72 | expId=11
2025-10-23 13:32:08 [INFO] Inference done | req_id=72 | duration=0.44s
2025-10-23 13:32:08 [INFO] Sent response to yolo/responses/11 | req_id=72
2025-10-23 13:32:08 [INFO] Received message | req_id=73 | expId=11
2025-10-23 13:32:09 [INFO] Inference done | req_id=73 | duration=0.44s
2025-10-23 13:32:09 [INFO] Sent response to yolo/responses/11 | req_id=73
2025-10-23 13:32:09 [INFO] Received message | req_id=74 | expId=11
2025-10-23 13:32:09 [INFO] Inference done | req_id=74 | duration=0.42s
2025-10-23 13:32:09 [INFO] Sent response to yolo/responses/11 | req_id=74
2025-10-23 13:32:09 [INFO] Received message | req_id=75 | expId=11
2025-10-23 13:32:10 [INFO] Inference done | req_id=75 | duration=0.44s
2025-10-23 13:32:10 [INFO] Sent response to yolo/responses/11 | req_id=75
2025-10-23 13:32:10 [INFO] Received message | req_id=76 | expId=11
2025-10-23 13:32:10 [INFO] Inference done | req_id=76 | duration=0.44s
2025-10-23 13:32:10 [INFO] Sent response to yolo/responses/11 | req_id=76
2025-10-23 13:32:10 [INFO] Received message | req_id=77 | expId=11
2025-10-23 13:32:11 [INFO] Inference done | req_id=77 | duration=0.43s
2025-10-23 13:32:11 [INFO] Sent response to yolo/responses/11 | req_id=77
2025-10-23 13:32:11 [INFO] Received message | req_id=78 | expId=11
2025-10-23 13:32:11 [INFO] Inference done | req_id=78 | duration=0.43s
2025-10-23 13:32:11 [INFO] Sent response to yolo/responses/11 | req_id=78
2025-10-23 13:32:11 [INFO] Received message | req_id=79 | expId=11
2025-10-23 13:32:12 [INFO] Inference done | req_id=79 | duration=0.45s
2025-10-23 13:32:12 [INFO] Sent response to yolo/responses/11 | req_id=79
2025-10-23 13:32:12 [INFO] Received message | req_id=80 | expId=11
2025-10-23 13:32:12 [INFO] Inference done | req_id=80 | duration=0.44s
2025-10-23 13:32:12 [INFO] Sent response to yolo/responses/11 | req_id=80
2025-10-23 13:32:12 [INFO] Received message | req_id=81 | expId=11
2025-10-23 13:32:12 [INFO] Inference done | req_id=81 | duration=0.44s
2025-10-23 13:32:12 [INFO] Sent response to yolo/responses/11 | req_id=81
2025-10-23 13:32:12 [INFO] Received message | req_id=82 | expId=11
2025-10-23 13:32:13 [INFO] Inference done | req_id=82 | duration=0.43s
2025-10-23 13:32:13 [INFO] Sent response to yolo/responses/11 | req_id=82
2025-10-23 13:32:13 [INFO] Received message | req_id=83 | expId=11
2025-10-23 13:32:13 [INFO] Inference done | req_id=83 | duration=0.46s
2025-10-23 13:32:13 [INFO] Sent response to yolo/responses/11 | req_id=83
2025-10-23 13:32:13 [INFO] Received message | req_id=84 | expId=11
2025-10-23 13:32:14 [INFO] Inference done | req_id=84 | duration=0.45s
2025-10-23 13:32:14 [INFO] Sent response to yolo/responses/11 | req_id=84
2025-10-23 13:32:14 [INFO] Received message | req_id=85 | expId=11
2025-10-23 13:32:14 [INFO] Inference done | req_id=85 | duration=0.44s
2025-10-23 13:32:14 [INFO] Sent response to yolo/responses/11 | req_id=85
2025-10-23 13:32:14 [INFO] Received message | req_id=86 | expId=11
2025-10-23 13:32:15 [INFO] Inference done | req_id=86 | duration=0.44s
2025-10-23 13:32:15 [INFO] Sent response to yolo/responses/11 | req_id=86
2025-10-23 13:32:15 [INFO] Received message | req_id=87 | expId=11
2025-10-23 13:32:15 [INFO] Inference done | req_id=87 | duration=0.47s
2025-10-23 13:32:15 [INFO] Sent response to yolo/responses/11 | req_id=87
2025-10-23 13:32:15 [INFO] Received message | req_id=88 | expId=11
2025-10-23 13:32:16 [INFO] Inference done | req_id=88 | duration=0.46s
2025-10-23 13:32:16 [INFO] Sent response to yolo/responses/11 | req_id=88
2025-10-23 13:32:16 [INFO] Received message | req_id=89 | expId=11
2025-10-23 13:32:16 [INFO] Inference done | req_id=89 | duration=0.45s
2025-10-23 13:32:16 [INFO] Sent response to yolo/responses/11 | req_id=89
2025-10-23 13:32:16 [INFO] Received message | req_id=90 | expId=11
2025-10-23 13:32:17 [INFO] Inference done | req_id=90 | duration=0.44s
2025-10-23 13:32:17 [INFO] Sent response to yolo/responses/11 | req_id=90
2025-10-23 13:32:17 [INFO] Received message | req_id=91 | expId=11
2025-10-23 13:32:17 [INFO] Inference done | req_id=91 | duration=0.48s
2025-10-23 13:32:17 [INFO] Sent response to yolo/responses/11 | req_id=91
2025-10-23 13:32:17 [INFO] Received message | req_id=92 | expId=11
2025-10-23 13:32:17 [INFO] Inference done | req_id=92 | duration=0.45s
2025-10-23 13:32:17 [INFO] Sent response to yolo/responses/11 | req_id=92
2025-10-23 13:32:17 [INFO] Received message | req_id=93 | expId=11
2025-10-23 13:32:18 [INFO] Inference done | req_id=93 | duration=0.47s
2025-10-23 13:32:18 [INFO] Sent response to yolo/responses/11 | req_id=93
2025-10-23 13:32:18 [INFO] Received message | req_id=94 | expId=11
2025-10-23 13:32:18 [INFO] Inference done | req_id=94 | duration=0.44s
2025-10-23 13:32:18 [INFO] Sent response to yolo/responses/11 | req_id=94
2025-10-23 13:32:18 [INFO] Received message | req_id=95 | expId=11
2025-10-23 13:32:19 [INFO] Inference done | req_id=95 | duration=0.43s
2025-10-23 13:32:19 [INFO] Sent response to yolo/responses/11 | req_id=95
2025-10-23 13:32:19 [INFO] Received message | req_id=96 | expId=11
2025-10-23 13:32:19 [INFO] Inference done | req_id=96 | duration=0.43s
2025-10-23 13:32:19 [INFO] Sent response to yolo/responses/11 | req_id=96
2025-10-23 13:32:19 [INFO] Received message | req_id=97 | expId=11
2025-10-23 13:32:20 [INFO] Inference done | req_id=97 | duration=0.43s
2025-10-23 13:32:20 [INFO] Sent response to yolo/responses/11 | req_id=97
2025-10-23 13:32:20 [INFO] Received message | req_id=98 | expId=11
2025-10-23 13:32:20 [INFO] Inference done | req_id=98 | duration=0.43s
2025-10-23 13:32:20 [INFO] Sent response to yolo/responses/11 | req_id=98
2025-10-23 13:32:20 [INFO] Received message | req_id=99 | expId=11
2025-10-23 13:32:21 [INFO] Inference done | req_id=99 | duration=0.44s
2025-10-23 13:32:21 [INFO] Sent response to yolo/responses/11 | req_id=99
2025-10-23 13:32:21 [INFO] Received message | req_id=100 | expId=11
2025-10-23 13:32:21 [INFO] Inference done | req_id=100 | duration=0.43s
2025-10-23 13:32:21 [INFO] Sent response to yolo/responses/11 | req_id=100
2025-10-23 13:32:21 [INFO] Received message | req_id=101 | expId=11
2025-10-23 13:32:21 [INFO] Inference done | req_id=101 | duration=0.43s
2025-10-23 13:32:21 [INFO] Sent response to yolo/responses/11 | req_id=101
2025-10-23 13:32:21 [INFO] Received message | req_id=102 | expId=11
2025-10-23 13:32:22 [INFO] Inference done | req_id=102 | duration=0.47s
2025-10-23 13:32:22 [INFO] Sent response to yolo/responses/11 | req_id=102
2025-10-23 13:32:22 [INFO] Received message | req_id=103 | expId=11
2025-10-23 13:32:22 [INFO] Inference done | req_id=103 | duration=0.44s
2025-10-23 13:32:22 [INFO] Sent response to yolo/responses/11 | req_id=103
2025-10-23 13:32:22 [INFO] Received message | req_id=104 | expId=11
2025-10-23 13:32:23 [INFO] Inference done | req_id=104 | duration=0.44s
2025-10-23 13:32:23 [INFO] Sent response to yolo/responses/11 | req_id=104
2025-10-23 13:32:23 [INFO] Received message | req_id=105 | expId=11
2025-10-23 13:32:23 [INFO] Inference done | req_id=105 | duration=0.52s
2025-10-23 13:32:23 [INFO] Sent response to yolo/responses/11 | req_id=105
2025-10-23 13:32:23 [INFO] Received message | req_id=106 | expId=11
2025-10-23 13:32:24 [INFO] Inference done | req_id=106 | duration=0.48s
2025-10-23 13:32:24 [INFO] Sent response to yolo/responses/11 | req_id=106
2025-10-23 13:32:24 [INFO] Received message | req_id=107 | expId=11
2025-10-23 13:32:24 [INFO] Inference done | req_id=107 | duration=0.49s
2025-10-23 13:32:24 [INFO] Sent response to yolo/responses/11 | req_id=107
2025-10-23 13:32:24 [INFO] Received message | req_id=108 | expId=11
2025-10-23 13:32:25 [INFO] Inference done | req_id=108 | duration=0.55s
2025-10-23 13:32:25 [INFO] Sent response to yolo/responses/11 | req_id=108
2025-10-23 13:32:25 [INFO] Received message | req_id=109 | expId=11
2025-10-23 13:32:25 [INFO] Inference done | req_id=109 | duration=0.48s
2025-10-23 13:32:25 [INFO] Sent response to yolo/responses/11 | req_id=109
2025-10-23 13:32:25 [INFO] Received message | req_id=110 | expId=11
2025-10-23 13:32:26 [INFO] Inference done | req_id=110 | duration=0.50s
2025-10-23 13:32:26 [INFO] Sent response to yolo/responses/11 | req_id=110
2025-10-23 13:32:26 [INFO] Received message | req_id=111 | expId=11
2025-10-23 13:32:26 [INFO] Inference done | req_id=111 | duration=0.49s
2025-10-23 13:32:26 [INFO] Sent response to yolo/responses/11 | req_id=111
2025-10-23 13:32:26 [INFO] Received message | req_id=112 | expId=11
2025-10-23 13:32:27 [INFO] Inference done | req_id=112 | duration=0.52s
2025-10-23 13:32:27 [INFO] Sent response to yolo/responses/11 | req_id=112
2025-10-23 13:32:27 [INFO] Received message | req_id=113 | expId=11
2025-10-23 13:32:27 [INFO] Inference done | req_id=113 | duration=0.48s
2025-10-23 13:32:27 [INFO] Sent response to yolo/responses/11 | req_id=113
2025-10-23 13:32:27 [INFO] Received message | req_id=114 | expId=11
2025-10-23 13:32:28 [INFO] Inference done | req_id=114 | duration=0.53s
2025-10-23 13:32:28 [INFO] Sent response to yolo/responses/11 | req_id=114
2025-10-23 13:32:28 [INFO] Received message | req_id=115 | expId=11
2025-10-23 13:32:28 [INFO] Inference done | req_id=115 | duration=0.49s
2025-10-23 13:32:28 [INFO] Sent response to yolo/responses/11 | req_id=115
2025-10-23 13:32:28 [INFO] Received message | req_id=116 | expId=11
2025-10-23 13:32:29 [INFO] Inference done | req_id=116 | duration=0.49s
2025-10-23 13:32:29 [INFO] Sent response to yolo/responses/11 | req_id=116
2025-10-23 13:32:29 [INFO] Received message | req_id=117 | expId=11
2025-10-23 13:32:30 [INFO] Inference done | req_id=117 | duration=0.53s
2025-10-23 13:32:30 [INFO] Sent response to yolo/responses/11 | req_id=117
2025-10-23 13:32:30 [INFO] Received message | req_id=118 | expId=11
2025-10-23 13:32:30 [INFO] Inference done | req_id=118 | duration=0.52s
2025-10-23 13:32:30 [INFO] Sent response to yolo/responses/11 | req_id=118
2025-10-23 13:32:30 [INFO] Received message | req_id=119 | expId=11
2025-10-23 13:32:31 [INFO] Inference done | req_id=119 | duration=0.56s
2025-10-23 13:32:31 [INFO] Sent response to yolo/responses/11 | req_id=119
2025-10-23 13:32:31 [INFO] Received message | req_id=120 | expId=11
2025-10-23 13:32:31 [INFO] Inference done | req_id=120 | duration=0.51s
2025-10-23 13:32:31 [INFO] Sent response to yolo/responses/11 | req_id=120
2025-10-23 13:32:31 [INFO] Received message | req_id=121 | expId=11
2025-10-23 13:32:32 [INFO] Inference done | req_id=121 | duration=0.50s
2025-10-23 13:32:32 [INFO] Sent response to yolo/responses/11 | req_id=121
2025-10-23 13:32:32 [INFO] Received message | req_id=122 | expId=11
2025-10-23 13:32:32 [INFO] Inference done | req_id=122 | duration=0.52s
2025-10-23 13:32:32 [INFO] Sent response to yolo/responses/11 | req_id=122
2025-10-23 13:32:32 [INFO] Received message | req_id=123 | expId=11
2025-10-23 13:32:33 [INFO] Inference done | req_id=123 | duration=0.48s
2025-10-23 13:32:33 [INFO] Sent response to yolo/responses/11 | req_id=123
2025-10-23 13:32:33 [INFO] Received message | req_id=124 | expId=11
2025-10-23 13:32:33 [INFO] Inference done | req_id=124 | duration=0.51s
2025-10-23 13:32:33 [INFO] Sent response to yolo/responses/11 | req_id=124
2025-10-23 13:32:33 [INFO] Received message | req_id=125 | expId=11
2025-10-23 13:32:34 [INFO] Inference done | req_id=125 | duration=0.56s
2025-10-23 13:32:34 [INFO] Sent response to yolo/responses/11 | req_id=125
2025-10-23 13:32:34 [INFO] Received message | req_id=126 | expId=11
2025-10-23 13:32:34 [INFO] Inference done | req_id=126 | duration=0.48s
2025-10-23 13:32:34 [INFO] Sent response to yolo/responses/11 | req_id=126
2025-10-23 13:32:34 [INFO] Received message | req_id=127 | expId=11
2025-10-23 13:32:35 [INFO] Inference done | req_id=127 | duration=0.51s
2025-10-23 13:32:35 [INFO] Sent response to yolo/responses/11 | req_id=127
2025-10-23 13:32:35 [INFO] Received message | req_id=128 | expId=11
2025-10-23 13:32:35 [INFO] Inference done | req_id=128 | duration=0.53s
2025-10-23 13:32:35 [INFO] Sent response to yolo/responses/11 | req_id=128
2025-10-23 13:32:35 [INFO] Received message | req_id=129 | expId=11
2025-10-23 13:32:36 [INFO] Inference done | req_id=129 | duration=0.51s
2025-10-23 13:32:36 [INFO] Sent response to yolo/responses/11 | req_id=129
2025-10-23 13:32:36 [INFO] Received message | req_id=130 | expId=11
2025-10-23 13:32:36 [INFO] Inference done | req_id=130 | duration=0.56s
2025-10-23 13:32:36 [INFO] Sent response to yolo/responses/11 | req_id=130
2025-10-23 13:32:36 [INFO] Received message | req_id=131 | expId=11
2025-10-23 13:32:37 [INFO] Inference done | req_id=131 | duration=0.51s
2025-10-23 13:32:37 [INFO] Sent response to yolo/responses/11 | req_id=131
2025-10-23 13:32:37 [INFO] Received message | req_id=132 | expId=11
2025-10-23 13:32:37 [INFO] Inference done | req_id=132 | duration=0.51s
2025-10-23 13:32:37 [INFO] Sent response to yolo/responses/11 | req_id=132
2025-10-23 13:32:37 [INFO] Received message | req_id=133 | expId=11
2025-10-23 13:32:38 [INFO] Inference done | req_id=133 | duration=0.49s
2025-10-23 13:32:38 [INFO] Sent response to yolo/responses/11 | req_id=133
2025-10-23 13:32:38 [INFO] Received message | req_id=134 | expId=11
2025-10-23 13:32:38 [INFO] Inference done | req_id=134 | duration=0.53s
2025-10-23 13:32:38 [INFO] Sent response to yolo/responses/11 | req_id=134
2025-10-23 13:32:38 [INFO] Received message | req_id=135 | expId=11
2025-10-23 13:32:39 [INFO] Inference done | req_id=135 | duration=0.53s
2025-10-23 13:32:39 [INFO] Sent response to yolo/responses/11 | req_id=135
2025-10-23 13:32:39 [INFO] Received message | req_id=136 | expId=11
2025-10-23 13:32:40 [INFO] Inference done | req_id=136 | duration=0.52s
2025-10-23 13:32:40 [INFO] Sent response to yolo/responses/11 | req_id=136
2025-10-23 13:32:40 [INFO] Received message | req_id=137 | expId=11
2025-10-23 13:32:40 [INFO] Inference done | req_id=137 | duration=0.49s
2025-10-23 13:32:40 [INFO] Sent response to yolo/responses/11 | req_id=137
2025-10-23 13:32:40 [INFO] Received message | req_id=138 | expId=11
2025-10-23 13:32:41 [INFO] Inference done | req_id=138 | duration=0.51s
2025-10-23 13:32:41 [INFO] Sent response to yolo/responses/11 | req_id=138
2025-10-23 13:32:41 [INFO] Received message | req_id=139 | expId=11
2025-10-23 13:32:41 [INFO] Inference done | req_id=139 | duration=0.60s
2025-10-23 13:32:41 [INFO] Sent response to yolo/responses/11 | req_id=139
2025-10-23 13:32:41 [INFO] Received message | req_id=140 | expId=11
2025-10-23 13:32:42 [INFO] Inference done | req_id=140 | duration=0.51s
2025-10-23 13:32:42 [INFO] Sent response to yolo/responses/11 | req_id=140
2025-10-23 13:32:42 [INFO] Received message | req_id=141 | expId=11
2025-10-23 13:32:42 [INFO] Inference done | req_id=141 | duration=0.51s
2025-10-23 13:32:42 [INFO] Sent response to yolo/responses/11 | req_id=141
2025-10-23 13:32:42 [INFO] Received message | req_id=142 | expId=11
2025-10-23 13:32:43 [INFO] Inference done | req_id=142 | duration=0.49s
2025-10-23 13:32:43 [INFO] Sent response to yolo/responses/11 | req_id=142
2025-10-23 13:32:43 [INFO] Received message | req_id=143 | expId=11
2025-10-23 13:32:43 [INFO] Inference done | req_id=143 | duration=0.51s
2025-10-23 13:32:43 [INFO] Sent response to yolo/responses/11 | req_id=143
2025-10-23 13:32:43 [INFO] Received message | req_id=144 | expId=11
2025-10-23 13:32:44 [INFO] Inference done | req_id=144 | duration=0.49s
2025-10-23 13:32:44 [INFO] Sent response to yolo/responses/11 | req_id=144
2025-10-23 13:32:44 [INFO] Received message | req_id=145 | expId=11
2025-10-23 13:32:44 [INFO] Inference done | req_id=145 | duration=0.44s
2025-10-23 13:32:44 [INFO] Sent response to yolo/responses/11 | req_id=145
2025-10-23 13:32:44 [INFO] Received message | req_id=146 | expId=11
2025-10-23 13:32:45 [INFO] Inference done | req_id=146 | duration=0.44s
2025-10-23 13:32:45 [INFO] Sent response to yolo/responses/11 | req_id=146
2025-10-23 13:32:45 [INFO] Received message | req_id=147 | expId=11
2025-10-23 13:32:45 [INFO] Inference done | req_id=147 | duration=0.44s
2025-10-23 13:32:45 [INFO] Sent response to yolo/responses/11 | req_id=147
2025-10-23 13:32:45 [INFO] Received message | req_id=148 | expId=11
2025-10-23 13:32:46 [INFO] Inference done | req_id=148 | duration=0.45s
2025-10-23 13:32:46 [INFO] Sent response to yolo/responses/11 | req_id=148
2025-10-23 13:32:46 [INFO] Received message | req_id=149 | expId=11
2025-10-23 13:32:46 [INFO] Inference done | req_id=149 | duration=0.43s
2025-10-23 13:32:46 [INFO] Sent response to yolo/responses/11 | req_id=149
2025-10-23 13:32:46 [INFO] Received message | req_id=150 | expId=11
2025-10-23 13:32:46 [INFO] Inference done | req_id=150 | duration=0.44s
2025-10-23 13:32:46 [INFO] Sent response to yolo/responses/11 | req_id=150
2025-10-23 13:32:46 [INFO] Received message | req_id=151 | expId=11
2025-10-23 13:32:47 [INFO] Inference done | req_id=151 | duration=0.43s
2025-10-23 13:32:47 [INFO] Sent response to yolo/responses/11 | req_id=151
2025-10-23 13:32:47 [INFO] Received message | req_id=152 | expId=11
2025-10-23 13:32:47 [INFO] Inference done | req_id=152 | duration=0.43s
2025-10-23 13:32:47 [INFO] Sent response to yolo/responses/11 | req_id=152
2025-10-23 13:32:47 [INFO] Received message | req_id=153 | expId=11
2025-10-23 13:32:48 [INFO] Inference done | req_id=153 | duration=0.43s
2025-10-23 13:32:48 [INFO] Sent response to yolo/responses/11 | req_id=153
2025-10-23 13:32:48 [INFO] Received message | req_id=154 | expId=11
2025-10-23 13:32:48 [INFO] Inference done | req_id=154 | duration=0.44s
2025-10-23 13:32:48 [INFO] Sent response to yolo/responses/11 | req_id=154
2025-10-23 13:32:48 [INFO] Received message | req_id=155 | expId=11
2025-10-23 13:32:49 [INFO] Inference done | req_id=155 | duration=0.43s
2025-10-23 13:32:49 [INFO] Sent response to yolo/responses/11 | req_id=155
2025-10-23 13:32:49 [INFO] Received message | req_id=156 | expId=11
2025-10-23 13:32:49 [INFO] Inference done | req_id=156 | duration=0.43s
2025-10-23 13:32:49 [INFO] Sent response to yolo/responses/11 | req_id=156
2025-10-23 13:32:49 [INFO] Received message | req_id=157 | expId=11
2025-10-23 13:32:49 [INFO] Inference done | req_id=157 | duration=0.43s
2025-10-23 13:32:49 [INFO] Sent response to yolo/responses/11 | req_id=157
2025-10-23 13:32:49 [INFO] Received message | req_id=158 | expId=11
2025-10-23 13:32:50 [INFO] Inference done | req_id=158 | duration=0.44s
2025-10-23 13:32:50 [INFO] Sent response to yolo/responses/11 | req_id=158
2025-10-23 13:32:50 [INFO] Received message | req_id=159 | expId=11
2025-10-23 13:32:50 [INFO] Inference done | req_id=159 | duration=0.44s
2025-10-23 13:32:50 [INFO] Sent response to yolo/responses/11 | req_id=159
2025-10-23 13:32:50 [INFO] Received message | req_id=160 | expId=11
2025-10-23 13:32:51 [INFO] Inference done | req_id=160 | duration=0.44s
2025-10-23 13:32:51 [INFO] Sent response to yolo/responses/11 | req_id=160
2025-10-23 13:32:51 [INFO] Received message | req_id=161 | expId=11
2025-10-23 13:32:51 [INFO] Inference done | req_id=161 | duration=0.42s
2025-10-23 13:32:51 [INFO] Sent response to yolo/responses/11 | req_id=161
2025-10-23 13:32:51 [INFO] Received message | req_id=162 | expId=11
2025-10-23 13:32:52 [INFO] Inference done | req_id=162 | duration=0.45s
2025-10-23 13:32:52 [INFO] Sent response to yolo/responses/11 | req_id=162
2025-10-23 13:32:52 [INFO] Received message | req_id=163 | expId=11
2025-10-23 13:32:52 [INFO] Inference done | req_id=163 | duration=0.45s
2025-10-23 13:32:52 [INFO] Sent response to yolo/responses/11 | req_id=163
2025-10-23 13:32:52 [INFO] Received message | req_id=164 | expId=11
2025-10-23 13:32:53 [INFO] Inference done | req_id=164 | duration=0.44s
2025-10-23 13:32:53 [INFO] Sent response to yolo/responses/11 | req_id=164
2025-10-23 13:32:53 [INFO] Received message | req_id=165 | expId=11
2025-10-23 13:32:53 [INFO] Inference done | req_id=165 | duration=0.45s
2025-10-23 13:32:53 [INFO] Sent response to yolo/responses/11 | req_id=165
2025-10-23 13:32:53 [INFO] Received message | req_id=166 | expId=11
2025-10-23 13:32:53 [INFO] Inference done | req_id=166 | duration=0.43s
2025-10-23 13:32:53 [INFO] Sent response to yolo/responses/11 | req_id=166
2025-10-23 13:32:53 [INFO] Received message | req_id=167 | expId=11
2025-10-23 13:32:54 [INFO] Inference done | req_id=167 | duration=0.42s
2025-10-23 13:32:54 [INFO] Sent response to yolo/responses/11 | req_id=167
2025-10-23 13:32:54 [INFO] Received message | req_id=168 | expId=11
2025-10-23 13:32:54 [INFO] Inference done | req_id=168 | duration=0.43s
2025-10-23 13:32:54 [INFO] Sent response to yolo/responses/11 | req_id=168
2025-10-23 13:32:54 [INFO] Received message | req_id=169 | expId=11
2025-10-23 13:32:55 [INFO] Inference done | req_id=169 | duration=0.43s
2025-10-23 13:32:55 [INFO] Sent response to yolo/responses/11 | req_id=169
2025-10-23 13:32:55 [INFO] Received message | req_id=170 | expId=11
2025-10-23 13:32:55 [INFO] Inference done | req_id=170 | duration=0.43s
2025-10-23 13:32:55 [INFO] Sent response to yolo/responses/11 | req_id=170
2025-10-23 13:32:55 [INFO] Received message | req_id=171 | expId=11
2025-10-23 13:32:56 [INFO] Inference done | req_id=171 | duration=0.43s
2025-10-23 13:32:56 [INFO] Sent response to yolo/responses/11 | req_id=171
2025-10-23 13:32:56 [INFO] Received message | req_id=172 | expId=11
2025-10-23 13:32:56 [INFO] Inference done | req_id=172 | duration=0.43s
2025-10-23 13:32:56 [INFO] Sent response to yolo/responses/11 | req_id=172
2025-10-23 13:32:56 [INFO] Received message | req_id=173 | expId=11
2025-10-23 13:32:57 [INFO] Inference done | req_id=173 | duration=0.43s
2025-10-23 13:32:57 [INFO] Sent response to yolo/responses/11 | req_id=173
2025-10-23 13:32:57 [INFO] Received message | req_id=174 | expId=11
2025-10-23 13:32:57 [INFO] Inference done | req_id=174 | duration=0.44s
2025-10-23 13:32:57 [INFO] Sent response to yolo/responses/11 | req_id=174
2025-10-23 13:32:57 [INFO] Received message | req_id=175 | expId=11
2025-10-23 13:32:57 [INFO] Inference done | req_id=175 | duration=0.43s
2025-10-23 13:32:57 [INFO] Sent response to yolo/responses/11 | req_id=175
2025-10-23 13:32:57 [INFO] Received message | req_id=176 | expId=11
2025-10-23 13:32:58 [INFO] Inference done | req_id=176 | duration=0.42s
2025-10-23 13:32:58 [INFO] Sent response to yolo/responses/11 | req_id=176
2025-10-23 13:32:58 [INFO] Received message | req_id=177 | expId=11
2025-10-23 13:32:58 [INFO] Inference done | req_id=177 | duration=0.43s
2025-10-23 13:32:58 [INFO] Sent response to yolo/responses/11 | req_id=177
2025-10-23 13:32:58 [INFO] Received message | req_id=178 | expId=11
2025-10-23 13:32:59 [INFO] Inference done | req_id=178 | duration=0.43s
2025-10-23 13:32:59 [INFO] Sent response to yolo/responses/11 | req_id=178
2025-10-23 13:32:59 [INFO] Received message | req_id=179 | expId=11
2025-10-23 13:32:59 [INFO] Inference done | req_id=179 | duration=0.42s
2025-10-23 13:32:59 [INFO] Sent response to yolo/responses/11 | req_id=179
