2025-11-22 17:45:17 [INFO] YOLO model loaded successfully
2025-11-22 17:45:17 [INFO] Connected to MQTT broker (code=0)
2025-11-22 17:45:17 [INFO] Subscribed to topic: yolo/requests
2025-11-22 17:46:10 [INFO] Received message | req_id=0 | expId=3
2025-11-22 17:46:10 [INFO] Image decoded in 0.0099 seconds
2025-11-22 17:46:11 [INFO] Inference done | req_id=0 | duration=1.10s
2025-11-22 17:46:11 [INFO] Sent response to yolo/responses/3 | req_id=0
2025-11-22 17:46:11 [INFO] Received message | req_id=1 | expId=3
2025-11-22 17:46:11 [INFO] Image decoded in 0.0030 seconds
2025-11-22 17:46:12 [INFO] Inference done | req_id=1 | duration=0.41s
2025-11-22 17:46:12 [INFO] Sent response to yolo/responses/3 | req_id=1
2025-11-22 17:46:12 [INFO] Received message | req_id=2 | expId=3
2025-11-22 17:46:12 [INFO] Image decoded in 0.0020 seconds
2025-11-22 17:46:13 [INFO] Inference done | req_id=2 | duration=0.42s
2025-11-22 17:46:13 [INFO] Sent response to yolo/responses/3 | req_id=2
2025-11-22 17:46:13 [INFO] Received message | req_id=3 | expId=3
2025-11-22 17:46:13 [INFO] Image decoded in 0.0030 seconds
2025-11-22 17:46:14 [INFO] Inference done | req_id=3 | duration=0.41s
2025-11-22 17:46:14 [INFO] Sent response to yolo/responses/3 | req_id=3
2025-11-22 17:46:14 [INFO] Received message | req_id=4 | expId=3
2025-11-22 17:46:14 [INFO] Image decoded in 0.0030 seconds
2025-11-22 17:46:15 [INFO] Inference done | req_id=4 | duration=0.41s
2025-11-22 17:46:15 [INFO] Sent response to yolo/responses/3 | req_id=4
2025-11-22 17:46:15 [INFO] Received message | req_id=5 | expId=3
2025-11-22 17:46:15 [INFO] Image decoded in 0.0030 seconds
2025-11-22 17:46:16 [INFO] Inference done | req_id=5 | duration=0.41s
2025-11-22 17:46:16 [INFO] Sent response to yolo/responses/3 | req_id=5
2025-11-22 17:46:16 [INFO] Received message | req_id=6 | expId=3
2025-11-22 17:46:16 [INFO] Image decoded in 0.0030 seconds
2025-11-22 17:46:17 [INFO] Inference done | req_id=6 | duration=0.41s
2025-11-22 17:46:17 [INFO] Sent response to yolo/responses/3 | req_id=6
2025-11-22 17:46:17 [INFO] Received message | req_id=7 | expId=3
2025-11-22 17:46:17 [INFO] Image decoded in 0.0020 seconds
2025-11-22 17:46:18 [INFO] Inference done | req_id=7 | duration=0.46s
2025-11-22 17:46:18 [INFO] Sent response to yolo/responses/3 | req_id=7
2025-11-22 17:46:18 [INFO] Received message | req_id=8 | expId=3
2025-11-22 17:46:18 [INFO] Image decoded in 0.0020 seconds
2025-11-22 17:46:19 [INFO] Inference done | req_id=8 | duration=0.56s
2025-11-22 17:46:19 [INFO] Sent response to yolo/responses/3 | req_id=8
2025-11-22 17:46:19 [INFO] Received message | req_id=9 | expId=3
2025-11-22 17:46:19 [INFO] Image decoded in 0.0020 seconds
2025-11-22 17:46:20 [INFO] Inference done | req_id=9 | duration=0.53s
2025-11-22 17:46:20 [INFO] Sent response to yolo/responses/3 | req_id=9
2025-11-22 17:46:20 [INFO] Received message | req_id=10 | expId=3
2025-11-22 17:46:20 [INFO] Image decoded in 0.0020 seconds
2025-11-22 17:46:21 [INFO] Inference done | req_id=10 | duration=0.46s
2025-11-22 17:46:21 [INFO] Sent response to yolo/responses/3 | req_id=10
2025-11-22 17:46:22 [INFO] Received message | req_id=11 | expId=3
2025-11-22 17:46:22 [INFO] Image decoded in 0.0020 seconds
2025-11-22 17:46:22 [INFO] Inference done | req_id=11 | duration=0.41s
2025-11-22 17:46:22 [INFO] Sent response to yolo/responses/3 | req_id=11
2025-11-22 17:46:23 [INFO] Received message | req_id=12 | expId=3
2025-11-22 17:46:23 [INFO] Image decoded in 0.0030 seconds
2025-11-22 17:46:23 [INFO] Inference done | req_id=12 | duration=0.41s
2025-11-22 17:46:23 [INFO] Sent response to yolo/responses/3 | req_id=12
2025-11-22 17:46:24 [INFO] Received message | req_id=13 | expId=3
2025-11-22 17:46:24 [INFO] Image decoded in 0.0020 seconds
2025-11-22 17:46:24 [INFO] Inference done | req_id=13 | duration=0.44s
2025-11-22 17:46:24 [INFO] Sent response to yolo/responses/3 | req_id=13
2025-11-22 17:46:25 [INFO] Received message | req_id=14 | expId=3
2025-11-22 17:46:25 [INFO] Image decoded in 0.0030 seconds
2025-11-22 17:46:25 [INFO] Inference done | req_id=14 | duration=0.49s
2025-11-22 17:46:25 [INFO] Sent response to yolo/responses/3 | req_id=14
2025-11-22 17:46:26 [INFO] Received message | req_id=15 | expId=3
2025-11-22 17:46:26 [INFO] Image decoded in 0.0020 seconds
2025-11-22 17:46:26 [INFO] Inference done | req_id=15 | duration=0.47s
2025-11-22 17:46:26 [INFO] Sent response to yolo/responses/3 | req_id=15
2025-11-22 17:46:27 [INFO] Received message | req_id=16 | expId=3
2025-11-22 17:46:27 [INFO] Image decoded in 0.0030 seconds
2025-11-22 17:46:27 [INFO] Inference done | req_id=16 | duration=0.57s
2025-11-22 17:46:27 [INFO] Sent response to yolo/responses/3 | req_id=16
2025-11-22 17:46:28 [INFO] Received message | req_id=17 | expId=3
2025-11-22 17:46:28 [INFO] Image decoded in 0.0020 seconds
2025-11-22 17:46:28 [INFO] Inference done | req_id=17 | duration=0.55s
2025-11-22 17:46:28 [INFO] Sent response to yolo/responses/3 | req_id=17
2025-11-22 17:46:29 [INFO] Received message | req_id=18 | expId=3
2025-11-22 17:46:29 [INFO] Image decoded in 0.0024 seconds
2025-11-22 17:46:29 [INFO] Inference done | req_id=18 | duration=0.52s
2025-11-22 17:46:29 [INFO] Sent response to yolo/responses/3 | req_id=18
2025-11-22 17:46:30 [INFO] Received message | req_id=19 | expId=3
2025-11-22 17:46:30 [INFO] Image decoded in 0.0030 seconds
2025-11-22 17:46:30 [INFO] Inference done | req_id=19 | duration=0.46s
2025-11-22 17:46:30 [INFO] Sent response to yolo/responses/3 | req_id=19
2025-11-22 17:46:31 [INFO] Received message | req_id=20 | expId=3
2025-11-22 17:46:31 [INFO] Image decoded in 0.0030 seconds
2025-11-22 17:46:31 [INFO] Inference done | req_id=20 | duration=0.57s
2025-11-22 17:46:31 [INFO] Sent response to yolo/responses/3 | req_id=20
2025-11-22 17:46:32 [INFO] Received message | req_id=21 | expId=3
2025-11-22 17:46:32 [INFO] Image decoded in 0.0030 seconds
2025-11-22 17:46:32 [INFO] Inference done | req_id=21 | duration=0.41s
2025-11-22 17:46:32 [INFO] Sent response to yolo/responses/3 | req_id=21
2025-11-22 17:46:33 [INFO] Received message | req_id=22 | expId=3
2025-11-22 17:46:33 [INFO] Image decoded in 0.0030 seconds
2025-11-22 17:46:33 [INFO] Inference done | req_id=22 | duration=0.43s
2025-11-22 17:46:33 [INFO] Sent response to yolo/responses/3 | req_id=22
2025-11-22 17:46:34 [INFO] Received message | req_id=23 | expId=3
2025-11-22 17:46:34 [INFO] Image decoded in 0.0030 seconds
2025-11-22 17:46:34 [INFO] Inference done | req_id=23 | duration=0.49s
2025-11-22 17:46:34 [INFO] Sent response to yolo/responses/3 | req_id=23
2025-11-22 17:46:35 [INFO] Received message | req_id=24 | expId=3
2025-11-22 17:46:35 [INFO] Image decoded in 0.0020 seconds
2025-11-22 17:46:35 [INFO] Inference done | req_id=24 | duration=0.46s
2025-11-22 17:46:35 [INFO] Sent response to yolo/responses/3 | req_id=24
2025-11-22 17:46:36 [INFO] Received message | req_id=25 | expId=3
2025-11-22 17:46:36 [INFO] Image decoded in 0.0030 seconds
2025-11-22 17:46:36 [INFO] Inference done | req_id=25 | duration=0.56s
2025-11-22 17:46:36 [INFO] Sent response to yolo/responses/3 | req_id=25
2025-11-22 17:46:37 [INFO] Received message | req_id=26 | expId=3
2025-11-22 17:46:37 [INFO] Image decoded in 0.0020 seconds
2025-11-22 17:46:37 [INFO] Inference done | req_id=26 | duration=0.45s
2025-11-22 17:46:37 [INFO] Sent response to yolo/responses/3 | req_id=26
2025-11-22 17:46:38 [INFO] Received message | req_id=27 | expId=3
2025-11-22 17:46:38 [INFO] Image decoded in 0.0020 seconds
2025-11-22 17:46:38 [INFO] Inference done | req_id=27 | duration=0.55s
2025-11-22 17:46:38 [INFO] Sent response to yolo/responses/3 | req_id=27
2025-11-22 17:46:39 [INFO] Received message | req_id=28 | expId=3
2025-11-22 17:46:39 [INFO] Image decoded in 0.0020 seconds
2025-11-22 17:46:39 [INFO] Inference done | req_id=28 | duration=0.47s
2025-11-22 17:46:39 [INFO] Sent response to yolo/responses/3 | req_id=28
2025-11-22 17:46:40 [INFO] Received message | req_id=29 | expId=3
2025-11-22 17:46:40 [INFO] Image decoded in 0.0020 seconds
2025-11-22 17:46:40 [INFO] Inference done | req_id=29 | duration=0.51s
2025-11-22 17:46:40 [INFO] Sent response to yolo/responses/3 | req_id=29
2025-11-22 17:46:41 [INFO] Received message | req_id=30 | expId=3
2025-11-22 17:46:41 [INFO] Image decoded in 0.0020 seconds
2025-11-22 17:46:42 [INFO] Inference done | req_id=30 | duration=0.55s
2025-11-22 17:46:42 [INFO] Sent response to yolo/responses/3 | req_id=30
2025-11-22 17:46:42 [INFO] Received message | req_id=31 | expId=3
2025-11-22 17:46:42 [INFO] Image decoded in 0.0020 seconds
2025-11-22 17:46:42 [INFO] Inference done | req_id=31 | duration=0.41s
2025-11-22 17:46:42 [INFO] Sent response to yolo/responses/3 | req_id=31
2025-11-22 17:46:43 [INFO] Received message | req_id=32 | expId=3
2025-11-22 17:46:43 [INFO] Image decoded in 0.0020 seconds
2025-11-22 17:46:43 [INFO] Inference done | req_id=32 | duration=0.42s
2025-11-22 17:46:43 [INFO] Sent response to yolo/responses/3 | req_id=32
2025-11-22 17:46:44 [INFO] Received message | req_id=33 | expId=3
2025-11-22 17:46:44 [INFO] Image decoded in 0.0024 seconds
2025-11-22 17:46:44 [INFO] Inference done | req_id=33 | duration=0.47s
2025-11-22 17:46:44 [INFO] Sent response to yolo/responses/3 | req_id=33
2025-11-22 17:46:45 [INFO] Received message | req_id=34 | expId=3
2025-11-22 17:46:45 [INFO] Image decoded in 0.0020 seconds
2025-11-22 17:46:45 [INFO] Inference done | req_id=34 | duration=0.47s
2025-11-22 17:46:45 [INFO] Sent response to yolo/responses/3 | req_id=34
2025-11-22 17:46:46 [INFO] Received message | req_id=35 | expId=3
2025-11-22 17:46:46 [INFO] Image decoded in 0.0020 seconds
2025-11-22 17:46:47 [INFO] Inference done | req_id=35 | duration=0.55s
2025-11-22 17:46:47 [INFO] Sent response to yolo/responses/3 | req_id=35
2025-11-22 17:46:47 [INFO] Received message | req_id=36 | expId=3
2025-11-22 17:46:47 [INFO] Image decoded in 0.0022 seconds
2025-11-22 17:46:48 [INFO] Inference done | req_id=36 | duration=0.55s
2025-11-22 17:46:48 [INFO] Sent response to yolo/responses/3 | req_id=36
2025-11-22 17:46:48 [INFO] Received message | req_id=37 | expId=3
2025-11-22 17:46:48 [INFO] Image decoded in 0.0020 seconds
2025-11-22 17:46:49 [INFO] Inference done | req_id=37 | duration=0.46s
2025-11-22 17:46:49 [INFO] Sent response to yolo/responses/3 | req_id=37
2025-11-22 17:46:49 [INFO] Received message | req_id=38 | expId=3
2025-11-22 17:46:49 [INFO] Image decoded in 0.0020 seconds
2025-11-22 17:46:50 [INFO] Inference done | req_id=38 | duration=0.52s
2025-11-22 17:46:50 [INFO] Sent response to yolo/responses/3 | req_id=38
2025-11-22 17:46:50 [INFO] Received message | req_id=39 | expId=3
2025-11-22 17:46:50 [INFO] Image decoded in 0.0030 seconds
2025-11-22 17:46:51 [INFO] Inference done | req_id=39 | duration=0.55s
2025-11-22 17:46:51 [INFO] Sent response to yolo/responses/3 | req_id=39
2025-11-22 17:46:51 [INFO] Received message | req_id=40 | expId=3
2025-11-22 17:46:51 [INFO] Image decoded in 0.0030 seconds
2025-11-22 17:46:52 [INFO] Inference done | req_id=40 | duration=0.40s
2025-11-22 17:46:52 [INFO] Sent response to yolo/responses/3 | req_id=40
2025-11-22 17:46:52 [INFO] Received message | req_id=41 | expId=3
2025-11-22 17:46:52 [INFO] Image decoded in 0.0020 seconds
2025-11-22 17:46:53 [INFO] Inference done | req_id=41 | duration=0.46s
2025-11-22 17:46:53 [INFO] Sent response to yolo/responses/3 | req_id=41
2025-11-22 17:46:53 [INFO] Received message | req_id=42 | expId=3
2025-11-22 17:46:53 [INFO] Image decoded in 0.0030 seconds
2025-11-22 17:46:54 [INFO] Inference done | req_id=42 | duration=0.47s
2025-11-22 17:46:54 [INFO] Sent response to yolo/responses/3 | req_id=42
2025-11-22 17:46:54 [INFO] Received message | req_id=43 | expId=3
2025-11-22 17:46:54 [INFO] Image decoded in 0.0020 seconds
2025-11-22 17:46:55 [INFO] Inference done | req_id=43 | duration=0.58s
2025-11-22 17:46:55 [INFO] Sent response to yolo/responses/3 | req_id=43
2025-11-22 17:46:55 [INFO] Received message | req_id=44 | expId=3
2025-11-22 17:46:55 [INFO] Image decoded in 0.0020 seconds
2025-11-22 17:46:56 [INFO] Inference done | req_id=44 | duration=0.48s
2025-11-22 17:46:56 [INFO] Sent response to yolo/responses/3 | req_id=44
2025-11-22 17:46:56 [INFO] Received message | req_id=45 | expId=3
2025-11-22 17:46:56 [INFO] Image decoded in 0.0033 seconds
2025-11-22 17:46:57 [INFO] Inference done | req_id=45 | duration=0.47s
2025-11-22 17:46:57 [INFO] Sent response to yolo/responses/3 | req_id=45
2025-11-22 17:46:57 [INFO] Received message | req_id=46 | expId=3
2025-11-22 17:46:57 [INFO] Image decoded in 0.0020 seconds
2025-11-22 17:46:58 [INFO] Inference done | req_id=46 | duration=0.55s
2025-11-22 17:46:58 [INFO] Sent response to yolo/responses/3 | req_id=46
2025-11-22 17:46:58 [INFO] Received message | req_id=47 | expId=3
2025-11-22 17:46:58 [INFO] Image decoded in 0.0021 seconds
2025-11-22 17:46:59 [INFO] Inference done | req_id=47 | duration=0.46s
2025-11-22 17:46:59 [INFO] Sent response to yolo/responses/3 | req_id=47
2025-11-22 17:46:59 [INFO] Received message | req_id=48 | expId=3
2025-11-22 17:46:59 [INFO] Image decoded in 0.0020 seconds
2025-11-22 17:47:00 [INFO] Inference done | req_id=48 | duration=0.60s
2025-11-22 17:47:00 [INFO] Sent response to yolo/responses/3 | req_id=48
2025-11-22 17:47:00 [INFO] Received message | req_id=49 | expId=3
2025-11-22 17:47:00 [INFO] Image decoded in 0.0023 seconds
2025-11-22 17:47:01 [INFO] Inference done | req_id=49 | duration=0.41s
2025-11-22 17:47:01 [INFO] Sent response to yolo/responses/3 | req_id=49
2025-11-22 17:47:01 [INFO] Received message | req_id=50 | expId=3
2025-11-22 17:47:01 [INFO] Image decoded in 0.0030 seconds
2025-11-22 17:47:02 [INFO] Inference done | req_id=50 | duration=0.44s
2025-11-22 17:47:02 [INFO] Sent response to yolo/responses/3 | req_id=50
2025-11-22 17:47:02 [INFO] Received message | req_id=51 | expId=3
2025-11-22 17:47:02 [INFO] Image decoded in 0.0024 seconds
2025-11-22 17:47:03 [INFO] Inference done | req_id=51 | duration=0.44s
2025-11-22 17:47:03 [INFO] Sent response to yolo/responses/3 | req_id=51
2025-11-22 17:47:03 [INFO] Received message | req_id=52 | expId=3
2025-11-22 17:47:03 [INFO] Image decoded in 0.0020 seconds
2025-11-22 17:47:04 [INFO] Inference done | req_id=52 | duration=0.49s
2025-11-22 17:47:04 [INFO] Sent response to yolo/responses/3 | req_id=52
2025-11-22 17:47:04 [INFO] Received message | req_id=53 | expId=3
2025-11-22 17:47:04 [INFO] Image decoded in 0.0030 seconds
2025-11-22 17:47:05 [INFO] Inference done | req_id=53 | duration=0.49s
2025-11-22 17:47:05 [INFO] Sent response to yolo/responses/3 | req_id=53
2025-11-22 17:47:05 [INFO] Received message | req_id=54 | expId=3
2025-11-22 17:47:05 [INFO] Image decoded in 0.0020 seconds
2025-11-22 17:47:06 [INFO] Inference done | req_id=54 | duration=0.56s
2025-11-22 17:47:06 [INFO] Sent response to yolo/responses/3 | req_id=54
2025-11-22 17:47:06 [INFO] Received message | req_id=55 | expId=3
2025-11-22 17:47:06 [INFO] Image decoded in 0.0030 seconds
2025-11-22 17:47:07 [INFO] Inference done | req_id=55 | duration=0.55s
2025-11-22 17:47:07 [INFO] Sent response to yolo/responses/3 | req_id=55
2025-11-22 17:47:07 [INFO] Received message | req_id=56 | expId=3
2025-11-22 17:47:07 [INFO] Image decoded in 0.0030 seconds
2025-11-22 17:47:08 [INFO] Inference done | req_id=56 | duration=0.54s
2025-11-22 17:47:08 [INFO] Sent response to yolo/responses/3 | req_id=56
2025-11-22 17:47:09 [INFO] Received message | req_id=57 | expId=3
2025-11-22 17:47:09 [INFO] Image decoded in 0.0020 seconds
2025-11-22 17:47:09 [INFO] Inference done | req_id=57 | duration=0.46s
2025-11-22 17:47:09 [INFO] Sent response to yolo/responses/3 | req_id=57
2025-11-22 17:47:10 [INFO] Received message | req_id=58 | expId=3
2025-11-22 17:47:10 [INFO] Image decoded in 0.0030 seconds
2025-11-22 17:47:10 [INFO] Inference done | req_id=58 | duration=0.54s
2025-11-22 17:47:10 [INFO] Sent response to yolo/responses/3 | req_id=58
2025-11-22 17:47:11 [INFO] Received message | req_id=59 | expId=3
2025-11-22 17:47:11 [INFO] Image decoded in 0.0020 seconds
2025-11-22 17:47:11 [INFO] Inference done | req_id=59 | duration=0.47s
2025-11-22 17:47:11 [INFO] Sent response to yolo/responses/3 | req_id=59
2025-11-22 17:47:12 [INFO] Received message | req_id=60 | expId=3
2025-11-22 17:47:12 [INFO] Image decoded in 0.0020 seconds
2025-11-22 17:47:12 [INFO] Inference done | req_id=60 | duration=0.54s
2025-11-22 17:47:12 [INFO] Sent response to yolo/responses/3 | req_id=60
2025-11-22 17:47:12 [INFO] Received message | req_id=61 | expId=3
2025-11-22 17:47:12 [INFO] Image decoded in 0.0020 seconds
2025-11-22 17:47:13 [INFO] Inference done | req_id=61 | duration=0.43s
2025-11-22 17:47:13 [INFO] Sent response to yolo/responses/3 | req_id=61
2025-11-22 17:47:13 [INFO] Received message | req_id=62 | expId=3
2025-11-22 17:47:13 [INFO] Image decoded in 0.0020 seconds
2025-11-22 17:47:13 [INFO] Inference done | req_id=62 | duration=0.42s
2025-11-22 17:47:13 [INFO] Sent response to yolo/responses/3 | req_id=62
2025-11-22 17:47:13 [INFO] Received message | req_id=63 | expId=3
2025-11-22 17:47:13 [INFO] Image decoded in 0.0040 seconds
2025-11-22 17:47:13 [INFO] Inference done | req_id=63 | duration=0.41s
2025-11-22 17:47:13 [INFO] Sent response to yolo/responses/3 | req_id=63
2025-11-22 17:47:13 [INFO] Received message | req_id=64 | expId=3
2025-11-22 17:47:13 [INFO] Image decoded in 0.0020 seconds
2025-11-22 17:47:14 [INFO] Inference done | req_id=64 | duration=0.41s
2025-11-22 17:47:14 [INFO] Sent response to yolo/responses/3 | req_id=64
2025-11-22 17:47:14 [INFO] Received message | req_id=65 | expId=3
2025-11-22 17:47:14 [INFO] Image decoded in 0.0030 seconds
2025-11-22 17:47:14 [INFO] Inference done | req_id=65 | duration=0.46s
2025-11-22 17:47:14 [INFO] Sent response to yolo/responses/3 | req_id=65
2025-11-22 17:47:14 [INFO] Received message | req_id=66 | expId=3
2025-11-22 17:47:14 [INFO] Image decoded in 0.0030 seconds
2025-11-22 17:47:15 [INFO] Inference done | req_id=66 | duration=0.47s
2025-11-22 17:47:15 [INFO] Sent response to yolo/responses/3 | req_id=66
2025-11-22 17:47:15 [INFO] Received message | req_id=67 | expId=3
2025-11-22 17:47:15 [INFO] Image decoded in 0.0020 seconds
2025-11-22 17:47:15 [INFO] Inference done | req_id=67 | duration=0.47s
2025-11-22 17:47:15 [INFO] Sent response to yolo/responses/3 | req_id=67
2025-11-22 17:47:15 [INFO] Received message | req_id=68 | expId=3
2025-11-22 17:47:15 [INFO] Image decoded in 0.0030 seconds
2025-11-22 17:47:16 [INFO] Inference done | req_id=68 | duration=0.47s
2025-11-22 17:47:16 [INFO] Sent response to yolo/responses/3 | req_id=68
2025-11-22 17:47:16 [INFO] Received message | req_id=69 | expId=3
2025-11-22 17:47:16 [INFO] Image decoded in 0.0020 seconds
2025-11-22 17:47:16 [INFO] Inference done | req_id=69 | duration=0.48s
2025-11-22 17:47:16 [INFO] Sent response to yolo/responses/3 | req_id=69
2025-11-22 17:47:16 [INFO] Received message | req_id=70 | expId=3
2025-11-22 17:47:16 [INFO] Image decoded in 0.0020 seconds
2025-11-22 17:47:17 [INFO] Inference done | req_id=70 | duration=0.56s
2025-11-22 17:47:17 [INFO] Sent response to yolo/responses/3 | req_id=70
2025-11-22 17:47:17 [INFO] Received message | req_id=71 | expId=3
2025-11-22 17:47:17 [INFO] Image decoded in 0.0030 seconds
2025-11-22 17:47:17 [INFO] Inference done | req_id=71 | duration=0.47s
2025-11-22 17:47:17 [INFO] Sent response to yolo/responses/3 | req_id=71
2025-11-22 17:47:17 [INFO] Received message | req_id=72 | expId=3
2025-11-22 17:47:17 [INFO] Image decoded in 0.0030 seconds
2025-11-22 17:47:18 [INFO] Inference done | req_id=72 | duration=0.48s
2025-11-22 17:47:18 [INFO] Sent response to yolo/responses/3 | req_id=72
2025-11-22 17:47:18 [INFO] Received message | req_id=73 | expId=3
2025-11-22 17:47:18 [INFO] Image decoded in 0.0020 seconds
2025-11-22 17:47:18 [INFO] Inference done | req_id=73 | duration=0.48s
2025-11-22 17:47:18 [INFO] Sent response to yolo/responses/3 | req_id=73
2025-11-22 17:47:18 [INFO] Received message | req_id=74 | expId=3
2025-11-22 17:47:18 [INFO] Image decoded in 0.0020 seconds
2025-11-22 17:47:19 [INFO] Inference done | req_id=74 | duration=0.56s
2025-11-22 17:47:19 [INFO] Sent response to yolo/responses/3 | req_id=74
2025-11-22 17:47:19 [INFO] Received message | req_id=75 | expId=3
2025-11-22 17:47:19 [INFO] Image decoded in 0.0020 seconds
2025-11-22 17:47:19 [INFO] Inference done | req_id=75 | duration=0.46s
2025-11-22 17:47:19 [INFO] Sent response to yolo/responses/3 | req_id=75
2025-11-22 17:47:19 [INFO] Received message | req_id=76 | expId=3
2025-11-22 17:47:19 [INFO] Image decoded in 0.0020 seconds
2025-11-22 17:47:20 [INFO] Inference done | req_id=76 | duration=0.47s
2025-11-22 17:47:20 [INFO] Sent response to yolo/responses/3 | req_id=76
2025-11-22 17:47:20 [INFO] Received message | req_id=77 | expId=3
2025-11-22 17:47:20 [INFO] Image decoded in 0.0020 seconds
2025-11-22 17:47:20 [INFO] Inference done | req_id=77 | duration=0.46s
2025-11-22 17:47:20 [INFO] Sent response to yolo/responses/3 | req_id=77
2025-11-22 17:47:20 [INFO] Received message | req_id=78 | expId=3
2025-11-22 17:47:20 [INFO] Image decoded in 0.0020 seconds
2025-11-22 17:47:21 [INFO] Inference done | req_id=78 | duration=0.47s
2025-11-22 17:47:21 [INFO] Sent response to yolo/responses/3 | req_id=78
2025-11-22 17:47:21 [INFO] Received message | req_id=79 | expId=3
2025-11-22 17:47:21 [INFO] Image decoded in 0.0050 seconds
2025-11-22 17:47:21 [INFO] Inference done | req_id=79 | duration=0.48s
2025-11-22 17:47:21 [INFO] Sent response to yolo/responses/3 | req_id=79
2025-11-22 17:47:21 [INFO] Received message | req_id=80 | expId=3
2025-11-22 17:47:21 [INFO] Image decoded in 0.0030 seconds
2025-11-22 17:47:22 [INFO] Inference done | req_id=80 | duration=0.55s
2025-11-22 17:47:22 [INFO] Sent response to yolo/responses/3 | req_id=80
2025-11-22 17:47:22 [INFO] Received message | req_id=81 | expId=3
2025-11-22 17:47:22 [INFO] Image decoded in 0.0020 seconds
2025-11-22 17:47:22 [INFO] Inference done | req_id=81 | duration=0.41s
2025-11-22 17:47:22 [INFO] Sent response to yolo/responses/3 | req_id=81
2025-11-22 17:47:22 [INFO] Received message | req_id=82 | expId=3
2025-11-22 17:47:22 [INFO] Image decoded in 0.0020 seconds
2025-11-22 17:47:23 [INFO] Inference done | req_id=82 | duration=0.41s
2025-11-22 17:47:23 [INFO] Sent response to yolo/responses/3 | req_id=82
2025-11-22 17:47:23 [INFO] Received message | req_id=83 | expId=3
2025-11-22 17:47:23 [INFO] Image decoded in 0.0024 seconds
2025-11-22 17:47:23 [INFO] Inference done | req_id=83 | duration=0.42s
2025-11-22 17:47:23 [INFO] Sent response to yolo/responses/3 | req_id=83
2025-11-22 17:47:23 [INFO] Received message | req_id=84 | expId=3
2025-11-22 17:47:23 [INFO] Image decoded in 0.0025 seconds
2025-11-22 17:47:23 [INFO] Inference done | req_id=84 | duration=0.44s
2025-11-22 17:47:23 [INFO] Sent response to yolo/responses/3 | req_id=84
2025-11-22 17:47:23 [INFO] Received message | req_id=85 | expId=3
2025-11-22 17:47:23 [INFO] Image decoded in 0.0030 seconds
2025-11-22 17:47:24 [INFO] Inference done | req_id=85 | duration=0.40s
2025-11-22 17:47:24 [INFO] Sent response to yolo/responses/3 | req_id=85
2025-11-22 17:47:24 [INFO] Received message | req_id=86 | expId=3
2025-11-22 17:47:24 [INFO] Image decoded in 0.0030 seconds
2025-11-22 17:47:24 [INFO] Inference done | req_id=86 | duration=0.42s
2025-11-22 17:47:24 [INFO] Sent response to yolo/responses/3 | req_id=86
2025-11-22 17:47:24 [INFO] Received message | req_id=87 | expId=3
2025-11-22 17:47:24 [INFO] Image decoded in 0.0020 seconds
2025-11-22 17:47:25 [INFO] Inference done | req_id=87 | duration=0.43s
2025-11-22 17:47:25 [INFO] Sent response to yolo/responses/3 | req_id=87
2025-11-22 17:47:25 [INFO] Received message | req_id=88 | expId=3
2025-11-22 17:47:25 [INFO] Image decoded in 0.0023 seconds
2025-11-22 17:47:25 [INFO] Inference done | req_id=88 | duration=0.43s
2025-11-22 17:47:25 [INFO] Sent response to yolo/responses/3 | req_id=88
2025-11-22 17:47:25 [INFO] Received message | req_id=89 | expId=3
2025-11-22 17:47:25 [INFO] Image decoded in 0.0030 seconds
2025-11-22 17:47:26 [INFO] Inference done | req_id=89 | duration=0.45s
2025-11-22 17:47:26 [INFO] Sent response to yolo/responses/3 | req_id=89
2025-11-22 17:47:26 [INFO] Received message | req_id=90 | expId=3
2025-11-22 17:47:26 [INFO] Image decoded in 0.0020 seconds
2025-11-22 17:47:26 [INFO] Inference done | req_id=90 | duration=0.46s
2025-11-22 17:47:26 [INFO] Sent response to yolo/responses/3 | req_id=90
2025-11-22 17:47:26 [INFO] Received message | req_id=91 | expId=3
2025-11-22 17:47:26 [INFO] Image decoded in 0.0020 seconds
2025-11-22 17:47:27 [INFO] Inference done | req_id=91 | duration=0.45s
2025-11-22 17:47:27 [INFO] Sent response to yolo/responses/3 | req_id=91
2025-11-22 17:47:27 [INFO] Received message | req_id=92 | expId=3
2025-11-22 17:47:27 [INFO] Image decoded in 0.0030 seconds
2025-11-22 17:47:27 [INFO] Inference done | req_id=92 | duration=0.49s
2025-11-22 17:47:27 [INFO] Sent response to yolo/responses/3 | req_id=92
2025-11-22 17:47:27 [INFO] Received message | req_id=93 | expId=3
2025-11-22 17:47:27 [INFO] Image decoded in 0.0020 seconds
2025-11-22 17:47:28 [INFO] Inference done | req_id=93 | duration=0.47s
2025-11-22 17:47:28 [INFO] Sent response to yolo/responses/3 | req_id=93
2025-11-22 17:47:28 [INFO] Received message | req_id=94 | expId=3
2025-11-22 17:47:28 [INFO] Image decoded in 0.0030 seconds
2025-11-22 17:47:28 [INFO] Inference done | req_id=94 | duration=0.47s
2025-11-22 17:47:28 [INFO] Sent response to yolo/responses/3 | req_id=94
2025-11-22 17:47:28 [INFO] Received message | req_id=95 | expId=3
2025-11-22 17:47:28 [INFO] Image decoded in 0.0030 seconds
2025-11-22 17:47:29 [INFO] Inference done | req_id=95 | duration=0.47s
2025-11-22 17:47:29 [INFO] Sent response to yolo/responses/3 | req_id=95
2025-11-22 17:47:29 [INFO] Received message | req_id=96 | expId=3
2025-11-22 17:47:29 [INFO] Image decoded in 0.0020 seconds
2025-11-22 17:47:29 [INFO] Inference done | req_id=96 | duration=0.47s
2025-11-22 17:47:29 [INFO] Sent response to yolo/responses/3 | req_id=96
2025-11-22 17:47:29 [INFO] Received message | req_id=97 | expId=3
2025-11-22 17:47:29 [INFO] Image decoded in 0.0022 seconds
2025-11-22 17:47:29 [INFO] Inference done | req_id=97 | duration=0.48s
2025-11-22 17:47:29 [INFO] Sent response to yolo/responses/3 | req_id=97
2025-11-22 17:47:29 [INFO] Received message | req_id=98 | expId=3
2025-11-22 17:47:29 [INFO] Image decoded in 0.0020 seconds
2025-11-22 17:47:30 [INFO] Inference done | req_id=98 | duration=0.55s
2025-11-22 17:47:30 [INFO] Sent response to yolo/responses/3 | req_id=98
2025-11-22 17:47:30 [INFO] Received message | req_id=99 | expId=3
2025-11-22 17:47:30 [INFO] Image decoded in 0.0024 seconds
2025-11-22 17:47:31 [INFO] Inference done | req_id=99 | duration=0.47s
2025-11-22 17:47:31 [INFO] Sent response to yolo/responses/3 | req_id=99
2025-11-22 17:47:31 [INFO] Received message | req_id=100 | expId=3
2025-11-22 17:47:31 [INFO] Image decoded in 0.0030 seconds
2025-11-22 17:47:31 [INFO] Inference done | req_id=100 | duration=0.46s
2025-11-22 17:47:31 [INFO] Sent response to yolo/responses/3 | req_id=100
2025-11-22 17:47:31 [INFO] Received message | req_id=101 | expId=3
2025-11-22 17:47:31 [INFO] Image decoded in 0.0020 seconds
2025-11-22 17:47:31 [INFO] Inference done | req_id=101 | duration=0.46s
2025-11-22 17:47:31 [INFO] Sent response to yolo/responses/3 | req_id=101
2025-11-22 17:47:31 [INFO] Received message | req_id=102 | expId=3
2025-11-22 17:47:31 [INFO] Image decoded in 0.0020 seconds
2025-11-22 17:47:32 [INFO] Inference done | req_id=102 | duration=0.47s
2025-11-22 17:47:32 [INFO] Sent response to yolo/responses/3 | req_id=102
2025-11-22 17:47:32 [INFO] Received message | req_id=103 | expId=3
2025-11-22 17:47:32 [INFO] Image decoded in 0.0030 seconds
2025-11-22 17:47:32 [INFO] Inference done | req_id=103 | duration=0.55s
2025-11-22 17:47:32 [INFO] Sent response to yolo/responses/3 | req_id=103
2025-11-22 17:47:32 [INFO] Received message | req_id=104 | expId=3
2025-11-22 17:47:32 [INFO] Image decoded in 0.0030 seconds
2025-11-22 17:47:33 [INFO] Inference done | req_id=104 | duration=0.42s
2025-11-22 17:47:33 [INFO] Sent response to yolo/responses/3 | req_id=104
2025-11-22 17:47:33 [INFO] Received message | req_id=105 | expId=3
2025-11-22 17:47:33 [INFO] Image decoded in 0.0030 seconds
2025-11-22 17:47:33 [INFO] Inference done | req_id=105 | duration=0.41s
2025-11-22 17:47:33 [INFO] Sent response to yolo/responses/3 | req_id=105
2025-11-22 17:47:33 [INFO] Received message | req_id=106 | expId=3
2025-11-22 17:47:33 [INFO] Image decoded in 0.0020 seconds
2025-11-22 17:47:34 [INFO] Inference done | req_id=106 | duration=0.42s
2025-11-22 17:47:34 [INFO] Sent response to yolo/responses/3 | req_id=106
2025-11-22 17:47:34 [INFO] Received message | req_id=107 | expId=3
2025-11-22 17:47:34 [INFO] Image decoded in 0.0023 seconds
2025-11-22 17:47:34 [INFO] Inference done | req_id=107 | duration=0.42s
2025-11-22 17:47:34 [INFO] Sent response to yolo/responses/3 | req_id=107
2025-11-22 17:47:34 [INFO] Received message | req_id=108 | expId=3
2025-11-22 17:47:34 [INFO] Image decoded in 0.0020 seconds
2025-11-22 17:47:35 [INFO] Inference done | req_id=108 | duration=0.47s
2025-11-22 17:47:35 [INFO] Sent response to yolo/responses/3 | req_id=108
2025-11-22 17:47:35 [INFO] Received message | req_id=109 | expId=3
2025-11-22 17:47:35 [INFO] Image decoded in 0.0030 seconds
2025-11-22 17:47:35 [INFO] Inference done | req_id=109 | duration=0.47s
2025-11-22 17:47:35 [INFO] Sent response to yolo/responses/3 | req_id=109
2025-11-22 17:47:35 [INFO] Received message | req_id=110 | expId=3
2025-11-22 17:47:35 [INFO] Image decoded in 0.0020 seconds
2025-11-22 17:47:36 [INFO] Inference done | req_id=110 | duration=0.47s
2025-11-22 17:47:36 [INFO] Sent response to yolo/responses/3 | req_id=110
2025-11-22 17:47:36 [INFO] Received message | req_id=111 | expId=3
2025-11-22 17:47:36 [INFO] Image decoded in 0.0022 seconds
2025-11-22 17:47:36 [INFO] Inference done | req_id=111 | duration=0.49s
2025-11-22 17:47:36 [INFO] Sent response to yolo/responses/3 | req_id=111
2025-11-22 17:47:36 [INFO] Received message | req_id=112 | expId=3
2025-11-22 17:47:36 [INFO] Image decoded in 0.0020 seconds
2025-11-22 17:47:37 [INFO] Inference done | req_id=112 | duration=0.49s
2025-11-22 17:47:37 [INFO] Sent response to yolo/responses/3 | req_id=112
2025-11-22 17:47:37 [INFO] Received message | req_id=113 | expId=3
2025-11-22 17:47:37 [INFO] Image decoded in 0.0025 seconds
2025-11-22 17:47:37 [INFO] Inference done | req_id=113 | duration=0.49s
2025-11-22 17:47:37 [INFO] Sent response to yolo/responses/3 | req_id=113
2025-11-22 17:47:37 [INFO] Received message | req_id=114 | expId=3
2025-11-22 17:47:37 [INFO] Image decoded in 0.0020 seconds
2025-11-22 17:47:38 [INFO] Inference done | req_id=114 | duration=0.44s
2025-11-22 17:47:38 [INFO] Sent response to yolo/responses/3 | req_id=114
2025-11-22 17:47:38 [INFO] Received message | req_id=115 | expId=3
2025-11-22 17:47:38 [INFO] Image decoded in 0.0025 seconds
2025-11-22 17:47:38 [INFO] Inference done | req_id=115 | duration=0.44s
2025-11-22 17:47:38 [INFO] Sent response to yolo/responses/3 | req_id=115
2025-11-22 17:47:38 [INFO] Received message | req_id=116 | expId=3
2025-11-22 17:47:38 [INFO] Image decoded in 0.0020 seconds
2025-11-22 17:47:38 [INFO] Inference done | req_id=116 | duration=0.43s
2025-11-22 17:47:38 [INFO] Sent response to yolo/responses/3 | req_id=116
2025-11-22 17:47:38 [INFO] Received message | req_id=117 | expId=3
2025-11-22 17:47:38 [INFO] Image decoded in 0.0020 seconds
2025-11-22 17:47:39 [INFO] Inference done | req_id=117 | duration=0.44s
2025-11-22 17:47:39 [INFO] Sent response to yolo/responses/3 | req_id=117
2025-11-22 17:47:39 [INFO] Received message | req_id=118 | expId=3
2025-11-22 17:47:39 [INFO] Image decoded in 0.0020 seconds
2025-11-22 17:47:39 [INFO] Inference done | req_id=118 | duration=0.45s
2025-11-22 17:47:39 [INFO] Sent response to yolo/responses/3 | req_id=118
2025-11-22 17:47:39 [INFO] Received message | req_id=119 | expId=3
2025-11-22 17:47:39 [INFO] Image decoded in 0.0033 seconds
2025-11-22 17:47:40 [INFO] Inference done | req_id=119 | duration=0.47s
2025-11-22 17:47:40 [INFO] Sent response to yolo/responses/3 | req_id=119
2025-11-22 17:47:40 [INFO] Received message | req_id=120 | expId=3
2025-11-22 17:47:40 [INFO] Image decoded in 0.0030 seconds
2025-11-22 17:47:40 [INFO] Inference done | req_id=120 | duration=0.45s
2025-11-22 17:47:40 [INFO] Sent response to yolo/responses/3 | req_id=120
2025-11-22 17:47:40 [INFO] Received message | req_id=121 | expId=3
2025-11-22 17:47:40 [INFO] Image decoded in 0.0016 seconds
2025-11-22 17:47:41 [INFO] Inference done | req_id=121 | duration=0.48s
2025-11-22 17:47:41 [INFO] Sent response to yolo/responses/3 | req_id=121
2025-11-22 17:47:41 [INFO] Received message | req_id=122 | expId=3
2025-11-22 17:47:41 [INFO] Image decoded in 0.0030 seconds
2025-11-22 17:47:41 [INFO] Inference done | req_id=122 | duration=0.48s
2025-11-22 17:47:41 [INFO] Sent response to yolo/responses/3 | req_id=122
2025-11-22 17:47:41 [INFO] Received message | req_id=123 | expId=3
2025-11-22 17:47:41 [INFO] Image decoded in 0.0020 seconds
2025-11-22 17:47:42 [INFO] Inference done | req_id=123 | duration=0.47s
2025-11-22 17:47:42 [INFO] Sent response to yolo/responses/3 | req_id=123
2025-11-22 17:47:42 [INFO] Received message | req_id=124 | expId=3
2025-11-22 17:47:42 [INFO] Image decoded in 0.0030 seconds
2025-11-22 17:47:42 [INFO] Inference done | req_id=124 | duration=0.49s
2025-11-22 17:47:42 [INFO] Sent response to yolo/responses/3 | req_id=124
2025-11-22 17:47:42 [INFO] Received message | req_id=125 | expId=3
2025-11-22 17:47:42 [INFO] Image decoded in 0.0020 seconds
2025-11-22 17:47:43 [INFO] Inference done | req_id=125 | duration=0.48s
2025-11-22 17:47:43 [INFO] Sent response to yolo/responses/3 | req_id=125
2025-11-22 17:47:43 [INFO] Received message | req_id=126 | expId=3
2025-11-22 17:47:43 [INFO] Image decoded in 0.0020 seconds
2025-11-22 17:47:43 [INFO] Inference done | req_id=126 | duration=0.48s
2025-11-22 17:47:43 [INFO] Sent response to yolo/responses/3 | req_id=126
2025-11-22 17:47:43 [INFO] Received message | req_id=127 | expId=3
2025-11-22 17:47:43 [INFO] Image decoded in 0.0021 seconds
2025-11-22 17:47:44 [INFO] Inference done | req_id=127 | duration=0.57s
2025-11-22 17:47:44 [INFO] Sent response to yolo/responses/3 | req_id=127
2025-11-22 17:47:44 [INFO] Received message | req_id=128 | expId=3
2025-11-22 17:47:44 [INFO] Image decoded in 0.0020 seconds
2025-11-22 17:47:44 [INFO] Inference done | req_id=128 | duration=0.46s
2025-11-22 17:47:44 [INFO] Sent response to yolo/responses/3 | req_id=128
2025-11-22 17:47:44 [INFO] Received message | req_id=129 | expId=3
2025-11-22 17:47:44 [INFO] Image decoded in 0.0030 seconds
2025-11-22 17:47:45 [INFO] Inference done | req_id=129 | duration=0.46s
2025-11-22 17:47:45 [INFO] Sent response to yolo/responses/3 | req_id=129
2025-11-22 17:47:45 [INFO] Received message | req_id=130 | expId=3
2025-11-22 17:47:45 [INFO] Image decoded in 0.0028 seconds
2025-11-22 17:47:45 [INFO] Inference done | req_id=130 | duration=0.47s
2025-11-22 17:47:45 [INFO] Sent response to yolo/responses/3 | req_id=130
2025-11-22 17:47:45 [INFO] Received message | req_id=131 | expId=3
2025-11-22 17:47:45 [INFO] Image decoded in 0.0030 seconds
2025-11-22 17:47:46 [INFO] Inference done | req_id=131 | duration=0.55s
2025-11-22 17:47:46 [INFO] Sent response to yolo/responses/3 | req_id=131
2025-11-22 17:47:46 [INFO] Received message | req_id=132 | expId=3
2025-11-22 17:47:46 [INFO] Image decoded in 0.0020 seconds
2025-11-22 17:47:46 [INFO] Inference done | req_id=132 | duration=0.42s
2025-11-22 17:47:46 [INFO] Sent response to yolo/responses/3 | req_id=132
2025-11-22 17:47:46 [INFO] Received message | req_id=133 | expId=3
2025-11-22 17:47:46 [INFO] Image decoded in 0.0030 seconds
2025-11-22 17:47:47 [INFO] Inference done | req_id=133 | duration=0.41s
2025-11-22 17:47:47 [INFO] Sent response to yolo/responses/3 | req_id=133
2025-11-22 17:47:47 [INFO] Received message | req_id=134 | expId=3
2025-11-22 17:47:47 [INFO] Image decoded in 0.0030 seconds
2025-11-22 17:47:47 [INFO] Inference done | req_id=134 | duration=0.41s
2025-11-22 17:47:47 [INFO] Sent response to yolo/responses/3 | req_id=134
2025-11-22 17:47:47 [INFO] Received message | req_id=135 | expId=3
2025-11-22 17:47:47 [INFO] Image decoded in 0.0032 seconds
2025-11-22 17:47:47 [INFO] Inference done | req_id=135 | duration=0.43s
2025-11-22 17:47:47 [INFO] Sent response to yolo/responses/3 | req_id=135
2025-11-22 17:47:48 [INFO] Received message | req_id=136 | expId=3
2025-11-22 17:47:48 [INFO] Image decoded in 0.0020 seconds
2025-11-22 17:47:48 [INFO] Inference done | req_id=136 | duration=0.46s
2025-11-22 17:47:48 [INFO] Sent response to yolo/responses/3 | req_id=136
2025-11-22 17:47:48 [INFO] Received message | req_id=137 | expId=3
2025-11-22 17:47:48 [INFO] Image decoded in 0.0030 seconds
2025-11-22 17:47:48 [INFO] Inference done | req_id=137 | duration=0.46s
2025-11-22 17:47:48 [INFO] Sent response to yolo/responses/3 | req_id=137
2025-11-22 17:47:48 [INFO] Received message | req_id=138 | expId=3
2025-11-22 17:47:48 [INFO] Image decoded in 0.0030 seconds
2025-11-22 17:47:49 [INFO] Inference done | req_id=138 | duration=0.47s
2025-11-22 17:47:49 [INFO] Sent response to yolo/responses/3 | req_id=138
2025-11-22 17:47:49 [INFO] Received message | req_id=139 | expId=3
2025-11-22 17:47:49 [INFO] Image decoded in 0.0030 seconds
2025-11-22 17:47:49 [INFO] Inference done | req_id=139 | duration=0.48s
2025-11-22 17:47:49 [INFO] Sent response to yolo/responses/3 | req_id=139
2025-11-22 17:47:49 [INFO] Received message | req_id=140 | expId=3
2025-11-22 17:47:49 [INFO] Image decoded in 0.0030 seconds
2025-11-22 17:47:50 [INFO] Inference done | req_id=140 | duration=0.48s
2025-11-22 17:47:50 [INFO] Sent response to yolo/responses/3 | req_id=140
2025-11-22 17:47:50 [INFO] Received message | req_id=141 | expId=3
2025-11-22 17:47:50 [INFO] Image decoded in 0.0020 seconds
2025-11-22 17:47:50 [INFO] Inference done | req_id=141 | duration=0.47s
2025-11-22 17:47:50 [INFO] Sent response to yolo/responses/3 | req_id=141
2025-11-22 17:47:50 [INFO] Received message | req_id=142 | expId=3
2025-11-22 17:47:50 [INFO] Image decoded in 0.0030 seconds
2025-11-22 17:47:51 [INFO] Inference done | req_id=142 | duration=0.56s
2025-11-22 17:47:51 [INFO] Sent response to yolo/responses/3 | req_id=142
2025-11-22 17:47:51 [INFO] Received message | req_id=143 | expId=3
2025-11-22 17:47:51 [INFO] Image decoded in 0.0030 seconds
2025-11-22 17:47:51 [INFO] Inference done | req_id=143 | duration=0.42s
2025-11-22 17:47:51 [INFO] Sent response to yolo/responses/3 | req_id=143
2025-11-22 17:47:51 [INFO] Received message | req_id=144 | expId=3
2025-11-22 17:47:51 [INFO] Image decoded in 0.0020 seconds
2025-11-22 17:47:52 [INFO] Inference done | req_id=144 | duration=0.42s
2025-11-22 17:47:52 [INFO] Sent response to yolo/responses/3 | req_id=144
2025-11-22 17:47:52 [INFO] Received message | req_id=145 | expId=3
2025-11-22 17:47:52 [INFO] Image decoded in 0.0030 seconds
2025-11-22 17:47:52 [INFO] Inference done | req_id=145 | duration=0.43s
2025-11-22 17:47:52 [INFO] Sent response to yolo/responses/3 | req_id=145
2025-11-22 17:47:52 [INFO] Received message | req_id=146 | expId=3
2025-11-22 17:47:52 [INFO] Image decoded in 0.0020 seconds
2025-11-22 17:47:53 [INFO] Inference done | req_id=146 | duration=0.42s
2025-11-22 17:47:53 [INFO] Sent response to yolo/responses/3 | req_id=146
2025-11-22 17:47:53 [INFO] Received message | req_id=147 | expId=3
2025-11-22 17:47:53 [INFO] Image decoded in 0.0020 seconds
2025-11-22 17:47:53 [INFO] Inference done | req_id=147 | duration=0.43s
2025-11-22 17:47:53 [INFO] Sent response to yolo/responses/3 | req_id=147
2025-11-22 17:47:53 [INFO] Received message | req_id=148 | expId=3
2025-11-22 17:47:53 [INFO] Image decoded in 0.0030 seconds
2025-11-22 17:47:54 [INFO] Inference done | req_id=148 | duration=0.43s
2025-11-22 17:47:54 [INFO] Sent response to yolo/responses/3 | req_id=148
2025-11-22 17:47:54 [INFO] Received message | req_id=149 | expId=3
2025-11-22 17:47:54 [INFO] Image decoded in 0.0020 seconds
2025-11-22 17:47:54 [INFO] Inference done | req_id=149 | duration=0.44s
2025-11-22 17:47:54 [INFO] Sent response to yolo/responses/3 | req_id=149
2025-11-22 17:47:54 [INFO] Received message | req_id=150 | expId=3
2025-11-22 17:47:54 [INFO] Image decoded in 0.0020 seconds
2025-11-22 17:47:54 [INFO] Inference done | req_id=150 | duration=0.48s
2025-11-22 17:47:54 [INFO] Sent response to yolo/responses/3 | req_id=150
2025-11-22 17:47:54 [INFO] Received message | req_id=151 | expId=3
2025-11-22 17:47:54 [INFO] Image decoded in 0.0020 seconds
2025-11-22 17:47:55 [INFO] Inference done | req_id=151 | duration=0.48s
2025-11-22 17:47:55 [INFO] Sent response to yolo/responses/3 | req_id=151
2025-11-22 17:47:55 [INFO] Received message | req_id=152 | expId=3
2025-11-22 17:47:55 [INFO] Image decoded in 0.0030 seconds
2025-11-22 17:47:55 [INFO] Inference done | req_id=152 | duration=0.48s
2025-11-22 17:47:55 [INFO] Sent response to yolo/responses/3 | req_id=152
2025-11-22 17:47:55 [INFO] Received message | req_id=153 | expId=3
2025-11-22 17:47:55 [INFO] Image decoded in 0.0020 seconds
2025-11-22 17:47:56 [INFO] Inference done | req_id=153 | duration=0.47s
2025-11-22 17:47:56 [INFO] Sent response to yolo/responses/3 | req_id=153
2025-11-22 17:47:56 [INFO] Received message | req_id=154 | expId=3
2025-11-22 17:47:56 [INFO] Image decoded in 0.0020 seconds
2025-11-22 17:47:56 [INFO] Inference done | req_id=154 | duration=0.47s
2025-11-22 17:47:56 [INFO] Sent response to yolo/responses/3 | req_id=154
2025-11-22 17:47:56 [INFO] Received message | req_id=155 | expId=3
2025-11-22 17:47:56 [INFO] Image decoded in 0.0029 seconds
2025-11-22 17:47:57 [INFO] Inference done | req_id=155 | duration=0.49s
2025-11-22 17:47:57 [INFO] Sent response to yolo/responses/3 | req_id=155
2025-11-22 17:47:57 [INFO] Received message | req_id=156 | expId=3
2025-11-22 17:47:57 [INFO] Image decoded in 0.0030 seconds
2025-11-22 17:47:57 [INFO] Inference done | req_id=156 | duration=0.52s
2025-11-22 17:47:57 [INFO] Sent response to yolo/responses/3 | req_id=156
2025-11-22 17:47:57 [INFO] Received message | req_id=157 | expId=3
2025-11-22 17:47:57 [INFO] Image decoded in 0.0030 seconds
2025-11-22 17:47:58 [INFO] Inference done | req_id=157 | duration=0.46s
2025-11-22 17:47:58 [INFO] Sent response to yolo/responses/3 | req_id=157
2025-11-22 17:47:58 [INFO] Received message | req_id=158 | expId=3
2025-11-22 17:47:58 [INFO] Image decoded in 0.0020 seconds
2025-11-22 17:47:58 [INFO] Inference done | req_id=158 | duration=0.46s
2025-11-22 17:47:58 [INFO] Sent response to yolo/responses/3 | req_id=158
2025-11-22 17:47:58 [INFO] Received message | req_id=159 | expId=3
2025-11-22 17:47:58 [INFO] Image decoded in 0.0020 seconds
2025-11-22 17:47:59 [INFO] Inference done | req_id=159 | duration=0.46s
2025-11-22 17:47:59 [INFO] Sent response to yolo/responses/3 | req_id=159
2025-11-22 17:47:59 [INFO] Received message | req_id=160 | expId=3
2025-11-22 17:47:59 [INFO] Image decoded in 0.0020 seconds
2025-11-22 17:47:59 [INFO] Inference done | req_id=160 | duration=0.46s
2025-11-22 17:47:59 [INFO] Sent response to yolo/responses/3 | req_id=160
2025-11-22 17:47:59 [INFO] Received message | req_id=161 | expId=3
2025-11-22 17:47:59 [INFO] Image decoded in 0.0020 seconds
2025-11-22 17:48:00 [INFO] Inference done | req_id=161 | duration=0.52s
2025-11-22 17:48:00 [INFO] Sent response to yolo/responses/3 | req_id=161
2025-11-22 17:48:00 [INFO] Received message | req_id=162 | expId=3
2025-11-22 17:48:00 [INFO] Image decoded in 0.0020 seconds
2025-11-22 17:48:00 [INFO] Inference done | req_id=162 | duration=0.46s
2025-11-22 17:48:00 [INFO] Sent response to yolo/responses/3 | req_id=162
2025-11-22 17:48:00 [INFO] Received message | req_id=163 | expId=3
2025-11-22 17:48:00 [INFO] Image decoded in 0.0030 seconds
2025-11-22 17:48:01 [INFO] Inference done | req_id=163 | duration=0.45s
2025-11-22 17:48:01 [INFO] Sent response to yolo/responses/3 | req_id=163
2025-11-22 17:48:01 [INFO] Received message | req_id=164 | expId=3
2025-11-22 17:48:01 [INFO] Image decoded in 0.0020 seconds
2025-11-22 17:48:01 [INFO] Inference done | req_id=164 | duration=0.46s
2025-11-22 17:48:01 [INFO] Sent response to yolo/responses/3 | req_id=164
2025-11-22 17:48:01 [INFO] Received message | req_id=165 | expId=3
2025-11-22 17:48:01 [INFO] Image decoded in 0.0030 seconds
2025-11-22 17:48:02 [INFO] Inference done | req_id=165 | duration=0.47s
2025-11-22 17:48:02 [INFO] Sent response to yolo/responses/3 | req_id=165
2025-11-22 17:48:02 [INFO] Received message | req_id=166 | expId=3
2025-11-22 17:48:02 [INFO] Image decoded in 0.0025 seconds
2025-11-22 17:48:02 [INFO] Inference done | req_id=166 | duration=0.49s
2025-11-22 17:48:02 [INFO] Sent response to yolo/responses/3 | req_id=166
2025-11-22 17:48:02 [INFO] Received message | req_id=167 | expId=3
2025-11-22 17:48:02 [INFO] Image decoded in 0.0020 seconds
2025-11-22 17:48:03 [INFO] Inference done | req_id=167 | duration=0.47s
2025-11-22 17:48:03 [INFO] Sent response to yolo/responses/3 | req_id=167
2025-11-22 17:48:03 [INFO] Received message | req_id=168 | expId=3
2025-11-22 17:48:03 [INFO] Image decoded in 0.0020 seconds
2025-11-22 17:48:03 [INFO] Inference done | req_id=168 | duration=0.56s
2025-11-22 17:48:03 [INFO] Sent response to yolo/responses/3 | req_id=168
2025-11-22 17:48:03 [INFO] Received message | req_id=169 | expId=3
2025-11-22 17:48:03 [INFO] Image decoded in 0.0029 seconds
2025-11-22 17:48:04 [INFO] Inference done | req_id=169 | duration=0.45s
2025-11-22 17:48:04 [INFO] Sent response to yolo/responses/3 | req_id=169
2025-11-22 17:48:04 [INFO] Received message | req_id=170 | expId=3
2025-11-22 17:48:04 [INFO] Image decoded in 0.0020 seconds
2025-11-22 17:48:04 [INFO] Inference done | req_id=170 | duration=0.46s
2025-11-22 17:48:04 [INFO] Sent response to yolo/responses/3 | req_id=170
2025-11-22 17:48:04 [INFO] Received message | req_id=171 | expId=3
2025-11-22 17:48:04 [INFO] Image decoded in 0.0020 seconds
2025-11-22 17:48:05 [INFO] Inference done | req_id=171 | duration=0.46s
2025-11-22 17:48:05 [INFO] Sent response to yolo/responses/3 | req_id=171
2025-11-22 17:48:05 [INFO] Received message | req_id=172 | expId=3
2025-11-22 17:48:05 [INFO] Image decoded in 0.0020 seconds
2025-11-22 17:48:05 [INFO] Inference done | req_id=172 | duration=0.46s
2025-11-22 17:48:05 [INFO] Sent response to yolo/responses/3 | req_id=172
2025-11-22 17:48:05 [INFO] Received message | req_id=173 | expId=3
2025-11-22 17:48:05 [INFO] Image decoded in 0.0020 seconds
2025-11-22 17:48:06 [INFO] Inference done | req_id=173 | duration=0.45s
2025-11-22 17:48:06 [INFO] Sent response to yolo/responses/3 | req_id=173
2025-11-22 17:48:06 [INFO] Received message | req_id=174 | expId=3
2025-11-22 17:48:06 [INFO] Image decoded in 0.0019 seconds
2025-11-22 17:48:06 [INFO] Inference done | req_id=174 | duration=0.47s
2025-11-22 17:48:06 [INFO] Sent response to yolo/responses/3 | req_id=174
2025-11-22 17:48:06 [INFO] Received message | req_id=175 | expId=3
2025-11-22 17:48:06 [INFO] Image decoded in 0.0020 seconds
2025-11-22 17:48:07 [INFO] Inference done | req_id=175 | duration=0.55s
2025-11-22 17:48:07 [INFO] Sent response to yolo/responses/3 | req_id=175
2025-11-22 17:48:07 [INFO] Received message | req_id=176 | expId=3
2025-11-22 17:48:07 [INFO] Image decoded in 0.0030 seconds
2025-11-22 17:48:07 [INFO] Inference done | req_id=176 | duration=0.41s
2025-11-22 17:48:07 [INFO] Sent response to yolo/responses/3 | req_id=176
2025-11-22 17:48:07 [INFO] Received message | req_id=177 | expId=3
2025-11-22 17:48:07 [INFO] Image decoded in 0.0020 seconds
2025-11-22 17:48:08 [INFO] Inference done | req_id=177 | duration=0.41s
2025-11-22 17:48:08 [INFO] Sent response to yolo/responses/3 | req_id=177
2025-11-22 17:48:08 [INFO] Received message | req_id=178 | expId=3
2025-11-22 17:48:08 [INFO] Image decoded in 0.0020 seconds
2025-11-22 17:48:08 [INFO] Inference done | req_id=178 | duration=0.40s
2025-11-22 17:48:08 [INFO] Sent response to yolo/responses/3 | req_id=178
2025-11-22 17:48:08 [INFO] Received message | req_id=179 | expId=3
2025-11-22 17:48:08 [INFO] Image decoded in 0.0030 seconds
2025-11-22 17:48:08 [INFO] Inference done | req_id=179 | duration=0.41s
2025-11-22 17:48:08 [INFO] Sent response to yolo/responses/3 | req_id=179
2025-11-22 17:48:08 [INFO] Received message | req_id=180 | expId=3
2025-11-22 17:48:08 [INFO] Image decoded in 0.0020 seconds
2025-11-22 17:48:09 [INFO] Inference done | req_id=180 | duration=0.46s
2025-11-22 17:48:09 [INFO] Sent response to yolo/responses/3 | req_id=180
2025-11-22 17:48:09 [INFO] Received message | req_id=181 | expId=3
2025-11-22 17:48:09 [INFO] Image decoded in 0.0030 seconds
2025-11-22 17:48:09 [INFO] Inference done | req_id=181 | duration=0.47s
2025-11-22 17:48:09 [INFO] Sent response to yolo/responses/3 | req_id=181
2025-11-22 17:48:09 [INFO] Received message | req_id=182 | expId=3
2025-11-22 17:48:09 [INFO] Image decoded in 0.0030 seconds
2025-11-22 17:48:10 [INFO] Inference done | req_id=182 | duration=0.47s
2025-11-22 17:48:10 [INFO] Sent response to yolo/responses/3 | req_id=182
2025-11-22 17:48:10 [INFO] Received message | req_id=183 | expId=3
2025-11-22 17:48:10 [INFO] Image decoded in 0.0030 seconds
2025-11-22 17:48:10 [INFO] Inference done | req_id=183 | duration=0.47s
2025-11-22 17:48:10 [INFO] Sent response to yolo/responses/3 | req_id=183
2025-11-22 17:48:10 [INFO] Received message | req_id=184 | expId=3
2025-11-22 17:48:10 [INFO] Image decoded in 0.0020 seconds
2025-11-22 17:48:11 [INFO] Inference done | req_id=184 | duration=0.48s
2025-11-22 17:48:11 [INFO] Sent response to yolo/responses/3 | req_id=184
2025-11-22 17:48:11 [INFO] Received message | req_id=185 | expId=3
2025-11-22 17:48:11 [INFO] Image decoded in 0.0030 seconds
2025-11-22 17:48:11 [INFO] Inference done | req_id=185 | duration=0.47s
2025-11-22 17:48:11 [INFO] Sent response to yolo/responses/3 | req_id=185
2025-11-22 17:48:11 [INFO] Received message | req_id=186 | expId=3
2025-11-22 17:48:11 [INFO] Image decoded in 0.0030 seconds
2025-11-22 17:48:12 [INFO] Inference done | req_id=186 | duration=0.48s
2025-11-22 17:48:12 [INFO] Sent response to yolo/responses/3 | req_id=186
2025-11-22 17:48:12 [INFO] Received message | req_id=187 | expId=3
2025-11-22 17:48:12 [INFO] Image decoded in 0.0020 seconds
2025-11-22 17:48:12 [INFO] Inference done | req_id=187 | duration=0.55s
2025-11-22 17:48:12 [INFO] Sent response to yolo/responses/3 | req_id=187
2025-11-22 17:48:12 [INFO] Received message | req_id=188 | expId=3
2025-11-22 17:48:12 [INFO] Image decoded in 0.0033 seconds
2025-11-22 17:48:13 [INFO] Inference done | req_id=188 | duration=0.47s
2025-11-22 17:48:13 [INFO] Sent response to yolo/responses/3 | req_id=188
2025-11-22 17:48:13 [INFO] Received message | req_id=189 | expId=3
2025-11-22 17:48:13 [INFO] Image decoded in 0.0020 seconds
2025-11-22 17:48:13 [INFO] Inference done | req_id=189 | duration=0.46s
2025-11-22 17:48:13 [INFO] Sent response to yolo/responses/3 | req_id=189
2025-11-22 17:48:13 [INFO] Received message | req_id=190 | expId=3
2025-11-22 17:48:13 [INFO] Image decoded in 0.0020 seconds
2025-11-22 17:48:14 [INFO] Inference done | req_id=190 | duration=0.46s
2025-11-22 17:48:14 [INFO] Sent response to yolo/responses/3 | req_id=190
2025-11-22 17:48:14 [INFO] Received message | req_id=191 | expId=3
2025-11-22 17:48:14 [INFO] Image decoded in 0.0030 seconds
2025-11-22 17:48:14 [INFO] Inference done | req_id=191 | duration=0.46s
2025-11-22 17:48:14 [INFO] Sent response to yolo/responses/3 | req_id=191
2025-11-22 17:48:14 [INFO] Received message | req_id=192 | expId=3
2025-11-22 17:48:14 [INFO] Image decoded in 0.0022 seconds
2025-11-22 17:48:15 [INFO] Inference done | req_id=192 | duration=0.54s
2025-11-22 17:48:15 [INFO] Sent response to yolo/responses/3 | req_id=192
2025-11-22 17:48:15 [INFO] Received message | req_id=193 | expId=3
2025-11-22 17:48:15 [INFO] Image decoded in 0.0020 seconds
2025-11-22 17:48:15 [INFO] Inference done | req_id=193 | duration=0.40s
2025-11-22 17:48:15 [INFO] Sent response to yolo/responses/3 | req_id=193
2025-11-22 17:48:15 [INFO] Received message | req_id=194 | expId=3
2025-11-22 17:48:15 [INFO] Image decoded in 0.0020 seconds
2025-11-22 17:48:16 [INFO] Inference done | req_id=194 | duration=0.39s
2025-11-22 17:48:16 [INFO] Sent response to yolo/responses/3 | req_id=194
2025-11-22 17:48:16 [INFO] Received message | req_id=195 | expId=3
2025-11-22 17:48:16 [INFO] Image decoded in 0.0020 seconds
2025-11-22 17:48:16 [INFO] Inference done | req_id=195 | duration=0.41s
2025-11-22 17:48:16 [INFO] Sent response to yolo/responses/3 | req_id=195
2025-11-22 17:48:16 [INFO] Received message | req_id=196 | expId=3
2025-11-22 17:48:16 [INFO] Image decoded in 0.0020 seconds
2025-11-22 17:48:16 [INFO] Inference done | req_id=196 | duration=0.41s
2025-11-22 17:48:16 [INFO] Sent response to yolo/responses/3 | req_id=196
2025-11-22 17:48:16 [INFO] Received message | req_id=197 | expId=3
2025-11-22 17:48:16 [INFO] Image decoded in 0.0030 seconds
2025-11-22 17:48:17 [INFO] Inference done | req_id=197 | duration=0.46s
2025-11-22 17:48:17 [INFO] Sent response to yolo/responses/3 | req_id=197
2025-11-22 17:48:17 [INFO] Received message | req_id=198 | expId=3
2025-11-22 17:48:17 [INFO] Image decoded in 0.0030 seconds
2025-11-22 17:48:17 [INFO] Inference done | req_id=198 | duration=0.46s
2025-11-22 17:48:17 [INFO] Sent response to yolo/responses/3 | req_id=198
2025-11-22 17:48:17 [INFO] Received message | req_id=199 | expId=3
2025-11-22 17:48:17 [INFO] Image decoded in 0.0020 seconds
2025-11-22 17:48:18 [INFO] Inference done | req_id=199 | duration=0.47s
2025-11-22 17:48:18 [INFO] Sent response to yolo/responses/3 | req_id=199
2025-11-22 17:48:18 [INFO] Received message | req_id=200 | expId=3
2025-11-22 17:48:18 [INFO] Image decoded in 0.0020 seconds
2025-11-22 17:48:18 [INFO] Inference done | req_id=200 | duration=0.46s
2025-11-22 17:48:18 [INFO] Sent response to yolo/responses/3 | req_id=200
2025-11-22 17:48:18 [INFO] Received message | req_id=201 | expId=3
2025-11-22 17:48:18 [INFO] Image decoded in 0.0020 seconds
2025-11-22 17:48:19 [INFO] Inference done | req_id=201 | duration=0.46s
2025-11-22 17:48:19 [INFO] Sent response to yolo/responses/3 | req_id=201
2025-11-22 17:48:19 [INFO] Received message | req_id=202 | expId=3
2025-11-22 17:48:19 [INFO] Image decoded in 0.0020 seconds
2025-11-22 17:48:19 [INFO] Inference done | req_id=202 | duration=0.56s
2025-11-22 17:48:19 [INFO] Sent response to yolo/responses/3 | req_id=202
2025-11-22 17:48:19 [INFO] Received message | req_id=203 | expId=3
2025-11-22 17:48:19 [INFO] Image decoded in 0.0030 seconds
2025-11-22 17:48:20 [INFO] Inference done | req_id=203 | duration=0.40s
2025-11-22 17:48:20 [INFO] Sent response to yolo/responses/3 | req_id=203
2025-11-22 17:48:20 [INFO] Received message | req_id=204 | expId=3
2025-11-22 17:48:20 [INFO] Image decoded in 0.0030 seconds
2025-11-22 17:48:20 [INFO] Inference done | req_id=204 | duration=0.42s
2025-11-22 17:48:20 [INFO] Sent response to yolo/responses/3 | req_id=204
2025-11-22 17:48:20 [INFO] Received message | req_id=205 | expId=3
2025-11-22 17:48:20 [INFO] Image decoded in 0.0020 seconds
2025-11-22 17:48:21 [INFO] Inference done | req_id=205 | duration=0.40s
2025-11-22 17:48:21 [INFO] Sent response to yolo/responses/3 | req_id=205
2025-11-22 17:48:21 [INFO] Received message | req_id=206 | expId=3
2025-11-22 17:48:21 [INFO] Image decoded in 0.0020 seconds
2025-11-22 17:48:21 [INFO] Inference done | req_id=206 | duration=0.40s
2025-11-22 17:48:21 [INFO] Sent response to yolo/responses/3 | req_id=206
2025-11-22 17:48:21 [INFO] Received message | req_id=207 | expId=3
2025-11-22 17:48:21 [INFO] Image decoded in 0.0030 seconds
2025-11-22 17:48:21 [INFO] Inference done | req_id=207 | duration=0.41s
2025-11-22 17:48:21 [INFO] Sent response to yolo/responses/3 | req_id=207
2025-11-22 17:48:21 [INFO] Received message | req_id=208 | expId=3
2025-11-22 17:48:21 [INFO] Image decoded in 0.0030 seconds
2025-11-22 17:48:22 [INFO] Inference done | req_id=208 | duration=0.41s
2025-11-22 17:48:22 [INFO] Sent response to yolo/responses/3 | req_id=208
2025-11-22 17:48:22 [INFO] Received message | req_id=209 | expId=3
2025-11-22 17:48:22 [INFO] Image decoded in 0.0030 seconds
2025-11-22 17:48:22 [INFO] Inference done | req_id=209 | duration=0.48s
2025-11-22 17:48:22 [INFO] Sent response to yolo/responses/3 | req_id=209
2025-11-22 17:48:22 [INFO] Received message | req_id=210 | expId=3
2025-11-22 17:48:22 [INFO] Image decoded in 0.0030 seconds
2025-11-22 17:48:23 [INFO] Inference done | req_id=210 | duration=0.46s
2025-11-22 17:48:23 [INFO] Sent response to yolo/responses/3 | req_id=210
2025-11-22 17:48:23 [INFO] Received message | req_id=211 | expId=3
2025-11-22 17:48:23 [INFO] Image decoded in 0.0020 seconds
2025-11-22 17:48:23 [INFO] Inference done | req_id=211 | duration=0.46s
2025-11-22 17:48:23 [INFO] Sent response to yolo/responses/3 | req_id=211
2025-11-22 17:48:23 [INFO] Received message | req_id=212 | expId=3
2025-11-22 17:48:23 [INFO] Image decoded in 0.0031 seconds
2025-11-22 17:48:24 [INFO] Inference done | req_id=212 | duration=0.46s
2025-11-22 17:48:24 [INFO] Sent response to yolo/responses/3 | req_id=212
2025-11-22 17:48:24 [INFO] Received message | req_id=213 | expId=3
2025-11-22 17:48:24 [INFO] Image decoded in 0.0020 seconds
2025-11-22 17:48:24 [INFO] Inference done | req_id=213 | duration=0.46s
2025-11-22 17:48:24 [INFO] Sent response to yolo/responses/3 | req_id=213
2025-11-22 17:48:24 [INFO] Received message | req_id=214 | expId=3
2025-11-22 17:48:24 [INFO] Image decoded in 0.0020 seconds
2025-11-22 17:48:25 [INFO] Inference done | req_id=214 | duration=0.47s
2025-11-22 17:48:25 [INFO] Sent response to yolo/responses/3 | req_id=214
2025-11-22 17:48:25 [INFO] Received message | req_id=215 | expId=3
2025-11-22 17:48:25 [INFO] Image decoded in 0.0030 seconds
2025-11-22 17:48:25 [INFO] Inference done | req_id=215 | duration=0.56s
2025-11-22 17:48:25 [INFO] Sent response to yolo/responses/3 | req_id=215
2025-11-22 17:48:25 [INFO] Received message | req_id=216 | expId=3
2025-11-22 17:48:25 [INFO] Image decoded in 0.0040 seconds
2025-11-22 17:48:26 [INFO] Inference done | req_id=216 | duration=0.47s
2025-11-22 17:48:26 [INFO] Sent response to yolo/responses/3 | req_id=216
2025-11-22 17:48:26 [INFO] Received message | req_id=217 | expId=3
2025-11-22 17:48:26 [INFO] Image decoded in 0.0030 seconds
2025-11-22 17:48:26 [INFO] Inference done | req_id=217 | duration=0.46s
2025-11-22 17:48:26 [INFO] Sent response to yolo/responses/3 | req_id=217
2025-11-22 17:48:26 [INFO] Received message | req_id=218 | expId=3
2025-11-22 17:48:26 [INFO] Image decoded in 0.0020 seconds
2025-11-22 17:48:27 [INFO] Inference done | req_id=218 | duration=0.46s
2025-11-22 17:48:27 [INFO] Sent response to yolo/responses/3 | req_id=218
2025-11-22 17:48:27 [INFO] Received message | req_id=219 | expId=3
2025-11-22 17:48:27 [INFO] Image decoded in 0.0020 seconds
2025-11-22 17:48:27 [INFO] Inference done | req_id=219 | duration=0.48s
2025-11-22 17:48:27 [INFO] Sent response to yolo/responses/3 | req_id=219
2025-11-22 17:48:27 [INFO] Received message | req_id=220 | expId=3
2025-11-22 17:48:27 [INFO] Image decoded in 0.0020 seconds
2025-11-22 17:48:28 [INFO] Inference done | req_id=220 | duration=0.56s
2025-11-22 17:48:28 [INFO] Sent response to yolo/responses/3 | req_id=220
2025-11-22 17:48:28 [INFO] Received message | req_id=221 | expId=3
2025-11-22 17:48:28 [INFO] Image decoded in 0.0020 seconds
2025-11-22 17:48:28 [INFO] Inference done | req_id=221 | duration=0.45s
2025-11-22 17:48:28 [INFO] Sent response to yolo/responses/3 | req_id=221
2025-11-22 17:48:28 [INFO] Received message | req_id=222 | expId=3
2025-11-22 17:48:28 [INFO] Image decoded in 0.0020 seconds
2025-11-22 17:48:29 [INFO] Inference done | req_id=222 | duration=0.43s
2025-11-22 17:48:29 [INFO] Sent response to yolo/responses/3 | req_id=222
2025-11-22 17:48:29 [INFO] Received message | req_id=223 | expId=3
2025-11-22 17:48:29 [INFO] Image decoded in 0.0020 seconds
2025-11-22 17:48:29 [INFO] Inference done | req_id=223 | duration=0.43s
2025-11-22 17:48:29 [INFO] Sent response to yolo/responses/3 | req_id=223
2025-11-22 17:48:29 [INFO] Received message | req_id=224 | expId=3
2025-11-22 17:48:29 [INFO] Image decoded in 0.0050 seconds
2025-11-22 17:48:29 [INFO] Inference done | req_id=224 | duration=0.43s
2025-11-22 17:48:29 [INFO] Sent response to yolo/responses/3 | req_id=224
2025-11-22 17:48:29 [INFO] Received message | req_id=225 | expId=3
2025-11-22 17:48:29 [INFO] Image decoded in 0.0030 seconds
2025-11-22 17:48:30 [INFO] Inference done | req_id=225 | duration=0.49s
2025-11-22 17:48:30 [INFO] Sent response to yolo/responses/3 | req_id=225
2025-11-22 17:48:30 [INFO] Received message | req_id=226 | expId=3
2025-11-22 17:48:30 [INFO] Image decoded in 0.0020 seconds
2025-11-22 17:48:30 [INFO] Inference done | req_id=226 | duration=0.50s
2025-11-22 17:48:30 [INFO] Sent response to yolo/responses/3 | req_id=226
2025-11-22 17:48:30 [INFO] Received message | req_id=227 | expId=3
2025-11-22 17:48:30 [INFO] Image decoded in 0.0020 seconds
2025-11-22 17:48:31 [INFO] Inference done | req_id=227 | duration=0.49s
2025-11-22 17:48:31 [INFO] Sent response to yolo/responses/3 | req_id=227
2025-11-22 17:48:31 [INFO] Received message | req_id=228 | expId=3
2025-11-22 17:48:31 [INFO] Image decoded in 0.0030 seconds
2025-11-22 17:48:31 [INFO] Inference done | req_id=228 | duration=0.48s
2025-11-22 17:48:31 [INFO] Sent response to yolo/responses/3 | req_id=228
2025-11-22 17:48:31 [INFO] Received message | req_id=229 | expId=3
2025-11-22 17:48:31 [INFO] Image decoded in 0.0024 seconds
2025-11-22 17:48:32 [INFO] Inference done | req_id=229 | duration=0.49s
2025-11-22 17:48:32 [INFO] Sent response to yolo/responses/3 | req_id=229
2025-11-22 17:48:32 [INFO] Received message | req_id=230 | expId=3
2025-11-22 17:48:32 [INFO] Image decoded in 0.0020 seconds
2025-11-22 17:48:32 [INFO] Inference done | req_id=230 | duration=0.50s
2025-11-22 17:48:32 [INFO] Sent response to yolo/responses/3 | req_id=230
2025-11-22 17:48:32 [INFO] Received message | req_id=231 | expId=3
2025-11-22 17:48:32 [INFO] Image decoded in 0.0020 seconds
2025-11-22 17:48:33 [INFO] Inference done | req_id=231 | duration=0.49s
2025-11-22 17:48:33 [INFO] Sent response to yolo/responses/3 | req_id=231
2025-11-22 17:48:33 [INFO] Received message | req_id=232 | expId=3
2025-11-22 17:48:33 [INFO] Image decoded in 0.0030 seconds
2025-11-22 17:48:33 [INFO] Inference done | req_id=232 | duration=0.49s
2025-11-22 17:48:33 [INFO] Sent response to yolo/responses/3 | req_id=232
2025-11-22 17:48:33 [INFO] Received message | req_id=233 | expId=3
2025-11-22 17:48:33 [INFO] Image decoded in 0.0020 seconds
2025-11-22 17:48:34 [INFO] Inference done | req_id=233 | duration=0.48s
2025-11-22 17:48:34 [INFO] Sent response to yolo/responses/3 | req_id=233
2025-11-22 17:48:34 [INFO] Received message | req_id=234 | expId=3
2025-11-22 17:48:34 [INFO] Image decoded in 0.0031 seconds
2025-11-22 17:48:34 [INFO] Inference done | req_id=234 | duration=0.48s
2025-11-22 17:48:34 [INFO] Sent response to yolo/responses/3 | req_id=234
2025-11-22 17:48:34 [INFO] Received message | req_id=235 | expId=3
2025-11-22 17:48:34 [INFO] Image decoded in 0.0031 seconds
2025-11-22 17:48:35 [INFO] Inference done | req_id=235 | duration=0.48s
2025-11-22 17:48:35 [INFO] Sent response to yolo/responses/3 | req_id=235
2025-11-22 17:48:35 [INFO] Received message | req_id=236 | expId=3
2025-11-22 17:48:35 [INFO] Image decoded in 0.0030 seconds
2025-11-22 17:48:35 [INFO] Inference done | req_id=236 | duration=0.48s
2025-11-22 17:48:35 [INFO] Sent response to yolo/responses/3 | req_id=236
2025-11-22 17:48:35 [INFO] Received message | req_id=237 | expId=3
2025-11-22 17:48:35 [INFO] Image decoded in 0.0020 seconds
2025-11-22 17:48:36 [INFO] Inference done | req_id=237 | duration=0.48s
2025-11-22 17:48:36 [INFO] Sent response to yolo/responses/3 | req_id=237
2025-11-22 17:48:36 [INFO] Received message | req_id=238 | expId=3
2025-11-22 17:48:36 [INFO] Image decoded in 0.0020 seconds
2025-11-22 17:48:36 [INFO] Inference done | req_id=238 | duration=0.48s
2025-11-22 17:48:36 [INFO] Sent response to yolo/responses/3 | req_id=238
2025-11-22 17:48:36 [INFO] Received message | req_id=239 | expId=3
2025-11-22 17:48:36 [INFO] Image decoded in 0.0020 seconds
2025-11-22 17:48:37 [INFO] Inference done | req_id=239 | duration=0.48s
2025-11-22 17:48:37 [INFO] Sent response to yolo/responses/3 | req_id=239
2025-11-22 17:48:37 [INFO] Received message | req_id=240 | expId=3
2025-11-22 17:48:37 [INFO] Image decoded in 0.0020 seconds
2025-11-22 17:48:37 [INFO] Inference done | req_id=240 | duration=0.48s
2025-11-22 17:48:37 [INFO] Sent response to yolo/responses/3 | req_id=240
2025-11-22 17:48:37 [INFO] Received message | req_id=241 | expId=3
2025-11-22 17:48:37 [INFO] Image decoded in 0.0025 seconds
2025-11-22 17:48:38 [INFO] Inference done | req_id=241 | duration=0.53s
2025-11-22 17:48:38 [INFO] Sent response to yolo/responses/3 | req_id=241
2025-11-22 17:48:38 [INFO] Received message | req_id=242 | expId=3
2025-11-22 17:48:38 [INFO] Image decoded in 0.0020 seconds
2025-11-22 17:48:38 [INFO] Inference done | req_id=242 | duration=0.51s
2025-11-22 17:48:38 [INFO] Sent response to yolo/responses/3 | req_id=242
2025-11-22 17:48:38 [INFO] Received message | req_id=243 | expId=3
2025-11-22 17:48:38 [INFO] Image decoded in 0.0030 seconds
2025-11-22 17:48:39 [INFO] Inference done | req_id=243 | duration=0.44s
2025-11-22 17:48:39 [INFO] Sent response to yolo/responses/3 | req_id=243
2025-11-22 17:48:39 [INFO] Received message | req_id=244 | expId=3
2025-11-22 17:48:39 [INFO] Image decoded in 0.0030 seconds
2025-11-22 17:48:39 [INFO] Inference done | req_id=244 | duration=0.43s
2025-11-22 17:48:39 [INFO] Sent response to yolo/responses/3 | req_id=244
2025-11-22 17:48:39 [INFO] Received message | req_id=245 | expId=3
2025-11-22 17:48:39 [INFO] Image decoded in 0.0030 seconds
2025-11-22 17:48:40 [INFO] Inference done | req_id=245 | duration=0.44s
2025-11-22 17:48:40 [INFO] Sent response to yolo/responses/3 | req_id=245
2025-11-22 17:48:40 [INFO] Received message | req_id=246 | expId=3
2025-11-22 17:48:40 [INFO] Image decoded in 0.0030 seconds
2025-11-22 17:48:40 [INFO] Inference done | req_id=246 | duration=0.43s
2025-11-22 17:48:40 [INFO] Sent response to yolo/responses/3 | req_id=246
2025-11-22 17:48:40 [INFO] Received message | req_id=247 | expId=3
2025-11-22 17:48:40 [INFO] Image decoded in 0.0020 seconds
2025-11-22 17:48:41 [INFO] Inference done | req_id=247 | duration=0.49s
2025-11-22 17:48:41 [INFO] Sent response to yolo/responses/3 | req_id=247
2025-11-22 17:48:41 [INFO] Received message | req_id=248 | expId=3
2025-11-22 17:48:41 [INFO] Image decoded in 0.0020 seconds
2025-11-22 17:48:41 [INFO] Inference done | req_id=248 | duration=0.49s
2025-11-22 17:48:41 [INFO] Sent response to yolo/responses/3 | req_id=248
2025-11-22 17:48:41 [INFO] Received message | req_id=249 | expId=3
2025-11-22 17:48:41 [INFO] Image decoded in 0.0031 seconds
2025-11-22 17:48:42 [INFO] Inference done | req_id=249 | duration=0.49s
2025-11-22 17:48:42 [INFO] Sent response to yolo/responses/3 | req_id=249
2025-11-22 17:48:42 [INFO] Received message | req_id=250 | expId=3
2025-11-22 17:48:42 [INFO] Image decoded in 0.0030 seconds
2025-11-22 17:48:42 [INFO] Inference done | req_id=250 | duration=0.49s
2025-11-22 17:48:42 [INFO] Sent response to yolo/responses/3 | req_id=250
2025-11-22 17:48:42 [INFO] Received message | req_id=251 | expId=3
2025-11-22 17:48:42 [INFO] Image decoded in 0.0020 seconds
2025-11-22 17:48:43 [INFO] Inference done | req_id=251 | duration=0.50s
2025-11-22 17:48:43 [INFO] Sent response to yolo/responses/3 | req_id=251
2025-11-22 17:48:43 [INFO] Received message | req_id=252 | expId=3
2025-11-22 17:48:43 [INFO] Image decoded in 0.0030 seconds
2025-11-22 17:48:43 [INFO] Inference done | req_id=252 | duration=0.46s
2025-11-22 17:48:43 [INFO] Sent response to yolo/responses/3 | req_id=252
2025-11-22 17:48:43 [INFO] Received message | req_id=253 | expId=3
2025-11-22 17:48:43 [INFO] Image decoded in 0.0030 seconds
2025-11-22 17:48:44 [INFO] Inference done | req_id=253 | duration=0.46s
2025-11-22 17:48:44 [INFO] Sent response to yolo/responses/3 | req_id=253
2025-11-22 17:48:44 [INFO] Received message | req_id=254 | expId=3
2025-11-22 17:48:44 [INFO] Image decoded in 0.0020 seconds
2025-11-22 17:48:44 [INFO] Inference done | req_id=254 | duration=0.46s
2025-11-22 17:48:44 [INFO] Sent response to yolo/responses/3 | req_id=254
2025-11-22 17:48:44 [INFO] Received message | req_id=255 | expId=3
2025-11-22 17:48:44 [INFO] Image decoded in 0.0020 seconds
2025-11-22 17:48:45 [INFO] Inference done | req_id=255 | duration=0.46s
2025-11-22 17:48:45 [INFO] Sent response to yolo/responses/3 | req_id=255
2025-11-22 17:48:45 [INFO] Received message | req_id=256 | expId=3
2025-11-22 17:48:45 [INFO] Image decoded in 0.0020 seconds
2025-11-22 17:48:45 [INFO] Inference done | req_id=256 | duration=0.54s
2025-11-22 17:48:45 [INFO] Sent response to yolo/responses/3 | req_id=256
2025-11-22 17:48:45 [INFO] Received message | req_id=257 | expId=3
2025-11-22 17:48:45 [INFO] Image decoded in 0.0031 seconds
2025-11-22 17:48:46 [INFO] Inference done | req_id=257 | duration=0.46s
2025-11-22 17:48:46 [INFO] Sent response to yolo/responses/3 | req_id=257
2025-11-22 17:48:46 [INFO] Received message | req_id=258 | expId=3
2025-11-22 17:48:46 [INFO] Image decoded in 0.0020 seconds
2025-11-22 17:48:46 [INFO] Inference done | req_id=258 | duration=0.46s
2025-11-22 17:48:46 [INFO] Sent response to yolo/responses/3 | req_id=258
2025-11-22 17:48:46 [INFO] Received message | req_id=259 | expId=3
2025-11-22 17:48:46 [INFO] Image decoded in 0.0030 seconds
2025-11-22 17:48:47 [INFO] Inference done | req_id=259 | duration=0.47s
2025-11-22 17:48:47 [INFO] Sent response to yolo/responses/3 | req_id=259
2025-11-22 17:48:47 [INFO] Received message | req_id=260 | expId=3
2025-11-22 17:48:47 [INFO] Image decoded in 0.0040 seconds
2025-11-22 17:48:47 [INFO] Inference done | req_id=260 | duration=0.46s
2025-11-22 17:48:47 [INFO] Sent response to yolo/responses/3 | req_id=260
2025-11-22 17:48:47 [INFO] Received message | req_id=261 | expId=3
2025-11-22 17:48:47 [INFO] Image decoded in 0.0030 seconds
2025-11-22 17:48:48 [INFO] Inference done | req_id=261 | duration=0.47s
2025-11-22 17:48:48 [INFO] Sent response to yolo/responses/3 | req_id=261
2025-11-22 17:48:48 [INFO] Received message | req_id=262 | expId=3
2025-11-22 17:48:48 [INFO] Image decoded in 0.0020 seconds
2025-11-22 17:48:48 [INFO] Inference done | req_id=262 | duration=0.54s
2025-11-22 17:48:48 [INFO] Sent response to yolo/responses/3 | req_id=262
2025-11-22 17:48:48 [INFO] Received message | req_id=263 | expId=3
2025-11-22 17:48:48 [INFO] Image decoded in 0.0020 seconds
2025-11-22 17:48:48 [INFO] Inference done | req_id=263 | duration=0.40s
2025-11-22 17:48:48 [INFO] Sent response to yolo/responses/3 | req_id=263
2025-11-22 17:48:49 [INFO] Received message | req_id=264 | expId=3
2025-11-22 17:48:49 [INFO] Image decoded in 0.0030 seconds
2025-11-22 17:48:49 [INFO] Inference done | req_id=264 | duration=0.40s
2025-11-22 17:48:49 [INFO] Sent response to yolo/responses/3 | req_id=264
2025-11-22 17:48:49 [INFO] Received message | req_id=265 | expId=3
2025-11-22 17:48:49 [INFO] Image decoded in 0.0020 seconds
2025-11-22 17:48:49 [INFO] Inference done | req_id=265 | duration=0.41s
2025-11-22 17:48:49 [INFO] Sent response to yolo/responses/3 | req_id=265
2025-11-22 17:48:49 [INFO] Received message | req_id=266 | expId=3
2025-11-22 17:48:49 [INFO] Image decoded in 0.0030 seconds
2025-11-22 17:48:50 [INFO] Inference done | req_id=266 | duration=0.41s
2025-11-22 17:48:50 [INFO] Sent response to yolo/responses/3 | req_id=266
2025-11-22 17:48:50 [INFO] Received message | req_id=267 | expId=3
2025-11-22 17:48:50 [INFO] Image decoded in 0.0020 seconds
2025-11-22 17:48:50 [INFO] Inference done | req_id=267 | duration=0.46s
2025-11-22 17:48:50 [INFO] Sent response to yolo/responses/3 | req_id=267
2025-11-22 17:48:50 [INFO] Received message | req_id=268 | expId=3
2025-11-22 17:48:50 [INFO] Image decoded in 0.0030 seconds
2025-11-22 17:48:51 [INFO] Inference done | req_id=268 | duration=0.45s
2025-11-22 17:48:51 [INFO] Sent response to yolo/responses/3 | req_id=268
2025-11-22 17:48:51 [INFO] Received message | req_id=269 | expId=3
2025-11-22 17:48:51 [INFO] Image decoded in 0.0022 seconds
2025-11-22 17:48:51 [INFO] Inference done | req_id=269 | duration=0.46s
2025-11-22 17:48:51 [INFO] Sent response to yolo/responses/3 | req_id=269
2025-11-22 17:48:51 [INFO] Received message | req_id=270 | expId=3
2025-11-22 17:48:51 [INFO] Image decoded in 0.0020 seconds
2025-11-22 17:48:52 [INFO] Inference done | req_id=270 | duration=0.47s
2025-11-22 17:48:52 [INFO] Sent response to yolo/responses/3 | req_id=270
2025-11-22 17:48:52 [INFO] Received message | req_id=271 | expId=3
2025-11-22 17:48:52 [INFO] Image decoded in 0.0020 seconds
2025-11-22 17:48:52 [INFO] Inference done | req_id=271 | duration=0.46s
2025-11-22 17:48:52 [INFO] Sent response to yolo/responses/3 | req_id=271
2025-11-22 17:48:52 [INFO] Received message | req_id=272 | expId=3
2025-11-22 17:48:52 [INFO] Image decoded in 0.0020 seconds
2025-11-22 17:48:53 [INFO] Inference done | req_id=272 | duration=0.47s
2025-11-22 17:48:53 [INFO] Sent response to yolo/responses/3 | req_id=272
2025-11-22 17:48:53 [INFO] Received message | req_id=273 | expId=3
2025-11-22 17:48:53 [INFO] Image decoded in 0.0023 seconds
2025-11-22 17:48:53 [INFO] Inference done | req_id=273 | duration=0.46s
2025-11-22 17:48:53 [INFO] Sent response to yolo/responses/3 | req_id=273
2025-11-22 17:48:53 [INFO] Received message | req_id=274 | expId=3
2025-11-22 17:48:53 [INFO] Image decoded in 0.0020 seconds
2025-11-22 17:48:54 [INFO] Inference done | req_id=274 | duration=0.55s
2025-11-22 17:48:54 [INFO] Sent response to yolo/responses/3 | req_id=274
2025-11-22 17:48:54 [INFO] Received message | req_id=275 | expId=3
2025-11-22 17:48:54 [INFO] Image decoded in 0.0020 seconds
2025-11-22 17:48:54 [INFO] Inference done | req_id=275 | duration=0.46s
2025-11-22 17:48:54 [INFO] Sent response to yolo/responses/3 | req_id=275
2025-11-22 17:48:54 [INFO] Received message | req_id=276 | expId=3
2025-11-22 17:48:54 [INFO] Image decoded in 0.0020 seconds
2025-11-22 17:48:55 [INFO] Inference done | req_id=276 | duration=0.45s
2025-11-22 17:48:55 [INFO] Sent response to yolo/responses/3 | req_id=276
2025-11-22 17:48:55 [INFO] Received message | req_id=277 | expId=3
2025-11-22 17:48:55 [INFO] Image decoded in 0.0025 seconds
2025-11-22 17:48:55 [INFO] Inference done | req_id=277 | duration=0.45s
2025-11-22 17:48:55 [INFO] Sent response to yolo/responses/3 | req_id=277
2025-11-22 17:48:55 [INFO] Received message | req_id=278 | expId=3
2025-11-22 17:48:55 [INFO] Image decoded in 0.0020 seconds
2025-11-22 17:48:55 [INFO] Inference done | req_id=278 | duration=0.45s
2025-11-22 17:48:55 [INFO] Sent response to yolo/responses/3 | req_id=278
2025-11-22 17:48:55 [INFO] Received message | req_id=279 | expId=3
2025-11-22 17:48:55 [INFO] Image decoded in 0.0030 seconds
2025-11-22 17:48:56 [INFO] Inference done | req_id=279 | duration=0.46s
2025-11-22 17:48:56 [INFO] Sent response to yolo/responses/3 | req_id=279
2025-11-22 17:48:56 [INFO] Received message | req_id=280 | expId=3
2025-11-22 17:48:56 [INFO] Image decoded in 0.0030 seconds
2025-11-22 17:48:56 [INFO] Inference done | req_id=280 | duration=0.47s
2025-11-22 17:48:56 [INFO] Sent response to yolo/responses/3 | req_id=280
2025-11-22 17:48:56 [INFO] Received message | req_id=281 | expId=3
2025-11-22 17:48:56 [INFO] Image decoded in 0.0030 seconds
2025-11-22 17:48:57 [INFO] Inference done | req_id=281 | duration=0.53s
2025-11-22 17:48:57 [INFO] Sent response to yolo/responses/3 | req_id=281
2025-11-22 17:48:57 [INFO] Received message | req_id=282 | expId=3
2025-11-22 17:48:57 [INFO] Image decoded in 0.0030 seconds
2025-11-22 17:48:57 [INFO] Inference done | req_id=282 | duration=0.47s
2025-11-22 17:48:57 [INFO] Sent response to yolo/responses/3 | req_id=282
2025-11-22 17:48:57 [INFO] Received message | req_id=283 | expId=3
2025-11-22 17:48:57 [INFO] Image decoded in 0.0030 seconds
2025-11-22 17:48:58 [INFO] Inference done | req_id=283 | duration=0.46s
2025-11-22 17:48:58 [INFO] Sent response to yolo/responses/3 | req_id=283
2025-11-22 17:48:58 [INFO] Received message | req_id=284 | expId=3
2025-11-22 17:48:58 [INFO] Image decoded in 0.0030 seconds
2025-11-22 17:48:58 [INFO] Inference done | req_id=284 | duration=0.46s
2025-11-22 17:48:58 [INFO] Sent response to yolo/responses/3 | req_id=284
2025-11-22 17:48:58 [INFO] Received message | req_id=285 | expId=3
2025-11-22 17:48:58 [INFO] Image decoded in 0.0030 seconds
2025-11-22 17:48:59 [INFO] Inference done | req_id=285 | duration=0.54s
2025-11-22 17:48:59 [INFO] Sent response to yolo/responses/3 | req_id=285
2025-11-22 17:48:59 [INFO] Received message | req_id=286 | expId=3
2025-11-22 17:48:59 [INFO] Image decoded in 0.0030 seconds
2025-11-22 17:48:59 [INFO] Inference done | req_id=286 | duration=0.41s
2025-11-22 17:48:59 [INFO] Sent response to yolo/responses/3 | req_id=286
2025-11-22 17:48:59 [INFO] Received message | req_id=287 | expId=3
2025-11-22 17:48:59 [INFO] Image decoded in 0.0020 seconds
2025-11-22 17:49:00 [INFO] Inference done | req_id=287 | duration=0.40s
2025-11-22 17:49:00 [INFO] Sent response to yolo/responses/3 | req_id=287
2025-11-22 17:49:00 [INFO] Received message | req_id=288 | expId=3
2025-11-22 17:49:00 [INFO] Image decoded in 0.0020 seconds
2025-11-22 17:49:00 [INFO] Inference done | req_id=288 | duration=0.41s
2025-11-22 17:49:00 [INFO] Sent response to yolo/responses/3 | req_id=288
2025-11-22 17:49:00 [INFO] Received message | req_id=289 | expId=3
2025-11-22 17:49:00 [INFO] Image decoded in 0.0020 seconds
2025-11-22 17:49:01 [INFO] Inference done | req_id=289 | duration=0.40s
2025-11-22 17:49:01 [INFO] Sent response to yolo/responses/3 | req_id=289
2025-11-22 17:49:01 [INFO] Received message | req_id=290 | expId=3
2025-11-22 17:49:01 [INFO] Image decoded in 0.0030 seconds
2025-11-22 17:49:01 [INFO] Inference done | req_id=290 | duration=0.46s
2025-11-22 17:49:01 [INFO] Sent response to yolo/responses/3 | req_id=290
2025-11-22 17:49:01 [INFO] Received message | req_id=291 | expId=3
2025-11-22 17:49:01 [INFO] Image decoded in 0.0030 seconds
2025-11-22 17:49:01 [INFO] Inference done | req_id=291 | duration=0.45s
2025-11-22 17:49:01 [INFO] Sent response to yolo/responses/3 | req_id=291
2025-11-22 17:49:01 [INFO] Received message | req_id=292 | expId=3
2025-11-22 17:49:01 [INFO] Image decoded in 0.0030 seconds
2025-11-22 17:49:02 [INFO] Inference done | req_id=292 | duration=0.46s
2025-11-22 17:49:02 [INFO] Sent response to yolo/responses/3 | req_id=292
2025-11-22 17:49:02 [INFO] Received message | req_id=293 | expId=3
2025-11-22 17:49:02 [INFO] Image decoded in 0.0030 seconds
2025-11-22 17:49:02 [INFO] Inference done | req_id=293 | duration=0.46s
2025-11-22 17:49:02 [INFO] Sent response to yolo/responses/3 | req_id=293
2025-11-22 17:49:03 [INFO] Received message | req_id=294 | expId=3
2025-11-22 17:49:03 [INFO] Image decoded in 0.0020 seconds
2025-11-22 17:49:03 [INFO] Inference done | req_id=294 | duration=0.46s
2025-11-22 17:49:03 [INFO] Sent response to yolo/responses/3 | req_id=294
2025-11-22 17:49:03 [INFO] Received message | req_id=295 | expId=3
2025-11-22 17:49:03 [INFO] Image decoded in 0.0030 seconds
2025-11-22 17:49:03 [INFO] Inference done | req_id=295 | duration=0.46s
2025-11-22 17:49:03 [INFO] Sent response to yolo/responses/3 | req_id=295
2025-11-22 17:49:03 [INFO] Received message | req_id=296 | expId=3
2025-11-22 17:49:03 [INFO] Image decoded in 0.0030 seconds
2025-11-22 17:49:04 [INFO] Inference done | req_id=296 | duration=0.47s
2025-11-22 17:49:04 [INFO] Sent response to yolo/responses/3 | req_id=296
2025-11-22 17:49:04 [INFO] Received message | req_id=297 | expId=3
2025-11-22 17:49:04 [INFO] Image decoded in 0.0020 seconds
2025-11-22 17:49:04 [INFO] Inference done | req_id=297 | duration=0.55s
2025-11-22 17:49:04 [INFO] Sent response to yolo/responses/3 | req_id=297
2025-11-22 17:49:04 [INFO] Received message | req_id=298 | expId=3
2025-11-22 17:49:04 [INFO] Image decoded in 0.0020 seconds
2025-11-22 17:49:05 [INFO] Inference done | req_id=298 | duration=0.40s
2025-11-22 17:49:05 [INFO] Sent response to yolo/responses/3 | req_id=298
2025-11-22 17:49:05 [INFO] Received message | req_id=299 | expId=3
2025-11-22 17:49:05 [INFO] Image decoded in 0.0030 seconds
2025-11-22 17:49:05 [INFO] Inference done | req_id=299 | duration=0.40s
2025-11-22 17:49:05 [INFO] Sent response to yolo/responses/3 | req_id=299
2025-11-22 17:49:05 [INFO] Received message | req_id=300 | expId=3
2025-11-22 17:49:05 [INFO] Image decoded in 0.0020 seconds
2025-11-22 17:49:06 [INFO] Inference done | req_id=300 | duration=0.40s
2025-11-22 17:49:06 [INFO] Sent response to yolo/responses/3 | req_id=300
2025-11-22 17:49:06 [INFO] Received message | req_id=301 | expId=3
2025-11-22 17:49:06 [INFO] Image decoded in 0.0032 seconds
2025-11-22 17:49:06 [INFO] Inference done | req_id=301 | duration=0.40s
2025-11-22 17:49:06 [INFO] Sent response to yolo/responses/3 | req_id=301
2025-11-22 17:49:06 [INFO] Received message | req_id=302 | expId=3
2025-11-22 17:49:06 [INFO] Image decoded in 0.0020 seconds
2025-11-22 17:49:07 [INFO] Inference done | req_id=302 | duration=0.47s
2025-11-22 17:49:07 [INFO] Sent response to yolo/responses/3 | req_id=302
2025-11-22 17:49:07 [INFO] Received message | req_id=303 | expId=3
2025-11-22 17:49:07 [INFO] Image decoded in 0.0028 seconds
2025-11-22 17:49:07 [INFO] Inference done | req_id=303 | duration=0.47s
2025-11-22 17:49:07 [INFO] Sent response to yolo/responses/3 | req_id=303
2025-11-22 17:49:07 [INFO] Received message | req_id=304 | expId=3
2025-11-22 17:49:07 [INFO] Image decoded in 0.0034 seconds
2025-11-22 17:49:08 [INFO] Inference done | req_id=304 | duration=0.47s
2025-11-22 17:49:08 [INFO] Sent response to yolo/responses/3 | req_id=304
2025-11-22 17:49:08 [INFO] Received message | req_id=305 | expId=3
2025-11-22 17:49:08 [INFO] Image decoded in 0.0020 seconds
2025-11-22 17:49:08 [INFO] Inference done | req_id=305 | duration=0.47s
2025-11-22 17:49:08 [INFO] Sent response to yolo/responses/3 | req_id=305
2025-11-22 17:49:08 [INFO] Received message | req_id=306 | expId=3
2025-11-22 17:49:08 [INFO] Image decoded in 0.0017 seconds
2025-11-22 17:49:08 [INFO] Inference done | req_id=306 | duration=0.46s
2025-11-22 17:49:08 [INFO] Sent response to yolo/responses/3 | req_id=306
2025-11-22 17:49:08 [INFO] Received message | req_id=307 | expId=3
2025-11-22 17:49:08 [INFO] Image decoded in 0.0020 seconds
2025-11-22 17:49:09 [INFO] Inference done | req_id=307 | duration=0.54s
2025-11-22 17:49:09 [INFO] Sent response to yolo/responses/3 | req_id=307
2025-11-22 17:49:09 [INFO] Received message | req_id=308 | expId=3
2025-11-22 17:49:09 [INFO] Image decoded in 0.0030 seconds
2025-11-22 17:49:09 [INFO] Inference done | req_id=308 | duration=0.46s
2025-11-22 17:49:09 [INFO] Sent response to yolo/responses/3 | req_id=308
2025-11-22 17:49:09 [INFO] Received message | req_id=309 | expId=3
2025-11-22 17:49:09 [INFO] Image decoded in 0.0030 seconds
2025-11-22 17:49:10 [INFO] Inference done | req_id=309 | duration=0.46s
2025-11-22 17:49:10 [INFO] Sent response to yolo/responses/3 | req_id=309
2025-11-22 17:49:10 [INFO] Received message | req_id=310 | expId=3
2025-11-22 17:49:10 [INFO] Image decoded in 0.0030 seconds
2025-11-22 17:49:10 [INFO] Inference done | req_id=310 | duration=0.47s
2025-11-22 17:49:10 [INFO] Sent response to yolo/responses/3 | req_id=310
2025-11-22 17:49:10 [INFO] Received message | req_id=311 | expId=3
2025-11-22 17:49:10 [INFO] Image decoded in 0.0020 seconds
2025-11-22 17:49:11 [INFO] Inference done | req_id=311 | duration=0.46s
2025-11-22 17:49:11 [INFO] Sent response to yolo/responses/3 | req_id=311
2025-11-22 17:49:11 [INFO] Received message | req_id=312 | expId=3
2025-11-22 17:49:11 [INFO] Image decoded in 0.0030 seconds
2025-11-22 17:49:11 [INFO] Inference done | req_id=312 | duration=0.46s
2025-11-22 17:49:11 [INFO] Sent response to yolo/responses/3 | req_id=312
2025-11-22 17:49:11 [INFO] Received message | req_id=313 | expId=3
2025-11-22 17:49:11 [INFO] Image decoded in 0.0034 seconds
2025-11-22 17:49:12 [INFO] Inference done | req_id=313 | duration=0.54s
2025-11-22 17:49:12 [INFO] Sent response to yolo/responses/3 | req_id=313
2025-11-22 17:49:12 [INFO] Received message | req_id=314 | expId=3
2025-11-22 17:49:12 [INFO] Image decoded in 0.0020 seconds
2025-11-22 17:49:12 [INFO] Inference done | req_id=314 | duration=0.42s
2025-11-22 17:49:12 [INFO] Sent response to yolo/responses/3 | req_id=314
2025-11-22 17:49:12 [INFO] Received message | req_id=315 | expId=3
2025-11-22 17:49:12 [INFO] Image decoded in 0.0020 seconds
2025-11-22 17:49:13 [INFO] Inference done | req_id=315 | duration=0.40s
2025-11-22 17:49:13 [INFO] Sent response to yolo/responses/3 | req_id=315
2025-11-22 17:49:13 [INFO] Received message | req_id=316 | expId=3
2025-11-22 17:49:13 [INFO] Image decoded in 0.0030 seconds
2025-11-22 17:49:13 [INFO] Inference done | req_id=316 | duration=0.40s
2025-11-22 17:49:13 [INFO] Sent response to yolo/responses/3 | req_id=316
2025-11-22 17:49:13 [INFO] Received message | req_id=317 | expId=3
2025-11-22 17:49:13 [INFO] Image decoded in 0.0020 seconds
2025-11-22 17:49:14 [INFO] Inference done | req_id=317 | duration=0.41s
2025-11-22 17:49:14 [INFO] Sent response to yolo/responses/3 | req_id=317
2025-11-22 17:49:14 [INFO] Received message | req_id=318 | expId=3
2025-11-22 17:49:14 [INFO] Image decoded in 0.0033 seconds
2025-11-22 17:49:14 [INFO] Inference done | req_id=318 | duration=0.43s
2025-11-22 17:49:14 [INFO] Sent response to yolo/responses/3 | req_id=318
2025-11-22 17:49:14 [INFO] Received message | req_id=319 | expId=3
2025-11-22 17:49:14 [INFO] Image decoded in 0.0020 seconds
2025-11-22 17:49:15 [INFO] Inference done | req_id=319 | duration=0.42s
2025-11-22 17:49:15 [INFO] Sent response to yolo/responses/3 | req_id=319
2025-11-22 17:49:15 [INFO] Received message | req_id=320 | expId=3
2025-11-22 17:49:15 [INFO] Image decoded in 0.0020 seconds
2025-11-22 17:49:15 [INFO] Inference done | req_id=320 | duration=0.44s
2025-11-22 17:49:15 [INFO] Sent response to yolo/responses/3 | req_id=320
2025-11-22 17:49:15 [INFO] Received message | req_id=321 | expId=3
2025-11-22 17:49:15 [INFO] Image decoded in 0.0020 seconds
2025-11-22 17:49:15 [INFO] Inference done | req_id=321 | duration=0.47s
2025-11-22 17:49:15 [INFO] Sent response to yolo/responses/3 | req_id=321
2025-11-22 17:49:15 [INFO] Received message | req_id=322 | expId=3
2025-11-22 17:49:15 [INFO] Image decoded in 0.0020 seconds
2025-11-22 17:49:16 [INFO] Inference done | req_id=322 | duration=0.48s
2025-11-22 17:49:16 [INFO] Sent response to yolo/responses/3 | req_id=322
2025-11-22 17:49:16 [INFO] Received message | req_id=323 | expId=3
2025-11-22 17:49:16 [INFO] Image decoded in 0.0030 seconds
2025-11-22 17:49:16 [INFO] Inference done | req_id=323 | duration=0.47s
2025-11-22 17:49:16 [INFO] Sent response to yolo/responses/3 | req_id=323
2025-11-22 17:49:16 [INFO] Received message | req_id=324 | expId=3
2025-11-22 17:49:16 [INFO] Image decoded in 0.0030 seconds
2025-11-22 17:49:17 [INFO] Inference done | req_id=324 | duration=0.48s
2025-11-22 17:49:17 [INFO] Sent response to yolo/responses/3 | req_id=324
2025-11-22 17:49:17 [INFO] Received message | req_id=325 | expId=3
2025-11-22 17:49:17 [INFO] Image decoded in 0.0020 seconds
2025-11-22 17:49:17 [INFO] Inference done | req_id=325 | duration=0.46s
2025-11-22 17:49:17 [INFO] Sent response to yolo/responses/3 | req_id=325
2025-11-22 17:49:17 [INFO] Received message | req_id=326 | expId=3
2025-11-22 17:49:17 [INFO] Image decoded in 0.0030 seconds
2025-11-22 17:49:18 [INFO] Inference done | req_id=326 | duration=0.47s
2025-11-22 17:49:18 [INFO] Sent response to yolo/responses/3 | req_id=326
2025-11-22 17:49:18 [INFO] Received message | req_id=327 | expId=3
2025-11-22 17:49:18 [INFO] Image decoded in 0.0030 seconds
2025-11-22 17:49:18 [INFO] Inference done | req_id=327 | duration=0.47s
2025-11-22 17:49:18 [INFO] Sent response to yolo/responses/3 | req_id=327
2025-11-22 17:49:18 [INFO] Received message | req_id=328 | expId=3
2025-11-22 17:49:18 [INFO] Image decoded in 0.0030 seconds
2025-11-22 17:49:19 [INFO] Inference done | req_id=328 | duration=0.55s
2025-11-22 17:49:19 [INFO] Sent response to yolo/responses/3 | req_id=328
2025-11-22 17:49:19 [INFO] Received message | req_id=329 | expId=3
2025-11-22 17:49:19 [INFO] Image decoded in 0.0030 seconds
2025-11-22 17:49:19 [INFO] Inference done | req_id=329 | duration=0.40s
2025-11-22 17:49:19 [INFO] Sent response to yolo/responses/3 | req_id=329
2025-11-22 17:49:19 [INFO] Received message | req_id=330 | expId=3
2025-11-22 17:49:19 [INFO] Image decoded in 0.0020 seconds
2025-11-22 17:49:20 [INFO] Inference done | req_id=330 | duration=0.40s
2025-11-22 17:49:20 [INFO] Sent response to yolo/responses/3 | req_id=330
2025-11-22 17:49:20 [INFO] Received message | req_id=331 | expId=3
2025-11-22 17:49:20 [INFO] Image decoded in 0.0030 seconds
2025-11-22 17:49:20 [INFO] Inference done | req_id=331 | duration=0.41s
2025-11-22 17:49:20 [INFO] Sent response to yolo/responses/3 | req_id=331
2025-11-22 17:49:20 [INFO] Received message | req_id=332 | expId=3
2025-11-22 17:49:20 [INFO] Image decoded in 0.0030 seconds
2025-11-22 17:49:20 [INFO] Inference done | req_id=332 | duration=0.40s
2025-11-22 17:49:20 [INFO] Sent response to yolo/responses/3 | req_id=332
2025-11-22 17:49:21 [INFO] Received message | req_id=333 | expId=3
2025-11-22 17:49:21 [INFO] Image decoded in 0.0025 seconds
2025-11-22 17:49:21 [INFO] Inference done | req_id=333 | duration=0.46s
2025-11-22 17:49:21 [INFO] Sent response to yolo/responses/3 | req_id=333
2025-11-22 17:49:21 [INFO] Received message | req_id=334 | expId=3
2025-11-22 17:49:21 [INFO] Image decoded in 0.0030 seconds
2025-11-22 17:49:22 [INFO] Inference done | req_id=334 | duration=0.45s
2025-11-22 17:49:22 [INFO] Sent response to yolo/responses/3 | req_id=334
2025-11-22 17:49:22 [INFO] Received message | req_id=335 | expId=3
2025-11-22 17:49:22 [INFO] Image decoded in 0.0020 seconds
2025-11-22 17:49:22 [INFO] Inference done | req_id=335 | duration=0.46s
2025-11-22 17:49:22 [INFO] Sent response to yolo/responses/3 | req_id=335
2025-11-22 17:49:22 [INFO] Received message | req_id=336 | expId=3
2025-11-22 17:49:22 [INFO] Image decoded in 0.0030 seconds
2025-11-22 17:49:22 [INFO] Inference done | req_id=336 | duration=0.47s
2025-11-22 17:49:22 [INFO] Sent response to yolo/responses/3 | req_id=336
2025-11-22 17:49:22 [INFO] Received message | req_id=337 | expId=3
2025-11-22 17:49:22 [INFO] Image decoded in 0.0020 seconds
2025-11-22 17:49:23 [INFO] Inference done | req_id=337 | duration=0.47s
2025-11-22 17:49:23 [INFO] Sent response to yolo/responses/3 | req_id=337
2025-11-22 17:49:23 [INFO] Received message | req_id=338 | expId=3
2025-11-22 17:49:23 [INFO] Image decoded in 0.0022 seconds
2025-11-22 17:49:23 [INFO] Inference done | req_id=338 | duration=0.55s
2025-11-22 17:49:23 [INFO] Sent response to yolo/responses/3 | req_id=338
2025-11-22 17:49:23 [INFO] Received message | req_id=339 | expId=3
2025-11-22 17:49:23 [INFO] Image decoded in 0.0020 seconds
2025-11-22 17:49:24 [INFO] Inference done | req_id=339 | duration=0.40s
2025-11-22 17:49:24 [INFO] Sent response to yolo/responses/3 | req_id=339
2025-11-22 17:49:24 [INFO] Received message | req_id=340 | expId=3
2025-11-22 17:49:24 [INFO] Image decoded in 0.0030 seconds
2025-11-22 17:49:24 [INFO] Inference done | req_id=340 | duration=0.40s
2025-11-22 17:49:24 [INFO] Sent response to yolo/responses/3 | req_id=340
2025-11-22 17:49:24 [INFO] Received message | req_id=341 | expId=3
2025-11-22 17:49:24 [INFO] Image decoded in 0.0024 seconds
2025-11-22 17:49:25 [INFO] Inference done | req_id=341 | duration=0.40s
2025-11-22 17:49:25 [INFO] Sent response to yolo/responses/3 | req_id=341
2025-11-22 17:49:25 [INFO] Received message | req_id=342 | expId=3
2025-11-22 17:49:25 [INFO] Image decoded in 0.0030 seconds
2025-11-22 17:49:25 [INFO] Inference done | req_id=342 | duration=0.40s
2025-11-22 17:49:25 [INFO] Sent response to yolo/responses/3 | req_id=342
2025-11-22 17:49:25 [INFO] Received message | req_id=343 | expId=3
2025-11-22 17:49:25 [INFO] Image decoded in 0.0020 seconds
2025-11-22 17:49:26 [INFO] Inference done | req_id=343 | duration=0.46s
2025-11-22 17:49:26 [INFO] Sent response to yolo/responses/3 | req_id=343
2025-11-22 17:49:26 [INFO] Received message | req_id=344 | expId=3
2025-11-22 17:49:26 [INFO] Image decoded in 0.0020 seconds
2025-11-22 17:49:26 [INFO] Inference done | req_id=344 | duration=0.45s
2025-11-22 17:49:26 [INFO] Sent response to yolo/responses/3 | req_id=344
2025-11-22 17:49:26 [INFO] Received message | req_id=345 | expId=3
2025-11-22 17:49:26 [INFO] Image decoded in 0.0030 seconds
2025-11-22 17:49:27 [INFO] Inference done | req_id=345 | duration=0.47s
2025-11-22 17:49:27 [INFO] Sent response to yolo/responses/3 | req_id=345
2025-11-22 17:49:27 [INFO] Received message | req_id=346 | expId=3
2025-11-22 17:49:27 [INFO] Image decoded in 0.0020 seconds
2025-11-22 17:49:27 [INFO] Inference done | req_id=346 | duration=0.46s
2025-11-22 17:49:27 [INFO] Sent response to yolo/responses/3 | req_id=346
2025-11-22 17:49:27 [INFO] Received message | req_id=347 | expId=3
2025-11-22 17:49:27 [INFO] Image decoded in 0.0021 seconds
2025-11-22 17:49:27 [INFO] Inference done | req_id=347 | duration=0.46s
2025-11-22 17:49:27 [INFO] Sent response to yolo/responses/3 | req_id=347
2025-11-22 17:49:27 [INFO] Received message | req_id=348 | expId=3
2025-11-22 17:49:27 [INFO] Image decoded in 0.0030 seconds
2025-11-22 17:49:28 [INFO] Inference done | req_id=348 | duration=0.48s
2025-11-22 17:49:28 [INFO] Sent response to yolo/responses/3 | req_id=348
2025-11-22 17:49:28 [INFO] Received message | req_id=349 | expId=3
2025-11-22 17:49:28 [INFO] Image decoded in 0.0020 seconds
2025-11-22 17:49:28 [INFO] Inference done | req_id=349 | duration=0.46s
2025-11-22 17:49:28 [INFO] Sent response to yolo/responses/3 | req_id=349
2025-11-22 17:49:28 [INFO] Received message | req_id=350 | expId=3
2025-11-22 17:49:28 [INFO] Image decoded in 0.0030 seconds
2025-11-22 17:49:29 [INFO] Inference done | req_id=350 | duration=0.53s
2025-11-22 17:49:29 [INFO] Sent response to yolo/responses/3 | req_id=350
2025-11-22 17:49:29 [INFO] Received message | req_id=351 | expId=3
2025-11-22 17:49:29 [INFO] Image decoded in 0.0028 seconds
2025-11-22 17:49:29 [INFO] Inference done | req_id=351 | duration=0.46s
2025-11-22 17:49:29 [INFO] Sent response to yolo/responses/3 | req_id=351
2025-11-22 17:49:29 [INFO] Received message | req_id=352 | expId=3
2025-11-22 17:49:29 [INFO] Image decoded in 0.0030 seconds
2025-11-22 17:49:30 [INFO] Inference done | req_id=352 | duration=0.46s
2025-11-22 17:49:30 [INFO] Sent response to yolo/responses/3 | req_id=352
2025-11-22 17:49:30 [INFO] Received message | req_id=353 | expId=3
2025-11-22 17:49:30 [INFO] Image decoded in 0.0020 seconds
2025-11-22 17:49:30 [INFO] Inference done | req_id=353 | duration=0.46s
2025-11-22 17:49:30 [INFO] Sent response to yolo/responses/3 | req_id=353
2025-11-22 17:49:30 [INFO] Received message | req_id=354 | expId=3
2025-11-22 17:49:30 [INFO] Image decoded in 0.0030 seconds
2025-11-22 17:49:31 [INFO] Inference done | req_id=354 | duration=0.55s
2025-11-22 17:49:31 [INFO] Sent response to yolo/responses/3 | req_id=354
2025-11-22 17:49:31 [INFO] Received message | req_id=355 | expId=3
2025-11-22 17:49:31 [INFO] Image decoded in 0.0020 seconds
2025-11-22 17:49:31 [INFO] Inference done | req_id=355 | duration=0.41s
2025-11-22 17:49:31 [INFO] Sent response to yolo/responses/3 | req_id=355
2025-11-22 17:49:31 [INFO] Received message | req_id=356 | expId=3
2025-11-22 17:49:31 [INFO] Image decoded in 0.0033 seconds
2025-11-22 17:49:32 [INFO] Inference done | req_id=356 | duration=0.41s
2025-11-22 17:49:32 [INFO] Sent response to yolo/responses/3 | req_id=356
2025-11-22 17:49:32 [INFO] Received message | req_id=357 | expId=3
2025-11-22 17:49:32 [INFO] Image decoded in 0.0030 seconds
2025-11-22 17:49:32 [INFO] Inference done | req_id=357 | duration=0.40s
2025-11-22 17:49:32 [INFO] Sent response to yolo/responses/3 | req_id=357
2025-11-22 17:49:32 [INFO] Received message | req_id=358 | expId=3
2025-11-22 17:49:32 [INFO] Image decoded in 0.0020 seconds
2025-11-22 17:49:33 [INFO] Inference done | req_id=358 | duration=0.41s
2025-11-22 17:49:33 [INFO] Sent response to yolo/responses/3 | req_id=358
2025-11-22 17:49:33 [INFO] Received message | req_id=359 | expId=3
2025-11-22 17:49:33 [INFO] Image decoded in 0.0020 seconds
2025-11-22 17:49:33 [INFO] Inference done | req_id=359 | duration=0.45s
2025-11-22 17:49:33 [INFO] Sent response to yolo/responses/3 | req_id=359
