2025-12-22 16:34:43 [INFO] === Starting network test ===
2025-12-22 16:35:05 [INFO] Ping to 8.8.8.8: 14.56 ms
2025-12-22 16:35:05 [INFO] Download Speed: 52.50 Mbps
2025-12-22 16:35:05 [INFO] Upload Speed: 21.17 Mbps
2025-12-22 16:35:05 [INFO] Initializing YOLO model...
2025-12-22 16:35:05 [INFO] === Starting FPS=1 experiment ===
2025-12-22 16:35:05 [INFO] Running iteration 1/60 | FPS=1
2025-12-22 16:35:07 [INFO] Running iteration 2/60 | FPS=1
2025-12-22 16:35:09 [INFO] Running iteration 3/60 | FPS=1
2025-12-22 16:35:10 [INFO] Running iteration 4/60 | FPS=1
2025-12-22 16:35:12 [INFO] Running iteration 5/60 | FPS=1
2025-12-22 16:35:14 [INFO] Running iteration 6/60 | FPS=1
2025-12-22 16:35:15 [INFO] Running iteration 7/60 | FPS=1
2025-12-22 16:35:17 [INFO] Running iteration 8/60 | FPS=1
2025-12-22 16:35:18 [INFO] Running iteration 9/60 | FPS=1
2025-12-22 16:35:20 [INFO] Running iteration 10/60 | FPS=1
2025-12-22 16:35:21 [INFO] Running iteration 11/60 | FPS=1
2025-12-22 16:35:23 [INFO] Running iteration 12/60 | FPS=1
2025-12-22 16:35:25 [INFO] Running iteration 13/60 | FPS=1
2025-12-22 16:35:26 [INFO] Running iteration 14/60 | FPS=1
2025-12-22 16:35:28 [INFO] Running iteration 15/60 | FPS=1
2025-12-22 16:35:29 [INFO] Running iteration 16/60 | FPS=1
2025-12-22 16:35:31 [INFO] Running iteration 17/60 | FPS=1
2025-12-22 16:35:32 [INFO] Running iteration 18/60 | FPS=1
2025-12-22 16:35:34 [INFO] Running iteration 19/60 | FPS=1
2025-12-22 16:35:36 [INFO] Running iteration 20/60 | FPS=1
2025-12-22 16:35:37 [INFO] Running iteration 21/60 | FPS=1
2025-12-22 16:35:39 [INFO] Running iteration 22/60 | FPS=1
2025-12-22 16:35:40 [INFO] Running iteration 23/60 | FPS=1
2025-12-22 16:35:42 [INFO] Running iteration 24/60 | FPS=1
2025-12-22 16:35:44 [INFO] Running iteration 25/60 | FPS=1
2025-12-22 16:35:45 [INFO] Running iteration 26/60 | FPS=1
2025-12-22 16:35:47 [INFO] Running iteration 27/60 | FPS=1
2025-12-22 16:35:48 [INFO] Running iteration 28/60 | FPS=1
2025-12-22 16:35:50 [INFO] Running iteration 29/60 | FPS=1
2025-12-22 16:35:51 [INFO] Running iteration 30/60 | FPS=1
2025-12-22 16:35:53 [INFO] Running iteration 31/60 | FPS=1
2025-12-22 16:35:54 [INFO] Running iteration 32/60 | FPS=1
2025-12-22 16:35:56 [INFO] Running iteration 33/60 | FPS=1
2025-12-22 16:35:58 [INFO] Running iteration 34/60 | FPS=1
2025-12-22 16:35:59 [INFO] Running iteration 35/60 | FPS=1
2025-12-22 16:36:01 [INFO] Running iteration 36/60 | FPS=1
2025-12-22 16:36:02 [INFO] Running iteration 37/60 | FPS=1
2025-12-22 16:36:04 [INFO] Running iteration 38/60 | FPS=1
2025-12-22 16:36:05 [INFO] Running iteration 39/60 | FPS=1
2025-12-22 16:36:07 [INFO] Running iteration 40/60 | FPS=1
2025-12-22 16:36:09 [INFO] Running iteration 41/60 | FPS=1
2025-12-22 16:36:10 [INFO] Running iteration 42/60 | FPS=1
2025-12-22 16:36:12 [INFO] Running iteration 43/60 | FPS=1
2025-12-22 16:36:13 [INFO] Running iteration 44/60 | FPS=1
2025-12-22 16:36:15 [INFO] Running iteration 45/60 | FPS=1
2025-12-22 16:36:16 [INFO] Running iteration 46/60 | FPS=1
2025-12-22 16:36:18 [INFO] Running iteration 47/60 | FPS=1
2025-12-22 16:36:20 [INFO] Running iteration 48/60 | FPS=1
2025-12-22 16:36:21 [INFO] Running iteration 49/60 | FPS=1
2025-12-22 16:36:23 [INFO] Running iteration 50/60 | FPS=1
2025-12-22 16:36:24 [INFO] Running iteration 51/60 | FPS=1
2025-12-22 16:36:26 [INFO] Running iteration 52/60 | FPS=1
2025-12-22 16:36:27 [INFO] Running iteration 53/60 | FPS=1
2025-12-22 16:36:29 [INFO] Running iteration 54/60 | FPS=1
2025-12-22 16:36:31 [INFO] Running iteration 55/60 | FPS=1
2025-12-22 16:36:32 [INFO] Running iteration 56/60 | FPS=1
2025-12-22 16:36:34 [INFO] Running iteration 57/60 | FPS=1
2025-12-22 16:36:35 [INFO] Running iteration 58/60 | FPS=1
2025-12-22 16:36:37 [INFO] Running iteration 59/60 | FPS=1
2025-12-22 16:36:38 [INFO] Running iteration 60/60 | FPS=1
2025-12-22 16:36:40 [INFO] === Starting FPS=5 experiment ===
2025-12-22 16:36:40 [INFO] Running iteration 1/60 | FPS=5
2025-12-22 16:36:41 [INFO] Running iteration 2/60 | FPS=5
2025-12-22 16:36:42 [INFO] Running iteration 3/60 | FPS=5
2025-12-22 16:36:42 [INFO] Running iteration 4/60 | FPS=5
2025-12-22 16:36:43 [INFO] Running iteration 5/60 | FPS=5
2025-12-22 16:36:44 [INFO] Running iteration 6/60 | FPS=5
2025-12-22 16:36:45 [INFO] Running iteration 7/60 | FPS=5
2025-12-22 16:36:46 [INFO] Running iteration 8/60 | FPS=5
2025-12-22 16:36:46 [INFO] Running iteration 9/60 | FPS=5
2025-12-22 16:36:47 [INFO] Running iteration 10/60 | FPS=5
2025-12-22 16:36:48 [INFO] Running iteration 11/60 | FPS=5
2025-12-22 16:36:49 [INFO] Running iteration 12/60 | FPS=5
2025-12-22 16:36:49 [INFO] Running iteration 13/60 | FPS=5
2025-12-22 16:36:50 [INFO] Running iteration 14/60 | FPS=5
2025-12-22 16:36:51 [INFO] Running iteration 15/60 | FPS=5
2025-12-22 16:36:52 [INFO] Running iteration 16/60 | FPS=5
2025-12-22 16:36:53 [INFO] Running iteration 17/60 | FPS=5
2025-12-22 16:36:54 [INFO] Running iteration 18/60 | FPS=5
2025-12-22 16:36:54 [INFO] Running iteration 19/60 | FPS=5
2025-12-22 16:36:55 [INFO] Running iteration 20/60 | FPS=5
2025-12-22 16:36:56 [INFO] Running iteration 21/60 | FPS=5
2025-12-22 16:36:57 [INFO] Running iteration 22/60 | FPS=5
2025-12-22 16:36:57 [INFO] Running iteration 23/60 | FPS=5
2025-12-22 16:36:58 [INFO] Running iteration 24/60 | FPS=5
2025-12-22 16:36:59 [INFO] Running iteration 25/60 | FPS=5
2025-12-22 16:37:00 [INFO] Running iteration 26/60 | FPS=5
2025-12-22 16:37:00 [INFO] Running iteration 27/60 | FPS=5
2025-12-22 16:37:01 [INFO] Running iteration 28/60 | FPS=5
2025-12-22 16:37:02 [INFO] Running iteration 29/60 | FPS=5
2025-12-22 16:37:03 [INFO] Running iteration 30/60 | FPS=5
2025-12-22 16:37:03 [INFO] Running iteration 31/60 | FPS=5
2025-12-22 16:37:04 [INFO] Running iteration 32/60 | FPS=5
2025-12-22 16:37:05 [INFO] Running iteration 33/60 | FPS=5
2025-12-22 16:37:06 [INFO] Running iteration 34/60 | FPS=5
2025-12-22 16:37:07 [INFO] Running iteration 35/60 | FPS=5
2025-12-22 16:37:07 [INFO] Running iteration 36/60 | FPS=5
2025-12-22 16:37:08 [INFO] Running iteration 37/60 | FPS=5
2025-12-22 16:37:09 [INFO] Running iteration 38/60 | FPS=5
2025-12-22 16:37:10 [INFO] Running iteration 39/60 | FPS=5
2025-12-22 16:37:11 [INFO] Running iteration 40/60 | FPS=5
2025-12-22 16:37:12 [INFO] Running iteration 41/60 | FPS=5
2025-12-22 16:37:13 [INFO] Running iteration 42/60 | FPS=5
2025-12-22 16:37:14 [INFO] Running iteration 43/60 | FPS=5
2025-12-22 16:37:15 [INFO] Running iteration 44/60 | FPS=5
2025-12-22 16:37:16 [INFO] Running iteration 45/60 | FPS=5
2025-12-22 16:37:17 [INFO] Running iteration 46/60 | FPS=5
2025-12-22 16:37:18 [INFO] Running iteration 47/60 | FPS=5
2025-12-22 16:37:18 [INFO] Running iteration 48/60 | FPS=5
2025-12-22 16:37:19 [INFO] Running iteration 49/60 | FPS=5
2025-12-22 16:37:20 [INFO] Running iteration 50/60 | FPS=5
2025-12-22 16:37:21 [INFO] Running iteration 51/60 | FPS=5
2025-12-22 16:37:22 [INFO] Running iteration 52/60 | FPS=5
2025-12-22 16:37:23 [INFO] Running iteration 53/60 | FPS=5
2025-12-22 16:37:24 [INFO] Running iteration 54/60 | FPS=5
2025-12-22 16:37:25 [INFO] Running iteration 55/60 | FPS=5
2025-12-22 16:37:26 [INFO] Running iteration 56/60 | FPS=5
2025-12-22 16:37:27 [INFO] Running iteration 57/60 | FPS=5
2025-12-22 16:37:28 [INFO] Running iteration 58/60 | FPS=5
2025-12-22 16:37:29 [INFO] Running iteration 59/60 | FPS=5
2025-12-22 16:37:30 [INFO] Running iteration 60/60 | FPS=5
2025-12-22 16:37:31 [INFO] === Starting FPS=10 experiment ===
2025-12-22 16:37:31 [INFO] Running iteration 1/60 | FPS=10
2025-12-22 16:37:32 [INFO] Running iteration 2/60 | FPS=10
2025-12-22 16:37:33 [INFO] Running iteration 3/60 | FPS=10
2025-12-22 16:37:34 [INFO] Running iteration 4/60 | FPS=10
2025-12-22 16:37:35 [INFO] Running iteration 5/60 | FPS=10
2025-12-22 16:37:36 [INFO] Running iteration 6/60 | FPS=10
2025-12-22 16:37:36 [INFO] Running iteration 7/60 | FPS=10
2025-12-22 16:37:37 [INFO] Running iteration 8/60 | FPS=10
2025-12-22 16:37:38 [INFO] Running iteration 9/60 | FPS=10
2025-12-22 16:37:39 [INFO] Running iteration 10/60 | FPS=10
2025-12-22 16:37:40 [INFO] Running iteration 11/60 | FPS=10
2025-12-22 16:37:41 [INFO] Running iteration 12/60 | FPS=10
2025-12-22 16:37:42 [INFO] Running iteration 13/60 | FPS=10
2025-12-22 16:37:43 [INFO] Running iteration 14/60 | FPS=10
2025-12-22 16:37:43 [INFO] Running iteration 15/60 | FPS=10
2025-12-22 16:37:44 [INFO] Running iteration 16/60 | FPS=10
2025-12-22 16:37:45 [INFO] Running iteration 17/60 | FPS=10
2025-12-22 16:37:46 [INFO] Running iteration 18/60 | FPS=10
2025-12-22 16:37:47 [INFO] Running iteration 19/60 | FPS=10
2025-12-22 16:37:48 [INFO] Running iteration 20/60 | FPS=10
2025-12-22 16:37:48 [INFO] Running iteration 21/60 | FPS=10
2025-12-22 16:37:49 [INFO] Running iteration 22/60 | FPS=10
2025-12-22 16:37:50 [INFO] Running iteration 23/60 | FPS=10
2025-12-22 16:37:51 [INFO] Running iteration 24/60 | FPS=10
2025-12-22 16:37:52 [INFO] Running iteration 25/60 | FPS=10
2025-12-22 16:37:53 [INFO] Running iteration 26/60 | FPS=10
2025-12-22 16:37:54 [INFO] Running iteration 27/60 | FPS=10
2025-12-22 16:37:54 [INFO] Running iteration 28/60 | FPS=10
2025-12-22 16:37:55 [INFO] Running iteration 29/60 | FPS=10
2025-12-22 16:37:56 [INFO] Running iteration 30/60 | FPS=10
2025-12-22 16:37:57 [INFO] Running iteration 31/60 | FPS=10
2025-12-22 16:37:58 [INFO] Running iteration 32/60 | FPS=10
2025-12-22 16:37:59 [INFO] Running iteration 33/60 | FPS=10
2025-12-22 16:38:00 [INFO] Running iteration 34/60 | FPS=10
2025-12-22 16:38:00 [INFO] Running iteration 35/60 | FPS=10
2025-12-22 16:38:01 [INFO] Running iteration 36/60 | FPS=10
2025-12-22 16:38:02 [INFO] Running iteration 37/60 | FPS=10
2025-12-22 16:38:03 [INFO] Running iteration 38/60 | FPS=10
2025-12-22 16:38:04 [INFO] Running iteration 39/60 | FPS=10
2025-12-22 16:38:05 [INFO] Running iteration 40/60 | FPS=10
2025-12-22 16:38:06 [INFO] Running iteration 41/60 | FPS=10
2025-12-22 16:38:07 [INFO] Running iteration 42/60 | FPS=10
2025-12-22 16:38:07 [INFO] Running iteration 43/60 | FPS=10
2025-12-22 16:38:08 [INFO] Running iteration 44/60 | FPS=10
2025-12-22 16:38:09 [INFO] Running iteration 45/60 | FPS=10
2025-12-22 16:38:10 [INFO] Running iteration 46/60 | FPS=10
2025-12-22 16:38:11 [INFO] Running iteration 47/60 | FPS=10
2025-12-22 16:38:12 [INFO] Running iteration 48/60 | FPS=10
2025-12-22 16:38:13 [INFO] Running iteration 49/60 | FPS=10
2025-12-22 16:38:13 [INFO] Running iteration 50/60 | FPS=10
2025-12-22 16:38:14 [INFO] Running iteration 51/60 | FPS=10
2025-12-22 16:38:15 [INFO] Running iteration 52/60 | FPS=10
2025-12-22 16:38:16 [INFO] Running iteration 53/60 | FPS=10
2025-12-22 16:38:17 [INFO] Running iteration 54/60 | FPS=10
2025-12-22 16:38:18 [INFO] Running iteration 55/60 | FPS=10
2025-12-22 16:38:19 [INFO] Running iteration 56/60 | FPS=10
2025-12-22 16:38:19 [INFO] Running iteration 57/60 | FPS=10
2025-12-22 16:38:20 [INFO] Running iteration 58/60 | FPS=10
2025-12-22 16:38:21 [INFO] Running iteration 59/60 | FPS=10
2025-12-22 16:38:22 [INFO] Running iteration 60/60 | FPS=10
2025-12-22 16:38:23 [INFO] === Starting FPS=20 experiment ===
2025-12-22 16:38:23 [INFO] Running iteration 1/60 | FPS=20
2025-12-22 16:38:24 [INFO] Running iteration 2/60 | FPS=20
2025-12-22 16:38:24 [INFO] Running iteration 3/60 | FPS=20
2025-12-22 16:38:25 [INFO] Running iteration 4/60 | FPS=20
2025-12-22 16:38:26 [INFO] Running iteration 5/60 | FPS=20
2025-12-22 16:38:27 [INFO] Running iteration 6/60 | FPS=20
2025-12-22 16:38:28 [INFO] Running iteration 7/60 | FPS=20
2025-12-22 16:38:28 [INFO] Running iteration 8/60 | FPS=20
2025-12-22 16:38:29 [INFO] Running iteration 9/60 | FPS=20
2025-12-22 16:38:30 [INFO] Running iteration 10/60 | FPS=20
2025-12-22 16:38:31 [INFO] Running iteration 11/60 | FPS=20
2025-12-22 16:38:32 [INFO] Running iteration 12/60 | FPS=20
2025-12-22 16:38:33 [INFO] Running iteration 13/60 | FPS=20
2025-12-22 16:38:34 [INFO] Running iteration 14/60 | FPS=20
2025-12-22 16:38:35 [INFO] Running iteration 15/60 | FPS=20
2025-12-22 16:38:35 [INFO] Running iteration 16/60 | FPS=20
2025-12-22 16:38:36 [INFO] Running iteration 17/60 | FPS=20
2025-12-22 16:38:37 [INFO] Running iteration 18/60 | FPS=20
2025-12-22 16:38:38 [INFO] Running iteration 19/60 | FPS=20
2025-12-22 16:38:39 [INFO] Running iteration 20/60 | FPS=20
2025-12-22 16:38:40 [INFO] Running iteration 21/60 | FPS=20
2025-12-22 16:38:41 [INFO] Running iteration 22/60 | FPS=20
2025-12-22 16:38:42 [INFO] Running iteration 23/60 | FPS=20
2025-12-22 16:38:42 [INFO] Running iteration 24/60 | FPS=20
2025-12-22 16:38:43 [INFO] Running iteration 25/60 | FPS=20
2025-12-22 16:38:44 [INFO] Running iteration 26/60 | FPS=20
2025-12-22 16:38:44 [INFO] Running iteration 27/60 | FPS=20
2025-12-22 16:38:45 [INFO] Running iteration 28/60 | FPS=20
2025-12-22 16:38:46 [INFO] Running iteration 29/60 | FPS=20
2025-12-22 16:38:46 [INFO] Running iteration 30/60 | FPS=20
2025-12-22 16:38:47 [INFO] Running iteration 31/60 | FPS=20
2025-12-22 16:38:48 [INFO] Running iteration 32/60 | FPS=20
2025-12-22 16:38:48 [INFO] Running iteration 33/60 | FPS=20
2025-12-22 16:38:49 [INFO] Running iteration 34/60 | FPS=20
2025-12-22 16:38:49 [INFO] Running iteration 35/60 | FPS=20
2025-12-22 16:38:50 [INFO] Running iteration 36/60 | FPS=20
2025-12-22 16:38:51 [INFO] Running iteration 37/60 | FPS=20
2025-12-22 16:38:51 [INFO] Running iteration 38/60 | FPS=20
2025-12-22 16:38:52 [INFO] Running iteration 39/60 | FPS=20
2025-12-22 16:38:52 [INFO] Running iteration 40/60 | FPS=20
2025-12-22 16:38:53 [INFO] Running iteration 41/60 | FPS=20
2025-12-22 16:38:54 [INFO] Running iteration 42/60 | FPS=20
2025-12-22 16:38:54 [INFO] Running iteration 43/60 | FPS=20
2025-12-22 16:38:55 [INFO] Running iteration 44/60 | FPS=20
2025-12-22 16:38:56 [INFO] Running iteration 45/60 | FPS=20
2025-12-22 16:38:56 [INFO] Running iteration 46/60 | FPS=20
2025-12-22 16:38:57 [INFO] Running iteration 47/60 | FPS=20
2025-12-22 16:38:57 [INFO] Running iteration 48/60 | FPS=20
2025-12-22 16:38:58 [INFO] Running iteration 49/60 | FPS=20
2025-12-22 16:38:59 [INFO] Running iteration 50/60 | FPS=20
2025-12-22 16:38:59 [INFO] Running iteration 51/60 | FPS=20
2025-12-22 16:39:00 [INFO] Running iteration 52/60 | FPS=20
2025-12-22 16:39:01 [INFO] Running iteration 53/60 | FPS=20
2025-12-22 16:39:01 [INFO] Running iteration 54/60 | FPS=20
2025-12-22 16:39:02 [INFO] Running iteration 55/60 | FPS=20
2025-12-22 16:39:03 [INFO] Running iteration 56/60 | FPS=20
2025-12-22 16:39:03 [INFO] Running iteration 57/60 | FPS=20
2025-12-22 16:39:04 [INFO] Running iteration 58/60 | FPS=20
2025-12-22 16:39:05 [INFO] Running iteration 59/60 | FPS=20
2025-12-22 16:39:05 [INFO] Running iteration 60/60 | FPS=20
2025-12-22 16:39:06 [INFO] === Starting FPS=40 experiment ===
2025-12-22 16:39:06 [INFO] Running iteration 1/60 | FPS=40
2025-12-22 16:39:06 [INFO] Running iteration 2/60 | FPS=40
2025-12-22 16:39:07 [INFO] Running iteration 3/60 | FPS=40
2025-12-22 16:39:08 [INFO] Running iteration 4/60 | FPS=40
2025-12-22 16:39:09 [INFO] Running iteration 5/60 | FPS=40
2025-12-22 16:39:09 [INFO] Running iteration 6/60 | FPS=40
2025-12-22 16:39:10 [INFO] Running iteration 7/60 | FPS=40
2025-12-22 16:39:11 [INFO] Running iteration 8/60 | FPS=40
2025-12-22 16:39:12 [INFO] Running iteration 9/60 | FPS=40
2025-12-22 16:39:13 [INFO] Running iteration 10/60 | FPS=40
2025-12-22 16:39:13 [INFO] Running iteration 11/60 | FPS=40
2025-12-22 16:39:14 [INFO] Running iteration 12/60 | FPS=40
2025-12-22 16:39:15 [INFO] Running iteration 13/60 | FPS=40
2025-12-22 16:39:16 [INFO] Running iteration 14/60 | FPS=40
2025-12-22 16:39:17 [INFO] Running iteration 15/60 | FPS=40
2025-12-22 16:39:17 [INFO] Running iteration 16/60 | FPS=40
2025-12-22 16:39:18 [INFO] Running iteration 17/60 | FPS=40
2025-12-22 16:39:19 [INFO] Running iteration 18/60 | FPS=40
2025-12-22 16:39:20 [INFO] Running iteration 19/60 | FPS=40
2025-12-22 16:39:20 [INFO] Running iteration 20/60 | FPS=40
2025-12-22 16:39:21 [INFO] Running iteration 21/60 | FPS=40
2025-12-22 16:39:22 [INFO] Running iteration 22/60 | FPS=40
2025-12-22 16:39:23 [INFO] Running iteration 23/60 | FPS=40
2025-12-22 16:39:24 [INFO] Running iteration 24/60 | FPS=40
2025-12-22 16:39:24 [INFO] Running iteration 25/60 | FPS=40
2025-12-22 16:39:25 [INFO] Running iteration 26/60 | FPS=40
2025-12-22 16:39:26 [INFO] Running iteration 27/60 | FPS=40
2025-12-22 16:39:27 [INFO] Running iteration 28/60 | FPS=40
2025-12-22 16:39:28 [INFO] Running iteration 29/60 | FPS=40
2025-12-22 16:39:28 [INFO] Running iteration 30/60 | FPS=40
2025-12-22 16:39:29 [INFO] Running iteration 31/60 | FPS=40
2025-12-22 16:39:30 [INFO] Running iteration 32/60 | FPS=40
2025-12-22 16:39:31 [INFO] Running iteration 33/60 | FPS=40
2025-12-22 16:39:31 [INFO] Running iteration 34/60 | FPS=40
2025-12-22 16:39:32 [INFO] Running iteration 35/60 | FPS=40
2025-12-22 16:39:33 [INFO] Running iteration 36/60 | FPS=40
2025-12-22 16:39:34 [INFO] Running iteration 37/60 | FPS=40
2025-12-22 16:39:34 [INFO] Running iteration 38/60 | FPS=40
2025-12-22 16:39:35 [INFO] Running iteration 39/60 | FPS=40
2025-12-22 16:39:36 [INFO] Running iteration 40/60 | FPS=40
2025-12-22 16:39:37 [INFO] Running iteration 41/60 | FPS=40
2025-12-22 16:39:38 [INFO] Running iteration 42/60 | FPS=40
2025-12-22 16:39:38 [INFO] Running iteration 43/60 | FPS=40
2025-12-22 16:39:39 [INFO] Running iteration 44/60 | FPS=40
2025-12-22 16:39:40 [INFO] Running iteration 45/60 | FPS=40
2025-12-22 16:39:40 [INFO] Running iteration 46/60 | FPS=40
2025-12-22 16:39:41 [INFO] Running iteration 47/60 | FPS=40
2025-12-22 16:39:42 [INFO] Running iteration 48/60 | FPS=40
2025-12-22 16:39:42 [INFO] Running iteration 49/60 | FPS=40
2025-12-22 16:39:43 [INFO] Running iteration 50/60 | FPS=40
2025-12-22 16:39:44 [INFO] Running iteration 51/60 | FPS=40
2025-12-22 16:39:44 [INFO] Running iteration 52/60 | FPS=40
2025-12-22 16:39:45 [INFO] Running iteration 53/60 | FPS=40
2025-12-22 16:39:45 [INFO] Running iteration 54/60 | FPS=40
2025-12-22 16:39:46 [INFO] Running iteration 55/60 | FPS=40
2025-12-22 16:39:47 [INFO] Running iteration 56/60 | FPS=40
2025-12-22 16:39:47 [INFO] Running iteration 57/60 | FPS=40
2025-12-22 16:39:48 [INFO] Running iteration 58/60 | FPS=40
2025-12-22 16:39:48 [INFO] Running iteration 59/60 | FPS=40
2025-12-22 16:39:49 [INFO] Running iteration 60/60 | FPS=40
2025-12-22 16:39:50 [INFO] === Starting FPS=60 experiment ===
2025-12-22 16:39:50 [INFO] Running iteration 1/60 | FPS=60
2025-12-22 16:39:50 [INFO] Running iteration 2/60 | FPS=60
2025-12-22 16:39:51 [INFO] Running iteration 3/60 | FPS=60
2025-12-22 16:39:51 [INFO] Running iteration 4/60 | FPS=60
2025-12-22 16:39:52 [INFO] Running iteration 5/60 | FPS=60
2025-12-22 16:39:53 [INFO] Running iteration 6/60 | FPS=60
2025-12-22 16:39:53 [INFO] Running iteration 7/60 | FPS=60
2025-12-22 16:39:54 [INFO] Running iteration 8/60 | FPS=60
2025-12-22 16:39:54 [INFO] Running iteration 9/60 | FPS=60
2025-12-22 16:39:55 [INFO] Running iteration 10/60 | FPS=60
2025-12-22 16:39:56 [INFO] Running iteration 11/60 | FPS=60
2025-12-22 16:39:56 [INFO] Running iteration 12/60 | FPS=60
2025-12-22 16:39:57 [INFO] Running iteration 13/60 | FPS=60
2025-12-22 16:39:57 [INFO] Running iteration 14/60 | FPS=60
2025-12-22 16:39:58 [INFO] Running iteration 15/60 | FPS=60
2025-12-22 16:39:58 [INFO] Running iteration 16/60 | FPS=60
2025-12-22 16:39:59 [INFO] Running iteration 17/60 | FPS=60
2025-12-22 16:40:00 [INFO] Running iteration 18/60 | FPS=60
2025-12-22 16:40:00 [INFO] Running iteration 19/60 | FPS=60
2025-12-22 16:40:01 [INFO] Running iteration 20/60 | FPS=60
2025-12-22 16:40:01 [INFO] Running iteration 21/60 | FPS=60
2025-12-22 16:40:02 [INFO] Running iteration 22/60 | FPS=60
2025-12-22 16:40:03 [INFO] Running iteration 23/60 | FPS=60
2025-12-22 16:40:03 [INFO] Running iteration 24/60 | FPS=60
2025-12-22 16:40:04 [INFO] Running iteration 25/60 | FPS=60
2025-12-22 16:40:04 [INFO] Running iteration 26/60 | FPS=60
2025-12-22 16:40:05 [INFO] Running iteration 27/60 | FPS=60
2025-12-22 16:40:05 [INFO] Running iteration 28/60 | FPS=60
2025-12-22 16:40:06 [INFO] Running iteration 29/60 | FPS=60
2025-12-22 16:40:07 [INFO] Running iteration 30/60 | FPS=60
2025-12-22 16:40:07 [INFO] Running iteration 31/60 | FPS=60
2025-12-22 16:40:08 [INFO] Running iteration 32/60 | FPS=60
2025-12-22 16:40:08 [INFO] Running iteration 33/60 | FPS=60
2025-12-22 16:40:09 [INFO] Running iteration 34/60 | FPS=60
2025-12-22 16:40:10 [INFO] Running iteration 35/60 | FPS=60
2025-12-22 16:40:10 [INFO] Running iteration 36/60 | FPS=60
2025-12-22 16:40:11 [INFO] Running iteration 37/60 | FPS=60
2025-12-22 16:40:11 [INFO] Running iteration 38/60 | FPS=60
2025-12-22 16:40:12 [INFO] Running iteration 39/60 | FPS=60
2025-12-22 16:40:13 [INFO] Running iteration 40/60 | FPS=60
2025-12-22 16:40:13 [INFO] Running iteration 41/60 | FPS=60
2025-12-22 16:40:14 [INFO] Running iteration 42/60 | FPS=60
2025-12-22 16:40:14 [INFO] Running iteration 43/60 | FPS=60
2025-12-22 16:40:15 [INFO] Running iteration 44/60 | FPS=60
2025-12-22 16:40:16 [INFO] Running iteration 45/60 | FPS=60
2025-12-22 16:40:16 [INFO] Running iteration 46/60 | FPS=60
2025-12-22 16:40:17 [INFO] Running iteration 47/60 | FPS=60
2025-12-22 16:40:17 [INFO] Running iteration 48/60 | FPS=60
2025-12-22 16:40:18 [INFO] Running iteration 49/60 | FPS=60
2025-12-22 16:40:18 [INFO] Running iteration 50/60 | FPS=60
2025-12-22 16:40:19 [INFO] Running iteration 51/60 | FPS=60
2025-12-22 16:40:20 [INFO] Running iteration 52/60 | FPS=60
2025-12-22 16:40:20 [INFO] Running iteration 53/60 | FPS=60
2025-12-22 16:40:21 [INFO] Running iteration 54/60 | FPS=60
2025-12-22 16:40:21 [INFO] Running iteration 55/60 | FPS=60
2025-12-22 16:40:22 [INFO] Running iteration 56/60 | FPS=60
2025-12-22 16:40:23 [INFO] Running iteration 57/60 | FPS=60
2025-12-22 16:40:23 [INFO] Running iteration 58/60 | FPS=60
2025-12-22 16:40:24 [INFO] Running iteration 59/60 | FPS=60
2025-12-22 16:40:24 [INFO] Running iteration 60/60 | FPS=60
2025-12-22 16:40:25 [INFO] All experiments completed.
